Archive member included because of file (symbol)

contiki-mist-cc2538dk.a(etimer.o)
                              http-example.co (etimer_expired)
contiki-mist-cc2538dk.a(http-socket.o)
                              http-example.co (http_socket_get)
contiki-mist-cc2538dk.a(ip64-addr.o)
                              contiki-mist-cc2538dk.a(http-socket.o) (ip64_addr_4to6)
contiki-mist-cc2538dk.a(mdns.o)
                              contiki-mist-cc2538dk.a(http-socket.o) (mdns_event_found)
contiki-mist-cc2538dk.a(tcp-socket.o)
                              contiki-mist-cc2538dk.a(http-socket.o) (tcp_socket_send_str)
contiki-mist-cc2538dk.a(http-strings.o)
                              contiki-mist-cc2538dk.a(http-socket.o) (http_http)
contiki-mist-cc2538dk.a(contiki-mist-cc)
                              obj_mist-cc2538dk/startup-gcc.o (main)
contiki-mist-cc2538dk.a(leds.o)
                              contiki-mist-cc2538dk.a(contiki-mist-cc) (leds_off)
contiki-mist-cc2538dk.a(leds-arch.o)
                              contiki-mist-cc2538dk.a(leds.o) (leds_arch_init)
contiki-mist-cc2538dk.a(sensors.o)
                              contiki-mist-cc2538dk.a(contiki-mist-cc) (sensors_process)
contiki-mist-cc2538dk.a(smartrf-sensors)
                              contiki-mist-cc2538dk.a(sensors.o) (sensors)
contiki-mist-cc2538dk.a(button-sensor.o)
                              contiki-mist-cc2538dk.a(contiki-mist-cc) (button_sensor_init)
contiki-mist-cc2538dk.a(clock.o)
                              contiki-mist-cc2538dk.a(contiki-mist-cc) (clock_init)
contiki-mist-cc2538dk.a(rtimer-arch.o)
                              contiki-mist-cc2538dk.a(contiki-mist-cc) (rtimer_arch_now)
contiki-mist-cc2538dk.a(uart.o)
                              contiki-mist-cc2538dk.a(contiki-mist-cc) (uart_set_input)
contiki-mist-cc2538dk.a(watchdog.o)
                              contiki-mist-cc2538dk.a(contiki-mist-cc) (watchdog_init)
contiki-mist-cc2538dk.a(nvic.o)
                              contiki-mist-cc2538dk.a(contiki-mist-cc) (nvic_init)
contiki-mist-cc2538dk.a(cpu.o)
                              contiki-mist-cc2538dk.a(contiki-mist-cc) (cpu_cpsie)
contiki-mist-cc2538dk.a(sys-ctrl.o)
                              contiki-mist-cc2538dk.a(contiki-mist-cc) (sys_ctrl_init)
contiki-mist-cc2538dk.a(gpio.o)
                              contiki-mist-cc2538dk.a(button-sensor.o) (gpio_register_callback)
contiki-mist-cc2538dk.a(ioc.o)
                              contiki-mist-cc2538dk.a(contiki-mist-cc) (ioc_init)
contiki-mist-cc2538dk.a(cc2538-rf.o)
                              contiki-mist-cc2538dk.a(contiki-mist-cc) (cc2538_rf_set_addr)
contiki-mist-cc2538dk.a(udma.o)
                              contiki-mist-cc2538dk.a(cc2538-rf.o) (udma_set_channel_src)
contiki-mist-cc2538dk.a(lpm.o)
                              contiki-mist-cc2538dk.a(contiki-mist-cc) (lpm_init)
contiki-mist-cc2538dk.a(dbg.o)
                              contiki-mist-cc2538dk.a(http-socket.o) (puts)
contiki-mist-cc2538dk.a(ieee-addr.o)
                              contiki-mist-cc2538dk.a(contiki-mist-cc) (ieee_addr_cpy_to)
contiki-mist-cc2538dk.a(dbg-printf.o)
                              http-example.co (printf)
contiki-mist-cc2538dk.a(strformat.o)
                              contiki-mist-cc2538dk.a(dbg-printf.o) (format_str_v)
contiki-mist-cc2538dk.a(rimeaddr.o)
                              contiki-mist-cc2538dk.a(contiki-mist-cc) (rimeaddr_node_addr)
contiki-mist-cc2538dk.a(csma.o)
                              contiki-mist-cc2538dk.a(contiki-mist-cc) (csma_driver)
contiki-mist-cc2538dk.a(process.o)
                              contiki-mist-cc2538dk.a(mdns.o) (process_alloc_event)
contiki-mist-cc2538dk.a(autostart.o)
                              contiki-mist-cc2538dk.a(contiki-mist-cc) (autostart_start)
contiki-mist-cc2538dk.a(serial-line.o)
                              contiki-mist-cc2538dk.a(contiki-mist-cc) (serial_line_init)
contiki-mist-cc2538dk.a(memb.o)
                              contiki-mist-cc2538dk.a(csma.o) (memb_alloc)
contiki-mist-cc2538dk.a(timer.o)
                              contiki-mist-cc2538dk.a(etimer.o) (timer_reset)
contiki-mist-cc2538dk.a(list.o)
                              contiki-mist-cc2538dk.a(http-socket.o) (list_init)
contiki-mist-cc2538dk.a(ctimer.o)
                              contiki-mist-cc2538dk.a(csma.o) (ctimer_stop)
contiki-mist-cc2538dk.a(energest.o)
                              contiki-mist-cc2538dk.a(contiki-mist-cc) (energest_init)
contiki-mist-cc2538dk.a(rtimer.o)
                              contiki-mist-cc2538dk.a(rtimer-arch.o) (rtimer_run_next)
contiki-mist-cc2538dk.a(random.o)
                              contiki-mist-cc2538dk.a(csma.o) (random_rand)
contiki-mist-cc2538dk.a(ringbuf.o)
                              contiki-mist-cc2538dk.a(serial-line.o) (ringbuf_init)
contiki-mist-cc2538dk.a(netstack.o)
[...]
Memory Configuration

Name             Origin             Length             Attributes
FLASH            0x00200000         0x0007ffd4         xr
FLASH_CCA        0x0027ffd4         0x0000000c         xr
SRAM             0x20000000         0x00008000         xrw
*default*        0x00000000         0xffffffff

Linker script and memory map

LOAD obj_mist-cc2538dk/startup-gcc.o
LOAD http-example.co
LOAD contiki-mist-cc2538dk.a
START GROUP
LOAD /home/user/CodeSourcery/Sourcery_G++_Lite/bin/../lib/gcc/arm-none-eabi/4.3.2/thumb2/libgcc.a
LOAD /home/user/CodeSourcery/Sourcery_G++_Lite/bin/../lib/gcc/arm-none-eabi/4.3.2/../../../../arm-none-eabi/lib/thumb2/libc.a
END GROUP

.text           0x00200000    0x1027b
                0x00200000                _text = .
 *(.vectors)
 .vectors       0x00200000      0x28c obj_mist-cc2538dk/startup-gcc.o
                0x00200000                vectors
 *(.text*)
 .text          0x0020028c       0x68 obj_mist-cc2538dk/startup-gcc.o
                0x00200290                reset_handler
                0x0020028c                default_handler
                0x002002e4                nmi_handler
 .text          0x002002f4       0x84 http-example.co
 .text          0x00200378      0x23c contiki-mist-cc2538dk.a(etimer.o)
                0x00200390                etimer_pending
                0x00200594                etimer_reset
                0x002005a4                etimer_set
                0x00200434                etimer_adjust
                0x00200584                etimer_restart
                0x0020038c                etimer_start_time
                0x002003a4                etimer_next_expiration_time
                0x00200444                etimer_request_poll
                0x00200384                etimer_expiration_time
                0x002003f8                etimer_stop
                0x00200378                etimer_expired
 .text          0x002005b4      0x6ac contiki-mist-cc2538dk.a(http-socket.o)
                0x00200864                http_socket_get
 .text          0x00200c60       0x98 contiki-mist-cc2538dk.a(ip64-addr.o)
                0x00200cec                ip64_addr_copy4
                0x00200c60                ip64_addr_4to6
                0x00200c94                ip64_addr_6to4
                0x00200ce0                ip64_addr_copy6
 .text          0x00200cf8      0x634 contiki-mist-cc2538dk.a(mdns.o)
                0x00201218                mdns_query
                0x00201318                mdns_init
                0x00200d0c                mdns_conf
                0x00201174                mdns_lookup
                0x00200cf8                mdns_getserver
 .text          0x0020132c      0x448 contiki-mist-cc2538dk.a(tcp-socket.o)
                0x00201698                tcp_socket_listen
                0x002016d0                tcp_socket_connect
                0x0020134c                tcp_socket_send
                0x0020133c                tcp_socket_close
                0x00201708                tcp_socket_init
                0x00201730                tcp_socket_register
                0x00201660                tcp_socket_unlisten
                0x00201648                tcp_socket_send_str
 .text          0x00201774        0x0 contiki-mist-cc2538dk.a(http-strings.o)
 .text          0x00201774      0x22c contiki-mist-cc2538dk.a(contiki-mist-cc)
                0x002017d8                main
 .text          0x002019a0      0x1f8 contiki-mist-cc2538dk.a(leds.o)
                0x00201b04                leds_toggle
                0x00201b2c                leds_on
                0x00201b0c                leds_off
                0x00201b4c                leds_get
                0x00201aec                leds_invert
                0x00201b54                leds_blink
                0x00201b80                leds_init
 .text          0x00201b98       0x30 contiki-mist-cc2538dk.a(leds-arch.o)
                0x00201b98                leds_arch_init
                0x00201bac                leds_arch_get
                0x00201bbc                leds_arch_set
 .text          0x00201bc8      0x210 contiki-mist-cc2538dk.a(sensors.o)
                0x00201d34                sensors_find
                0x00201bc8                sensors_first
                0x00201bd4                sensors_next
                0x00201d80                sensors_changed
 .text          0x00201dd8        0x0 contiki-mist-cc2538dk.a(smartrf-sensors)
 .text          0x00201dd8      0x1dc contiki-mist-cc2538dk.a(button-sensor.o)
                0x00201f28                button_sensor_init
 .text          0x00201fb4      0x1e8 contiki-mist-cc2538dk.a(clock.o)
                0x002020b4                clock_adjust
                0x00201fb4                clock_init
                0x00202054                clock_wait
                0x00202048                clock_seconds
                0x00202118                clock_isr
                0x0020208c                clock_delay
                0x00202068                clock_delay_usec
                0x0020203c                clock_set_seconds
                0x00202030                clock_time
 .text          0x0020219c      0x19c contiki-mist-cc2538dk.a(rtimer-arch.o)
                0x002021ac                rtimer_arch_now
                0x002021e8                rtimer_isr
                0x0020219c                rtimer_arch_init
                0x00202294                rtimer_arch_schedule
                0x002021a0                rtimer_arch_next_trigger
 .text          0x00202338      0x1d0 contiki-mist-cc2538dk.a(uart.o)
                0x00202338                uart_set_input
                0x00202360                uart_isr
                0x00202438                uart_init
                0x00202344                uart_write_byte
 .text          0x00202508       0x40 contiki-mist-cc2538dk.a(watchdog.o)
                0x00202528                watchdog_periodic
                0x00202518                watchdog_start
                0x0020253c                watchdog_stop
                0x00202540                watchdog_reboot
                0x00202508                watchdog_init
 .text          0x00202548       0xf0 contiki-mist-cc2538dk.a(nvic.o)
                0x00202598                nvic_interrupt_disable
                0x00202548                nvic_init
                0x0020257c                nvic_interrupt_enable
                0x002025b4                nvic_interrupt_en_restore
                0x00202600                nvic_interrupt_pend
                0x0020261c                nvic_interrupt_unpend
                0x002025d8                nvic_interrupt_en_save
 .text          0x00202638       0x10 contiki-mist-cc2538dk.a(cpu.o)
                0x00202638                cpu_cpsie
                0x00202640                cpu_cpsid
 .text          0x00202648       0x34 contiki-mist-cc2538dk.a(sys-ctrl.o)
                0x00202648                sys_ctrl_init
                0x0020266c                sys_ctrl_reset
 .text          0x0020267c      0x1f0 contiki-mist-cc2538dk.a(gpio.o)
                0x0020267c                gpio_register_callback
                0x00202808                gpio_port_a_isr
                0x00202740                gpio_port_c_isr
                0x00202690                notify
                0x002026dc                gpio_port_d_isr
                0x002027a4                gpio_port_b_isr
                0x002026c8                gpio_init
 .text          0x0020286c       0x48 contiki-mist-cc2538dk.a(ioc.o)
                0x0020288c                ioc_set_over
                0x002028a0                ioc_set_sel
                0x0020286c                ioc_init
 .text          0x002028b4      0x73c contiki-mist-cc2538dk.a(cc2538-rf.o)
                0x00202ee0                cc2538_rf_err_isr
                0x00202f94                cc2538_rf_rx_tx_isr
                0x00202aa8                cc2538_rf_channel_set
                0x002028b4                cc2538_rf_channel_get
                0x002028dc                cc2538_rf_power_set
                0x002028ec                cc2538_rf_set_addr
 .text          0x00202ff0      0x1d4 contiki-mist-cc2538dk.a(udma.o)
                0x00203018                udma_set_channel_control_word
                0x0020316c                udma_isr
                0x002030c8                udma_channel_prio_set_default
                0x0020317c                udma_err_isr
                0x00203070                udma_channel_disable
                0x002030dc                udma_channel_use_burst
                0x00203030                udma_set_channel_assignment
                0x00203134                udma_channel_sw_request
                0x00203108                udma_channel_mask_set
                0x002030b0                udma_channel_prio_set_high
                0x002030f4                udma_channel_use_single
                0x0020309c                udma_channel_use_primary
                0x00203084                udma_channel_use_alternate
                0x00203004                udma_set_channel_dst
                0x0020314c                udma_channel_get_mode
                0x0020318c                udma_init
                0x00202ff0                udma_set_channel_src
                0x00203058                udma_channel_enable
                0x00203120                udma_channel_mask_clr
 .text          0x002031c4      0x2f4 contiki-mist-cc2538dk.a(lpm.o)
                0x002031d8                lpm_init
                0x002032ac                lpm_enter
                0x002031c4                lpm_set_max_pm
                0x00203418                lpm_exit
 .text          0x002034b8       0x6c contiki-mist-cc2538dk.a(dbg.o)
                0x002034b8                putchar
                0x002034c8                puts
                0x002034f4                dbg_send_bytes
 .text          0x00203524       0x68 contiki-mist-cc2538dk.a(ieee-addr.o)
                0x00203524                ieee_addr_cpy_to
 .text          0x0020358c       0x34 contiki-mist-cc2538dk.a(dbg-printf.o)
                0x0020358c                printf
 .text          0x002035c0      0xa4c contiki-mist-cc2538dk.a(strformat.o)
                0x00203ff0                format_str
                0x00203608                format_str_v
 .text          0x0020400c       0x34 contiki-mist-cc2538dk.a(rimeaddr.o)
                0x0020402c                rimeaddr_set_node_addr
                0x00204020                rimeaddr_copy
                0x0020400c                rimeaddr_cmp
 .text          0x00204040      0x368 contiki-mist-cc2538dk.a(csma.o)
 .text          0x002043a8      0x318 contiki-mist-cc2538dk.a(process.o)
                0x002045e8                process_post
                0x002045d8                process_nevents
                0x00204640                process_start
                0x0020462c                process_post_synch
                0x00204698                process_poll
                0x002043a8                process_alloc_event
                0x002044bc                process_exit
                0x002046b4                process_is_running
                0x002044d0                process_init
                0x002044ec                process_run
 .text          0x002046c0       0x34 contiki-mist-cc2538dk.a(autostart.o)
                0x002046c0                autostart_exit
                0x002046d8                autostart_start
 .text          0x002046f4      0x15c contiki-mist-cc2538dk.a(serial-line.o)
                0x002047fc                serial_line_input_byte
                0x002047d8                serial_line_init
 .text          0x00204850       0xc0 contiki-mist-cc2538dk.a(memb.o)
                0x00204850                memb_alloc
                0x00204888                memb_free
                0x002048f0                memb_init
                0x002048d0                memb_inmemb
 .text          0x00204910       0x54 contiki-mist-cc2538dk.a(timer.o)
                0x0020492c                timer_expired
                0x0020491c                timer_remaining
                0x00204954                timer_set
                0x00204948                timer_restart
                0x00204910                timer_reset
 .text          0x00204964      0x174 contiki-mist-cc2538dk.a(list.o)
                0x00204970                list_copy
                0x002049d8                list_push
                0x00204a34                list_pop
                0x00204988                list_add
                0x00204a6c                list_length
                0x00204978                list_tail
                0x0020496c                list_head
                0x00204a84                list_insert
                0x00204a18                list_chop
                0x00204ad0                list_item_next
                0x00204964                list_init
                0x00204a40                list_remove
 .text          0x00204ad8      0x20c contiki-mist-cc2538dk.a(ctimer.o)
                0x00204c1c                ctimer_set
                0x00204bd0                ctimer_restart
                0x00204c74                ctimer_reset
                0x00204cc0                ctimer_init
                0x00204b70                ctimer_expired
                0x00204ba4                ctimer_stop
 .text          0x00204ce4       0xe0 contiki-mist-cc2538dk.a(energest.o)
                0x00204d1c                energest_type_set
                0x00204d18                energest_leveldevice_leveltime
                0x00204d2c                energest_flush
                0x00204ce4                energest_init
                0x00204d7c                energest_type_time
 .text          0x00204dc4       0x5c contiki-mist-cc2538dk.a(rtimer.o)
                0x00204dc4                rtimer_run_next
                0x00204de8                rtimer_set
                0x00204e18                rtimer_init
 .text          0x00204e20       0xd0 contiki-mist-cc2538dk.a(random.o)
                0x00204e20                random_rand
                0x00204e54                random_init
 .text          0x00204ef0       0x7c contiki-mist-cc2538dk.a(ringbuf.o)
                0x00204ef0                ringbuf_init
                0x00204f5c                ringbuf_elements
                0x00204f00                ringbuf_put
                0x00204f2c                ringbuf_get
                0x00204f54                ringbuf_size
 .text          0x00204f6c       0x34 contiki-mist-cc2538dk.a(netstack.o)
                0x00204f6c                netstack_init
 .text          0x00204fa0      0x34c contiki-mist-cc2538dk.a(packetbuf.o)
                0x002051fc                packetbuf_copyto
                0x00205058                packetbuf_is_reference
                0x002051d8                packetbuf_attr_copyto
                0x002052c4                packetbuf_copyfrom
                0x00204fe0                packetbuf_hdr_remove
                0x002050cc                packetbuf_attr
                0x00205018                packetbuf_set_datalen
                0x00205084                packetbuf_datalen
                0x002051b0                packetbuf_attr_copyfrom
                0x00205078                packetbuf_reference_ptr
                0x00204fa0                packetbuf_clear_hdr
                0x0020524c                packetbuf_copyto_hdr
                0x002050bc                packetbuf_set_attr
                0x002050a4                packetbuf_totlen
                0x00205198                packetbuf_reference
                0x00204fb0                packetbuf_hdralloc
                0x002050f0                packetbuf_set_addr
                0x00205090                packetbuf_hdrlen
                0x002050dc                packetbuf_addr
                0x00205040                packetbuf_hdrptr
                0x00204ff0                packetbuf_hdrreduce
                0x00205024                packetbuf_dataptr
                0x00205274                packetbuf_compact
                0x00205170                packetbuf_clear
                0x0020510c                packetbuf_attr_clear
 .text          0x002052ec      0x1a8 contiki-mist-cc2538dk.a(queuebuf.o)
                0x002052f4                queuebuf_addr
                0x00205310                queuebuf_dataptr
                0x002052ec                queuebuf_datalen
                0x002053a4                queuebuf_free
                0x00205470                queuebuf_init
                0x0020530c                queuebuf_debug_print
                0x00205300                queuebuf_attr
                0x00205400                queuebuf_new_from_packetbuf
                0x002053f0                queuebuf_update_attr_from_packetbuf
                0x00205340                queuebuf_to_packetbuf
 .text          0x00205494     0x1098 contiki-mist-cc2538dk.a(sicslowpan.o)
                0x00205ce0                sicslowpan_init
                0x00205494                rime_sniffer_add
                0x002054a0                rime_sniffer_remove
 .text          0x0020652c      0x690 contiki-mist-cc2538dk.a(tcpip.o)
                0x00206550                tcp_attach
                0x00206ae8                udp_broadcast_new
                0x00206560                udp_attach
                0x00206610                tcpip_uipcall
                0x0020652c                tcpip_output
                0x00206b30                tcp_listen
                0x00206710                tcpip_poll_tcp
                0x002066e4                tcpip_icmp6_call
                0x00206b8c                tcp_connect
                0x00206738                tcpip_ipv6_output
                0x00206598                tcp_unlisten
                0x00206570                icmp6_new
                0x002066b8                tcpip_input
                0x00206544                tcpip_set_outputfunc
                0x00206724                tcpip_poll_udp
                0x00206ac8                udp_new
 .text          0x00206bbc      0x498 contiki-mist-cc2538dk.a(uip-ds6-route.o)
                0x00206eb0                uip_ds6_route_add
                0x00206c7c                uip_ds6_notification_rm
                0x00206ff4                uip_ds6_route_rm_by_nexthop
                0x00206f54                uip_ds6_route_nexthop
                0x00206d28                uip_ds6_defrt_periodic
                0x00206e34                uip_ds6_route_head
                0x00206f6c                uip_ds6_route_rm
                0x00206cdc                uip_ds6_defrt_rm
                0x00206d68                uip_ds6_defrt_add
                0x00206bbc                uip_ds6_route_num_routes
                0x00206bc8                uip_ds6_defrt_lookup
                0x00206e54                uip_ds6_route_lookup
                0x00206bf8                uip_ds6_defrt_choose
                0x00206e04                uip_ds6_route_next
                0x00206ddc                uip_ds6_notification_add
                0x00207014                uip_ds6_route_init
 .text          0x00207054      0x310 contiki-mist-cc2538dk.a(uip-ds6-nbr.o)
                0x00207168                uip_ds6_nbr_get_ll
                0x00207130                uip_ds6_nbr_lookup
                0x00207058                uip_ds6_get_least_lifetime_neighbor
                0x0020717c                uip_ds6_nbr_lladdr_from_ipaddr
                0x00207198                uip_ds6_nbr_rm
                0x00207108                uip_ds6_nbr_ll_lookup
                0x002071b4                uip_ds6_neighbor_periodic
                0x0020711c                uip_ds6_nbr_ipaddr_from_lladdr
                0x002072f4                uip_ds6_nbr_add
                0x00207054                uip_ds6_nbr_get_ipaddr
                0x00207348                uip_ds6_neighbors_init
                0x002070b4                uip_ds6_nbr_num
                0x002070e0                uip_ds6_link_neighbor_callback
 .text          0x00207364      0x6e8 contiki-mist-cc2538dk.a(uip-ds6.o)
                0x0020772c                uip_ds6_maddr_add
                0x0020740c                uip_ds6_maddr_rm
                0x00207544                uip_ds6_compute_reachable_time
                0x00207634                uip_ds6_aaddr_lookup
                0x00207414                uip_ds6_aaddr_rm
                0x00207570                uip_ds6_set_addr_iid
                0x00207364                uip_ds6_prefix_rm
                0x00207940                uip_ds6_init
                0x00207500                get_match_length
                0x00207668                uip_ds6_aaddr_add
                0x002077a4                uip_ds6_addr_add
                0x0020736c                uip_ds6_get_link_local
                0x00207874                uip_ds6_prefix_add
                0x002075d4                uip_ds6_list_loop
                0x002076e4                uip_ds6_addr_rm
                0x002076b0                uip_ds6_maddr_lookup
                0x00207844                uip_ds6_prefix_lookup
                0x00207588                uip_ds6_is_addr_onlink
                0x002078dc                uip_ds6_periodic
                0x0020741c                uip_ds6_select_src
                0x00207774                uip_ds6_addr_lookup
                0x002073bc                uip_ds6_get_global
 .text          0x00207a4c      0x694 contiki-mist-cc2538dk.a(uip-nd6.o)
                0x00207cdc                uip_nd6_ns_output
                0x00207a4c                uip_nd6_na_input
                0x00207e24                uip_nd6_ns_input
 .text          0x002080e0       0x90 contiki-mist-cc2538dk.a(uip-udp-packet.)
                0x002080e0                uip_udp_packet_send
                0x0020812c                uip_udp_packet_sendto
 .text          0x00208170     0x1b28 contiki-mist-cc2538dk.a(uip6.o)
                0x002084a8                uip_unlisten
                0x00208780                remove_ext_hdr
                0x00208170                uip_add32
                0x002087e0                uip_process
                0x00208250                uip_ipchksum
                0x002086c0                uip_udp_new
                0x00208594                uip_htonl
                0x00208500                uip_listen
                0x00208388                uip_icmp6chksum
                0x00208588                uip_htons
                0x00208394                uip_tcpchksum
                0x002083ac                uip_connect
                0x002081dc                uip_chksum
                0x00209c38                uip_init
                0x002083a0                uip_udpchksum
                0x002085ac                uip_send
 .text          0x00209c98      0x1a8 contiki-mist-cc2538dk.a(uiplib.o)
                0x00209d24                uiplib_ip6addrconv
                0x00209c98                uiplib_ip4addrconv
 .text          0x00209e40      0x23c contiki-mist-cc2538dk.a(netstack-aes.o)
                0x00209e40                netstack_aes_set_active
                0x00209e50                netstack_aes_set_key
                0x00209e4c                netstack_aes_set_master_key
                0x00209e94                netstack_aes_verify
                0x00209e6c                netstack_aes_init
                0x00209fec                netstack_aes_encrypt
                0x00209f40                netstack_aes_decrypt
 .text          0x0020a07c      0x534 contiki-mist-cc2538dk.a(drowsie.o)
                0x0020a0e8                drowsie_debug_print
 .text          0x0020a5b0       0x10 contiki-mist-cc2538dk.a(mac.o)
                0x0020a5b0                mac_call_sent_callback
 .text          0x0020a5c0      0x1d0 contiki-mist-cc2538dk.a(framer-802154.o)
 .text          0x0020a790      0x24c contiki-mist-cc2538dk.a(rpl.o)
                0x0020a924                rpl_remove_routes
                0x0020a8e0                rpl_remove_routes_by_nexthop
                0x0020a7f8                rpl_ipv6_neighbor_callback
                0x0020a8b0                rpl_add_route
                0x0020a7ac                rpl_init
                0x0020a790                rpl_get_mode
                0x0020a79c                rpl_set_mode
                0x0020a958                rpl_purge_routes
                0x0020a834                rpl_link_neighbor_callback
 .text          0x0020a9dc      0xf84 contiki-mist-cc2538dk.a(rpl-dag.o)
                0x0020aeb4                rpl_remove_parent
                0x0020ab54                rpl_get_parent_link_metric
                0x0020aa30                rpl_repair_root
                0x0020ae00                rpl_nullify_parent
                0x0020aa1c                rpl_find_of
                0x0020b4b4                rpl_recalculate_ranks
                0x0020af88                rpl_free_instance
                0x0020a9e8                rpl_get_any_dag
                0x0020ad14                rpl_set_prefix
                0x0020af20                rpl_free_dag
                0x0020afe4                rpl_alloc_dag
                0x0020b948                rpl_dag_init
                0x0020b18c                rpl_set_root
                0x0020b454                rpl_process_parent_event
                0x0020aa00                rpl_get_instance
                0x0020b510                rpl_add_dag
                0x0020ab6c                rpl_get_parent_rank
                0x0020af58                rpl_add_parent
                0x0020b2f0                rpl_select_dag
                0x0020b630                rpl_process_dio
                0x0020ac28                rpl_alloc_instance
                0x0020b294                rpl_move_parent
                0x0020b27c                rpl_get_parent_ipaddr
                0x0020b058                rpl_join_instance
                0x0020ae44                rpl_local_repair
                0x0020ab38                rpl_find_parent
                0x0020abb0                rpl_select_parent
                0x0020a9dc                rpl_set_default_instance
                0x0020adb8                rpl_set_default_route
                0x0020ab18                rpl_find_parent_any_dag
 .text          0x0020b960      0x9b4 contiki-mist-cc2538dk.a(rpl-icmp6.o)
                0x0020b960                dao_ack_output
                0x0020b994                dio_output
                0x0020bc80                uip_rpl_input
                0x0020c2b0                dao_output
                0x0020c188                dis_output
                0x0020c1e8                dao_output_target
 .text          0x0020c314      0x214 contiki-mist-cc2538dk.a(rpl-timers.o)
                0x0020c3b4                rpl_reset_dio_timer
                0x0020c3d4                rpl_reset_periodic_timer
                0x0020c314                rpl_schedule_dao
 .text          0x0020c528      0x108 contiki-mist-cc2538dk.a(rpl-mrhof.o)
 .text          0x0020c630      0x33c contiki-mist-cc2538dk.a(rpl-ext-header.)
                0x0020c77c                rpl_update_header_empty
                0x0020c684                rpl_remove_header
                0x0020c630                rpl_invert_header
                0x0020c8bc                rpl_verify_header
                0x0020c6ec                rpl_update_header_final
 .text          0x0020c96c       0x6c contiki-mist-cc2538dk.a(stimer.o)
                0x0020c978                stimer_elapsed
                0x0020c988                stimer_remaining
                0x0020c9bc                stimer_restart
                0x0020c96c                stimer_reset
                0x0020c998                stimer_expired
                0x0020c9c8                stimer_set
 .text          0x0020c9d8      0x4c0 contiki-mist-cc2538dk.a(nbr-table.o)
                0x0020cb94                nbr_table_get_from_lladdr
                0x0020ca70                nbr_table_register
                0x0020ccdc                nbr_table_add_lladdr
                0x0020cacc                nbr_table_lock
                0x0020cc70                nbr_table_head
                0x0020ca98                nbr_table_remove
                0x0020cae4                nbr_table_unlock
                0x0020cbd8                nbr_table_next
                0x0020cafc                nbr_table_get_lladdr
 .text          0x0020ce98      0x464 contiki-mist-cc2538dk.a(uip-icmp6.o)
                0x0020ced4                uip_icmp6_echo_reply_input
                0x0020ce98                uip_icmp6_echo_reply_callback_rm
                0x0020d0d8                uip_icmp6_send
                0x0020d160                uip_icmp6_error_output
                0x0020cfcc                uip_icmp6_echo_request_input
                0x0020ceac                uip_icmp6_echo_reply_callback_add
 .text          0x0020d2fc      0x658 contiki-mist-cc2538dk.a(aes-ccm.o)
                0x0020d6b0                aes_ccm_encrypt
                0x0020d5f0                aes_ccm_decrypt
                0x0020d748                aes_ccm_verify
 .text          0x0020d954      0x338 contiki-mist-cc2538dk.a(frame802154.o)
                0x0020db34                frame802154_create
                0x0020d954                frame802154_parse
                0x0020dc5c                frame802154_hdrlen
 .text          0x0020dc8c      0xf94 contiki-mist-cc2538dk.a(aes.o)
                0x0020e364                aes_decrypt
                0x0020dd70                aes_encrypt
 .text          0x0020ec20       0x2c /home/user/CodeSourcery/Sourcery_G++_Lite/bin/../lib/gcc/arm-none-eabi/4.3.2/thumb2/libgcc.a(_aeabi_uldivmod.o)
                0x0020ec20                __aeabi_uldivmod
 .text          0x0020ec4c       0x60 /home/user/CodeSourcery/Sourcery_G++_Lite/bin/../lib/gcc/arm-none-eabi/4.3.2/thumb2/libgcc.a(bpabi.o)
                0x0020ec4c                __gnu_uldivmod_helper
                0x0020ec7c                __gnu_ldivmod_helper
 .text          0x0020ecac        0x4 /home/user/CodeSourcery/Sourcery_G++_Lite/bin/../lib/gcc/arm-none-eabi/4.3.2/thumb2/libgcc.a(_dvmd_tls.o)
                0x0020ecac                __aeabi_ldiv0
                0x0020ecac                __aeabi_idiv0
 .text          0x0020ecb0      0x424 /home/user/CodeSourcery/Sourcery_G++_Lite/bin/../lib/gcc/arm-none-eabi/4.3.2/thumb2/libgcc.a(_divdi3.o)
                0x0020ecb0                __divdi3
 .text          0x0020f0d4      0x3e4 /home/user/CodeSourcery/Sourcery_G++_Lite/bin/../lib/gcc/arm-none-eabi/4.3.2/thumb2/libgcc.a(_udivdi3.o)
                0x0020f0d4                __udivdi3
 .text          0x0020f4b8       0x8c /home/user/CodeSourcery/Sourcery_G++_Lite/bin/../lib/gcc/arm-none-eabi/4.3.2/thumb2/libgcc.a(_udivsi3.o)
                0x0020f4b8                __udivsi3
                0x0020f4b8                __aeabi_uidiv
                0x0020f530                __aeabi_uidivmod
 .text          0x0020f544        0x0 /home/user/CodeSourcery/Sourcery_G++_Lite/bin/../lib/gcc/arm-none-eabi/4.3.2/thumb2/libgcc.a(_clz.o)
 .text          0x0020f544       0x60 /home/user/CodeSourcery/Sourcery_G++_Lite/bin/../lib/gcc/arm-none-eabi/4.3.2/../../../../arm-none-eabi/lib/thumb2/libc.a(lib_a-memcmp.o)
                0x0020f544                memcmp
 .text          0x0020f5a4       0x98 /home/user/CodeSourcery/Sourcery_G++_Lite/bin/../lib/gcc/arm-none-eabi/4.3.2/../../../../arm-none-eabi/lib/thumb2/libc.a(lib_a-memcpy.o)
                0x0020f5a4                memcpy
 .text          0x0020f63c       0xc0 /home/user/CodeSourcery/Sourcery_G++_Lite/bin/../lib/gcc/arm-none-eabi/4.3.2/../../../../arm-none-eabi/lib/thumb2/libc.a(lib_a-memmove.o)
                0x0020f63c                memmove
 .text          0x0020f6fc       0x88 /home/user/CodeSourcery/Sourcery_G++_Lite/bin/../lib/gcc/arm-none-eabi/4.3.2/../../../../arm-none-eabi/lib/thumb2/libc.a(lib_a-memset.o)
                0x0020f6fc                memset
 .text          0x0020f784       0x50 /home/user/CodeSourcery/Sourcery_G++_Lite/bin/../lib/gcc/arm-none-eabi/4.3.2/../../../../arm-none-eabi/lib/thumb2/libc.a(lib_a-strcmp.o)
                0x0020f784                strcmp
 .text          0x0020f7d4       0x34 /home/user/CodeSourcery/Sourcery_G++_Lite/bin/../lib/gcc/arm-none-eabi/4.3.2/../../../../arm-none-eabi/lib/thumb2/libc.a(lib_a-strlen.o)
                0x0020f7d4                strlen
 .text          0x0020f808       0x88 /home/user/CodeSourcery/Sourcery_G++_Lite/bin/../lib/gcc/arm-none-eabi/4.3.2/../../../../arm-none-eabi/lib/thumb2/libc.a(lib_a-strncmp.o)
                0x0020f808                strncmp
 .text          0x0020f890       0x84 /home/user/CodeSourcery/Sourcery_G++_Lite/bin/../lib/gcc/arm-none-eabi/4.3.2/../../../../arm-none-eabi/lib/thumb2/libc.a(lib_a-strncpy.o)
                0x0020f890                strncpy
 *(.rodata*)
 .rodata        0x0020f914        0x8 http-example.co
                0x0020f914                autostart_processes
 .rodata.str1.4
                0x0020f91c       0x51 http-example.co
                                 0x54 (size before relaxing)
 *fill*         0x0020f96d        0x3 00000000
 .rodata.str1.4
                0x0020f970        0xc contiki-mist-cc2538dk.a(etimer.o)
 .rodata.str1.4
                0x0020f97c       0xf8 contiki-mist-cc2538dk.a(http-socket.o)
 .rodata.str1.4
                0x0020fa74        0xb contiki-mist-cc2538dk.a(mdns.o)
                                  0xc (size before relaxing)
 *fill*         0x0020fa7f        0x1 00000000
 .rodata.str1.4
                0x0020fa80       0x9b contiki-mist-cc2538dk.a(tcp-socket.o)
                                 0x9c (size before relaxing)
 .rodata        0x0020fb1b      0x105 contiki-mist-cc2538dk.a(http-strings.o)
                0x0020fb1b                http_http
                0x0020fb3d                http_10
                0x0020fb2e                http_301
                0x0020fb5e                http_texthtml
                0x0020fb73                http_host
                0x0020fb7a                http_crnl
                0x0020fb38                http_get
                0x0020fb68                http_location
                0x0020fb46                http_11
                0x0020fb33                http_302
                0x0020fb4f                http_content_type
                0x0020fb29                http_200
                0x0020fb7d                http_request_fields
                0x0020fb23                http_ws
 .rodata.str1.4
                0x0020fc20       0x8d contiki-mist-cc2538dk.a(contiki-mist-cc)
                                 0x90 (size before relaxing)
 *fill*         0x0020fcad        0x3 00000000
 .rodata.str1.4
                0x0020fcb0        0x8 contiki-mist-cc2538dk.a(sensors.o)
 .rodata        0x0020fcb8       0x50 contiki-mist-cc2538dk.a(button-sensor.o)
                0x0020fcd8                button_right_sensor
                0x0020fcc8                button_left_sensor
                0x0020fce8                button_up_sensor
                0x0020fcb8                button_select_sensor
                0x0020fcf8                button_down_sensor
 .rodata.str1.4
                0x0020fd08        0x7 contiki-mist-cc2538dk.a(button-sensor.o)
                                  0x8 (size before relaxing)
 *fill*         0x0020fd0f        0x1 00000000
 .rodata        0x0020fd10       0x2c contiki-mist-cc2538dk.a(cc2538-rf.o)
                0x0020fd10                cc2538_rf_driver
 .rodata.str1.4
                0x0020fd3c       0x11 contiki-mist-cc2538dk.a(cc2538-rf.o)
                                 0x14 (size before relaxing)
 *fill*         0x0020fd4d        0x3 00000000
 .rodata        0x0020fd50       0x20 contiki-mist-cc2538dk.a(strformat.o)
 .rodata.str1.4
                0x0020fd70       0x43 contiki-mist-cc2538dk.a(strformat.o)
                                 0x48 (size before relaxing)
 .rodata        0x0020fdb3        0x8 contiki-mist-cc2538dk.a(rimeaddr.o)
                0x0020fdb3                rimeaddr_null
 *fill*         0x0020fdbb        0x1 00000000
 .rodata        0x0020fdbc       0x1c contiki-mist-cc2538dk.a(csma.o)
                0x0020fdbc                csma_driver
 .rodata.str1.4
                0x0020fdd8        0x5 contiki-mist-cc2538dk.a(csma.o)
                                  0x8 (size before relaxing)
 *fill*         0x0020fddd        0x3 00000000
 .rodata.str1.4
                0x0020fde0        0xe contiki-mist-cc2538dk.a(serial-line.o)
                                 0x10 (size before relaxing)
 *fill*         0x0020fdee        0x2 00000000
 .rodata.str1.4
                0x0020fdf0        0xf contiki-mist-cc2538dk.a(ctimer.o)
                                 0x10 (size before relaxing)
 *fill*         0x0020fdff        0x1 00000000
 .rodata        0x0020fe00        0x4 contiki-mist-cc2538dk.a(packetbuf.o)
 .rodata        0x0020fe04       0x20 contiki-mist-cc2538dk.a(sicslowpan.o)
                0x0020fe0c                unc_llconf
                0x0020fe08                unc_ctxconf
                0x0020fe10                llprefix
                0x0020fe14                unc_mxconf
                0x0020fe18                sicslowpan_driver
 .rodata.str1.4
                0x0020fe24       0x2b contiki-mist-cc2538dk.a(sicslowpan.o)
                                 0x2c (size before relaxing)
 *fill*         0x0020fe4f        0x1 00000000
 .rodata.str1.4
                0x0020fe50        0xd contiki-mist-cc2538dk.a(tcpip.o)
                                 0x10 (size before relaxing)
 *fill*         0x0020fe5d        0x3 00000000
 .rodata.str1.4
                0x0020fe60       0xb9 contiki-mist-cc2538dk.a(netstack-aes.o)
                                 0xbc (size before relaxing)
 *fill*         0x0020ff19        0x3 00000000
 .rodata        0x0020ff1c       0x20 contiki-mist-cc2538dk.a(drowsie.o)
                0x0020ff1c                drowsie_driver
 .rodata.str1.4
                0x0020ff3c       0x2c contiki-mist-cc2538dk.a(drowsie.o)
 .rodata        0x0020ff68        0x8 contiki-mist-cc2538dk.a(framer-802154.o)
                0x0020ff68                framer_802154
 .rodata        0x0020ff70      0x20b contiki-mist-cc2538dk.a(aes.o)
 .rodata        0x0021017b      0x100 /home/user/CodeSourcery/Sourcery_G++_Lite/bin/../lib/gcc/arm-none-eabi/4.3.2/thumb2/libgcc.a(_clz.o)
                0x0021017b                __clz_tab
                0x0021027b                _etext = .

.glue_7         0x0021027c        0x0 load address 0x0021027b
 .glue_7        0x0021027c        0x0 obj_mist-cc2538dk/startup-gcc.o
 .glue_7        0x0021027c        0x0 http-example.co
 .glue_7        0x0021027c        0x0 contiki-mist-cc2538dk.a(etimer.o)
 .glue_7        0x0021027c        0x0 contiki-mist-cc2538dk.a(http-socket.o)
 .glue_7        0x0021027c        0x0 contiki-mist-cc2538dk.a(ip64-addr.o)
 .glue_7        0x0021027c        0x0 contiki-mist-cc2538dk.a(mdns.o)
 .glue_7        0x0021027c        0x0 contiki-mist-cc2538dk.a(tcp-socket.o)
 .glue_7        0x0021027c        0x0 contiki-mist-cc2538dk.a(http-strings.o)
 .glue_7        0x0021027c        0x0 contiki-mist-cc2538dk.a(contiki-mist-cc)
 .glue_7        0x0021027c        0x0 contiki-mist-cc2538dk.a(leds.o)
 .glue_7        0x0021027c        0x0 contiki-mist-cc2538dk.a(leds-arch.o)
 .glue_7        0x0021027c        0x0 contiki-mist-cc2538dk.a(sensors.o)
 .glue_7        0x0021027c        0x0 contiki-mist-cc2538dk.a(smartrf-sensors)
 .glue_7        0x0021027c        0x0 contiki-mist-cc2538dk.a(button-sensor.o)
 .glue_7        0x0021027c        0x0 contiki-mist-cc2538dk.a(clock.o)
 .glue_7        0x0021027c        0x0 contiki-mist-cc2538dk.a(rtimer-arch.o)
 .glue_7        0x0021027c        0x0 contiki-mist-cc2538dk.a(uart.o)
 .glue_7        0x0021027c        0x0 contiki-mist-cc2538dk.a(watchdog.o)
 .glue_7        0x0021027c        0x0 contiki-mist-cc2538dk.a(nvic.o)
 .glue_7        0x0021027c        0x0 contiki-mist-cc2538dk.a(cpu.o)
 .glue_7        0x0021027c        0x0 contiki-mist-cc2538dk.a(sys-ctrl.o)
 .glue_7        0x0021027c        0x0 contiki-mist-cc2538dk.a(gpio.o)
 .glue_7        0x0021027c        0x0 contiki-mist-cc2538dk.a(ioc.o)
 .glue_7        0x0021027c        0x0 contiki-mist-cc2538dk.a(cc2538-rf.o)
 .glue_7        0x0021027c        0x0 contiki-mist-cc2538dk.a(udma.o)
 .glue_7        0x0021027c        0x0 contiki-mist-cc2538dk.a(lpm.o)
 .glue_7        0x0021027c        0x0 contiki-mist-cc2538dk.a(dbg.o)
 .glue_7        0x0021027c        0x0 contiki-mist-cc2538dk.a(ieee-addr.o)
 .glue_7        0x0021027c        0x0 contiki-mist-cc2538dk.a(dbg-printf.o)
 .glue_7        0x0021027c        0x0 contiki-mist-cc2538dk.a(strformat.o)
 .glue_7        0x0021027c        0x0 contiki-mist-cc2538dk.a(rimeaddr.o)
 .glue_7        0x0021027c        0x0 contiki-mist-cc2538dk.a(csma.o)
 .glue_7        0x0021027c        0x0 contiki-mist-cc2538dk.a(process.o)
 .glue_7        0x0021027c        0x0 contiki-mist-cc2538dk.a(autostart.o)
 .glue_7        0x0021027c        0x0 contiki-mist-cc2538dk.a(serial-line.o)
 .glue_7        0x0021027c        0x0 contiki-mist-cc2538dk.a(memb.o)
 .glue_7        0x0021027c        0x0 contiki-mist-cc2538dk.a(timer.o)
 .glue_7        0x0021027c        0x0 contiki-mist-cc2538dk.a(list.o)
 .glue_7        0x0021027c        0x0 contiki-mist-cc2538dk.a(ctimer.o)
 .glue_7        0x0021027c        0x0 contiki-mist-cc2538dk.a(energest.o)
 .glue_7        0x0021027c        0x0 contiki-mist-cc2538dk.a(rtimer.o)
 .glue_7        0x0021027c        0x0 contiki-mist-cc2538dk.a(random.o)
 .glue_7        0x0021027c        0x0 contiki-mist-cc2538dk.a(ringbuf.o)
 .glue_7        0x0021027c        0x0 contiki-mist-cc2538dk.a(netstack.o)
 .glue_7        0x0021027c        0x0 contiki-mist-cc2538dk.a(packetbuf.o)
 .glue_7        0x0021027c        0x0 contiki-mist-cc2538dk.a(queuebuf.o)
 .glue_7        0x0021027c        0x0 contiki-mist-cc2538dk.a(sicslowpan.o)
 .glue_7        0x0021027c        0x0 contiki-mist-cc2538dk.a(tcpip.o)
 .glue_7        0x0021027c        0x0 contiki-mist-cc2538dk.a(uip-ds6-route.o)
 .glue_7        0x0021027c        0x0 contiki-mist-cc2538dk.a(uip-ds6-nbr.o)
 .glue_7        0x0021027c        0x0 contiki-mist-cc2538dk.a(uip-ds6.o)
 .glue_7        0x0021027c        0x0 contiki-mist-cc2538dk.a(uip-nd6.o)
 .glue_7        0x0021027c        0x0 contiki-mist-cc2538dk.a(uip-udp-packet.)
 .glue_7        0x0021027c        0x0 contiki-mist-cc2538dk.a(uip6.o)
 .glue_7        0x0021027c        0x0 contiki-mist-cc2538dk.a(uiplib.o)
 .glue_7        0x0021027c        0x0 contiki-mist-cc2538dk.a(netstack-aes.o)
 .glue_7        0x0021027c        0x0 contiki-mist-cc2538dk.a(drowsie.o)
 .glue_7        0x0021027c        0x0 contiki-mist-cc2538dk.a(mac.o)
 .glue_7        0x0021027c        0x0 contiki-mist-cc2538dk.a(framer-802154.o)
 .glue_7        0x0021027c        0x0 contiki-mist-cc2538dk.a(rpl.o)
 .glue_7        0x0021027c        0x0 contiki-mist-cc2538dk.a(rpl-dag.o)
 .glue_7        0x0021027c        0x0 contiki-mist-cc2538dk.a(rpl-icmp6.o)
 .glue_7        0x0021027c        0x0 contiki-mist-cc2538dk.a(rpl-timers.o)
 .glue_7        0x0021027c        0x0 contiki-mist-cc2538dk.a(rpl-mrhof.o)
 .glue_7        0x0021027c        0x0 contiki-mist-cc2538dk.a(rpl-ext-header.)
 .glue_7        0x0021027c        0x0 contiki-mist-cc2538dk.a(stimer.o)
 .glue_7        0x0021027c        0x0 contiki-mist-cc2538dk.a(nbr-table.o)
 .glue_7        0x0021027c        0x0 contiki-mist-cc2538dk.a(uip-icmp6.o)
 .glue_7        0x0021027c        0x0 contiki-mist-cc2538dk.a(aes-ccm.o)
 .glue_7        0x0021027c        0x0 contiki-mist-cc2538dk.a(frame802154.o)
 .glue_7        0x0021027c        0x0 contiki-mist-cc2538dk.a(aes.o)
 .glue_7        0x0021027c        0x0 /home/user/CodeSourcery/Sourcery_G++_Lite/bin/../lib/gcc/arm-none-eabi/4.3.2/thumb2/libgcc.a(_aeabi_uldivmod.o)
 .glue_7        0x0021027c        0x0 /home/user/CodeSourcery/Sourcery_G++_Lite/bin/../lib/gcc/arm-none-eabi/4.3.2/thumb2/libgcc.a(bpabi.o)
 .glue_7        0x0021027c        0x0 /home/user/CodeSourcery/Sourcery_G++_Lite/bin/../lib/gcc/arm-none-eabi/4.3.2/thumb2/libgcc.a(_dvmd_tls.o)
 .glue_7        0x0021027c        0x0 /home/user/CodeSourcery/Sourcery_G++_Lite/bin/../lib/gcc/arm-none-eabi/4.3.2/thumb2/libgcc.a(_divdi3.o)
 .glue_7        0x0021027c        0x0 /home/user/CodeSourcery/Sourcery_G++_Lite/bin/../lib/gcc/arm-none-eabi/4.3.2/thumb2/libgcc.a(_udivdi3.o)
 .glue_7        0x0021027c        0x0 /home/user/CodeSourcery/Sourcery_G++_Lite/bin/../lib/gcc/arm-none-eabi/4.3.2/thumb2/libgcc.a(_udivsi3.o)
 .glue_7        0x0021027c        0x0 /home/user/CodeSourcery/Sourcery_G++_Lite/bin/../lib/gcc/arm-none-eabi/4.3.2/thumb2/libgcc.a(_clz.o)
 .glue_7        0x0021027c        0x0 /home/user/CodeSourcery/Sourcery_G++_Lite/bin/../lib/gcc/arm-none-eabi/4.3.2/../../../../arm-none-eabi/lib/thumb2/libc.a(lib_a-memcmp.o)
 .glue_7        0x0021027c        0x0 /home/user/CodeSourcery/Sourcery_G++_Lite/bin/../lib/gcc/arm-none-eabi/4.3.2/../../../../arm-none-eabi/lib/thumb2/libc.a(lib_a-memcpy.o)
 .glue_7        0x0021027c        0x0 /home/user/CodeSourcery/Sourcery_G++_Lite/bin/../lib/gcc/arm-none-eabi/4.3.2/../../../../arm-none-eabi/lib/thumb2/libc.a(lib_a-memmove.o)
 .glue_7        0x0021027c        0x0 /home/user/CodeSourcery/Sourcery_G++_Lite/bin/../lib/gcc/arm-none-eabi/4.3.2/../../../../arm-none-eabi/lib/thumb2/libc.a(lib_a-memset.o)
 .glue_7        0x0021027c        0x0 /home/user/CodeSourcery/Sourcery_G++_Lite/bin/../lib/gcc/arm-none-eabi/4.3.2/../../../../arm-none-eabi/lib/thumb2/libc.a(lib_a-strcmp.o)
 .glue_7        0x0021027c        0x0 /home/user/CodeSourcery/Sourcery_G++_Lite/bin/../lib/gcc/arm-none-eabi/4.3.2/../../../../arm-none-eabi/lib/thumb2/libc.a(lib_a-strlen.o)
 .glue_7        0x0021027c        0x0 /home/user/CodeSourcery/Sourcery_G++_Lite/bin/../lib/gcc/arm-none-eabi/4.3.2/../../../../arm-none-eabi/lib/thumb2/libc.a(lib_a-strncmp.o)
 .glue_7        0x0021027c        0x0 /home/user/CodeSourcery/Sourcery_G++_Lite/bin/../lib/gcc/arm-none-eabi/4.3.2/../../../../arm-none-eabi/lib/thumb2/libc.a(lib_a-strncpy.o)

.glue_7t        0x0021027c        0x0 load address 0x0021027b
 .glue_7t       0x0021027c        0x0 obj_mist-cc2538dk/startup-gcc.o
 .glue_7t       0x0021027c        0x0 http-example.co
 .glue_7t       0x0021027c        0x0 contiki-mist-cc2538dk.a(etimer.o)
 .glue_7t       0x0021027c        0x0 contiki-mist-cc2538dk.a(http-socket.o)
 .glue_7t       0x0021027c        0x0 contiki-mist-cc2538dk.a(ip64-addr.o)
 .glue_7t       0x0021027c        0x0 contiki-mist-cc2538dk.a(mdns.o)
 .glue_7t       0x0021027c        0x0 contiki-mist-cc2538dk.a(tcp-socket.o)
 .glue_7t       0x0021027c        0x0 contiki-mist-cc2538dk.a(http-strings.o)
 .glue_7t       0x0021027c        0x0 contiki-mist-cc2538dk.a(contiki-mist-cc)
 .glue_7t       0x0021027c        0x0 contiki-mist-cc2538dk.a(leds.o)
 .glue_7t       0x0021027c        0x0 contiki-mist-cc2538dk.a(leds-arch.o)
 .glue_7t       0x0021027c        0x0 contiki-mist-cc2538dk.a(sensors.o)
 .glue_7t       0x0021027c        0x0 contiki-mist-cc2538dk.a(smartrf-sensors)
 .glue_7t       0x0021027c        0x0 contiki-mist-cc2538dk.a(button-sensor.o)
 .glue_7t       0x0021027c        0x0 contiki-mist-cc2538dk.a(clock.o)
 .glue_7t       0x0021027c        0x0 contiki-mist-cc2538dk.a(rtimer-arch.o)
 .glue_7t       0x0021027c        0x0 contiki-mist-cc2538dk.a(uart.o)
 .glue_7t       0x0021027c        0x0 contiki-mist-cc2538dk.a(watchdog.o)
 .glue_7t       0x0021027c        0x0 contiki-mist-cc2538dk.a(nvic.o)
 .glue_7t       0x0021027c        0x0 contiki-mist-cc2538dk.a(cpu.o)
 .glue_7t       0x0021027c        0x0 contiki-mist-cc2538dk.a(sys-ctrl.o)
 .glue_7t       0x0021027c        0x0 contiki-mist-cc2538dk.a(gpio.o)
 .glue_7t       0x0021027c        0x0 contiki-mist-cc2538dk.a(ioc.o)
 .glue_7t       0x0021027c        0x0 contiki-mist-cc2538dk.a(cc2538-rf.o)
 .glue_7t       0x0021027c        0x0 contiki-mist-cc2538dk.a(udma.o)
 .glue_7t       0x0021027c        0x0 contiki-mist-cc2538dk.a(lpm.o)
 .glue_7t       0x0021027c        0x0 contiki-mist-cc2538dk.a(dbg.o)
 .glue_7t       0x0021027c        0x0 contiki-mist-cc2538dk.a(ieee-addr.o)
 .glue_7t       0x0021027c        0x0 contiki-mist-cc2538dk.a(dbg-printf.o)
 .glue_7t       0x0021027c        0x0 contiki-mist-cc2538dk.a(strformat.o)
 .glue_7t       0x0021027c        0x0 contiki-mist-cc2538dk.a(rimeaddr.o)
 .glue_7t       0x0021027c        0x0 contiki-mist-cc2538dk.a(csma.o)
 .glue_7t       0x0021027c        0x0 contiki-mist-cc2538dk.a(process.o)
 .glue_7t       0x0021027c        0x0 contiki-mist-cc2538dk.a(autostart.o)
 .glue_7t       0x0021027c        0x0 contiki-mist-cc2538dk.a(serial-line.o)
 .glue_7t       0x0021027c        0x0 contiki-mist-cc2538dk.a(memb.o)
 .glue_7t       0x0021027c        0x0 contiki-mist-cc2538dk.a(timer.o)
 .glue_7t       0x0021027c        0x0 contiki-mist-cc2538dk.a(list.o)
 .glue_7t       0x0021027c        0x0 contiki-mist-cc2538dk.a(ctimer.o)
 .glue_7t       0x0021027c        0x0 contiki-mist-cc2538dk.a(energest.o)
 .glue_7t       0x0021027c        0x0 contiki-mist-cc2538dk.a(rtimer.o)
 .glue_7t       0x0021027c        0x0 contiki-mist-cc2538dk.a(random.o)
 .glue_7t       0x0021027c        0x0 contiki-mist-cc2538dk.a(ringbuf.o)
 .glue_7t       0x0021027c        0x0 contiki-mist-cc2538dk.a(netstack.o)
 .glue_7t       0x0021027c        0x0 contiki-mist-cc2538dk.a(packetbuf.o)
 .glue_7t       0x0021027c        0x0 contiki-mist-cc2538dk.a(queuebuf.o)
 .glue_7t       0x0021027c        0x0 contiki-mist-cc2538dk.a(sicslowpan.o)
 .glue_7t       0x0021027c        0x0 contiki-mist-cc2538dk.a(tcpip.o)
 .glue_7t       0x0021027c        0x0 contiki-mist-cc2538dk.a(uip-ds6-route.o)
 .glue_7t       0x0021027c        0x0 contiki-mist-cc2538dk.a(uip-ds6-nbr.o)
 .glue_7t       0x0021027c        0x0 contiki-mist-cc2538dk.a(uip-ds6.o)
 .glue_7t       0x0021027c        0x0 contiki-mist-cc2538dk.a(uip-nd6.o)
 .glue_7t       0x0021027c        0x0 contiki-mist-cc2538dk.a(uip-udp-packet.)
 .glue_7t       0x0021027c        0x0 contiki-mist-cc2538dk.a(uip6.o)
 .glue_7t       0x0021027c        0x0 contiki-mist-cc2538dk.a(uiplib.o)
 .glue_7t       0x0021027c        0x0 contiki-mist-cc2538dk.a(netstack-aes.o)
 .glue_7t       0x0021027c        0x0 contiki-mist-cc2538dk.a(drowsie.o)
 .glue_7t       0x0021027c        0x0 contiki-mist-cc2538dk.a(mac.o)
 .glue_7t       0x0021027c        0x0 contiki-mist-cc2538dk.a(framer-802154.o)
 .glue_7t       0x0021027c        0x0 contiki-mist-cc2538dk.a(rpl.o)
 .glue_7t       0x0021027c        0x0 contiki-mist-cc2538dk.a(rpl-dag.o)
 .glue_7t       0x0021027c        0x0 contiki-mist-cc2538dk.a(rpl-icmp6.o)
 .glue_7t       0x0021027c        0x0 contiki-mist-cc2538dk.a(rpl-timers.o)
 .glue_7t       0x0021027c        0x0 contiki-mist-cc2538dk.a(rpl-mrhof.o)
 .glue_7t       0x0021027c        0x0 contiki-mist-cc2538dk.a(rpl-ext-header.)
 .glue_7t       0x0021027c        0x0 contiki-mist-cc2538dk.a(stimer.o)
 .glue_7t       0x0021027c        0x0 contiki-mist-cc2538dk.a(nbr-table.o)
 .glue_7t       0x0021027c        0x0 contiki-mist-cc2538dk.a(uip-icmp6.o)
 .glue_7t       0x0021027c        0x0 contiki-mist-cc2538dk.a(aes-ccm.o)
 .glue_7t       0x0021027c        0x0 contiki-mist-cc2538dk.a(frame802154.o)
 .glue_7t       0x0021027c        0x0 contiki-mist-cc2538dk.a(aes.o)
 .glue_7t       0x0021027c        0x0 /home/user/CodeSourcery/Sourcery_G++_Lite/bin/../lib/gcc/arm-none-eabi/4.3.2/thumb2/libgcc.a(_aeabi_uldivmod.o)
 .glue_7t       0x0021027c        0x0 /home/user/CodeSourcery/Sourcery_G++_Lite/bin/../lib/gcc/arm-none-eabi/4.3.2/thumb2/libgcc.a(bpabi.o)
 .glue_7t       0x0021027c        0x0 /home/user/CodeSourcery/Sourcery_G++_Lite/bin/../lib/gcc/arm-none-eabi/4.3.2/thumb2/libgcc.a(_dvmd_tls.o)
 .glue_7t       0x0021027c        0x0 /home/user/CodeSourcery/Sourcery_G++_Lite/bin/../lib/gcc/arm-none-eabi/4.3.2/thumb2/libgcc.a(_divdi3.o)
 .glue_7t       0x0021027c        0x0 /home/user/CodeSourcery/Sourcery_G++_Lite/bin/../lib/gcc/arm-none-eabi/4.3.2/thumb2/libgcc.a(_udivdi3.o)
 .glue_7t       0x0021027c        0x0 /home/user/CodeSourcery/Sourcery_G++_Lite/bin/../lib/gcc/arm-none-eabi/4.3.2/thumb2/libgcc.a(_udivsi3.o)
 .glue_7t       0x0021027c        0x0 /home/user/CodeSourcery/Sourcery_G++_Lite/bin/../lib/gcc/arm-none-eabi/4.3.2/thumb2/libgcc.a(_clz.o)
 .glue_7t       0x0021027c        0x0 /home/user/CodeSourcery/Sourcery_G++_Lite/bin/../lib/gcc/arm-none-eabi/4.3.2/../../../../arm-none-eabi/lib/thumb2/libc.a(lib_a-memcmp.o)
 .glue_7t       0x0021027c        0x0 /home/user/CodeSourcery/Sourcery_G++_Lite/bin/../lib/gcc/arm-none-eabi/4.3.2/../../../../arm-none-eabi/lib/thumb2/libc.a(lib_a-memcpy.o)
 .glue_7t       0x0021027c        0x0 /home/user/CodeSourcery/Sourcery_G++_Lite/bin/../lib/gcc/arm-none-eabi/4.3.2/../../../../arm-none-eabi/lib/thumb2/libc.a(lib_a-memmove.o)
 .glue_7t       0x0021027c        0x0 /home/user/CodeSourcery/Sourcery_G++_Lite/bin/../lib/gcc/arm-none-eabi/4.3.2/../../../../arm-none-eabi/lib/thumb2/libc.a(lib_a-memset.o)
 .glue_7t       0x0021027c        0x0 /home/user/CodeSourcery/Sourcery_G++_Lite/bin/../lib/gcc/arm-none-eabi/4.3.2/../../../../arm-none-eabi/lib/thumb2/libc.a(lib_a-strcmp.o)
 .glue_7t       0x0021027c        0x0 /home/user/CodeSourcery/Sourcery_G++_Lite/bin/../lib/gcc/arm-none-eabi/4.3.2/../../../../arm-none-eabi/lib/thumb2/libc.a(lib_a-strlen.o)
 .glue_7t       0x0021027c        0x0 /home/user/CodeSourcery/Sourcery_G++_Lite/bin/../lib/gcc/arm-none-eabi/4.3.2/../../../../arm-none-eabi/lib/thumb2/libc.a(lib_a-strncmp.o)
 .glue_7t       0x0021027c        0x0 /home/user/CodeSourcery/Sourcery_G++_Lite/bin/../lib/gcc/arm-none-eabi/4.3.2/../../../../arm-none-eabi/lib/thumb2/libc.a(lib_a-strncpy.o)

.vfp11_veneer   0x0021027c        0x0 load address 0x0021027b
 .vfp11_veneer  0x0021027c        0x0 obj_mist-cc2538dk/startup-gcc.o
 .vfp11_veneer  0x0021027c        0x0 http-example.co
 .vfp11_veneer  0x0021027c        0x0 contiki-mist-cc2538dk.a(etimer.o)
 .vfp11_veneer  0x0021027c        0x0 contiki-mist-cc2538dk.a(http-socket.o)
 .vfp11_veneer  0x0021027c        0x0 contiki-mist-cc2538dk.a(ip64-addr.o)
 .vfp11_veneer  0x0021027c        0x0 contiki-mist-cc2538dk.a(mdns.o)
 .vfp11_veneer  0x0021027c        0x0 contiki-mist-cc2538dk.a(tcp-socket.o)
 .vfp11_veneer  0x0021027c        0x0 contiki-mist-cc2538dk.a(http-strings.o)
 .vfp11_veneer  0x0021027c        0x0 contiki-mist-cc2538dk.a(contiki-mist-cc)
 .vfp11_veneer  0x0021027c        0x0 contiki-mist-cc2538dk.a(leds.o)
 .vfp11_veneer  0x0021027c        0x0 contiki-mist-cc2538dk.a(leds-arch.o)
 .vfp11_veneer  0x0021027c        0x0 contiki-mist-cc2538dk.a(sensors.o)
 .vfp11_veneer  0x0021027c        0x0 contiki-mist-cc2538dk.a(smartrf-sensors)
 .vfp11_veneer  0x0021027c        0x0 contiki-mist-cc2538dk.a(button-sensor.o)
 .vfp11_veneer  0x0021027c        0x0 contiki-mist-cc2538dk.a(clock.o)
 .vfp11_veneer  0x0021027c        0x0 contiki-mist-cc2538dk.a(rtimer-arch.o)
 .vfp11_veneer  0x0021027c        0x0 contiki-mist-cc2538dk.a(uart.o)
 .vfp11_veneer  0x0021027c        0x0 contiki-mist-cc2538dk.a(watchdog.o)
 .vfp11_veneer  0x0021027c        0x0 contiki-mist-cc2538dk.a(nvic.o)
 .vfp11_veneer  0x0021027c        0x0 contiki-mist-cc2538dk.a(cpu.o)
 .vfp11_veneer  0x0021027c        0x0 contiki-mist-cc2538dk.a(sys-ctrl.o)
 .vfp11_veneer  0x0021027c        0x0 contiki-mist-cc2538dk.a(gpio.o)
 .vfp11_veneer  0x0021027c        0x0 contiki-mist-cc2538dk.a(ioc.o)
 .vfp11_veneer  0x0021027c        0x0 contiki-mist-cc2538dk.a(cc2538-rf.o)
 .vfp11_veneer  0x0021027c        0x0 contiki-mist-cc2538dk.a(udma.o)
 .vfp11_veneer  0x0021027c        0x0 contiki-mist-cc2538dk.a(lpm.o)
 .vfp11_veneer  0x0021027c        0x0 contiki-mist-cc2538dk.a(dbg.o)
 .vfp11_veneer  0x0021027c        0x0 contiki-mist-cc2538dk.a(ieee-addr.o)
 .vfp11_veneer  0x0021027c        0x0 contiki-mist-cc2538dk.a(dbg-printf.o)
 .vfp11_veneer  0x0021027c        0x0 contiki-mist-cc2538dk.a(strformat.o)
 .vfp11_veneer  0x0021027c        0x0 contiki-mist-cc2538dk.a(rimeaddr.o)
 .vfp11_veneer  0x0021027c        0x0 contiki-mist-cc2538dk.a(csma.o)
 .vfp11_veneer  0x0021027c        0x0 contiki-mist-cc2538dk.a(process.o)
 .vfp11_veneer  0x0021027c        0x0 contiki-mist-cc2538dk.a(autostart.o)
 .vfp11_veneer  0x0021027c        0x0 contiki-mist-cc2538dk.a(serial-line.o)
 .vfp11_veneer  0x0021027c        0x0 contiki-mist-cc2538dk.a(memb.o)
 .vfp11_veneer  0x0021027c        0x0 contiki-mist-cc2538dk.a(timer.o)
 .vfp11_veneer  0x0021027c        0x0 contiki-mist-cc2538dk.a(list.o)
 .vfp11_veneer  0x0021027c        0x0 contiki-mist-cc2538dk.a(ctimer.o)
 .vfp11_veneer  0x0021027c        0x0 contiki-mist-cc2538dk.a(energest.o)
 .vfp11_veneer  0x0021027c        0x0 contiki-mist-cc2538dk.a(rtimer.o)
 .vfp11_veneer  0x0021027c        0x0 contiki-mist-cc2538dk.a(random.o)
 .vfp11_veneer  0x0021027c        0x0 contiki-mist-cc2538dk.a(ringbuf.o)
 .vfp11_veneer  0x0021027c        0x0 contiki-mist-cc2538dk.a(netstack.o)
 .vfp11_veneer  0x0021027c        0x0 contiki-mist-cc2538dk.a(packetbuf.o)
 .vfp11_veneer  0x0021027c        0x0 contiki-mist-cc2538dk.a(queuebuf.o)
 .vfp11_veneer  0x0021027c        0x0 contiki-mist-cc2538dk.a(sicslowpan.o)
 .vfp11_veneer  0x0021027c        0x0 contiki-mist-cc2538dk.a(tcpip.o)
 .vfp11_veneer  0x0021027c        0x0 contiki-mist-cc2538dk.a(uip-ds6-route.o)
 .vfp11_veneer  0x0021027c        0x0 contiki-mist-cc2538dk.a(uip-ds6-nbr.o)
 .vfp11_veneer  0x0021027c        0x0 contiki-mist-cc2538dk.a(uip-ds6.o)
 .vfp11_veneer  0x0021027c        0x0 contiki-mist-cc2538dk.a(uip-nd6.o)
 .vfp11_veneer  0x0021027c        0x0 contiki-mist-cc2538dk.a(uip-udp-packet.)
 .vfp11_veneer  0x0021027c        0x0 contiki-mist-cc2538dk.a(uip6.o)
 .vfp11_veneer  0x0021027c        0x0 contiki-mist-cc2538dk.a(uiplib.o)
 .vfp11_veneer  0x0021027c        0x0 contiki-mist-cc2538dk.a(netstack-aes.o)
 .vfp11_veneer  0x0021027c        0x0 contiki-mist-cc2538dk.a(drowsie.o)
 .vfp11_veneer  0x0021027c        0x0 contiki-mist-cc2538dk.a(mac.o)
 .vfp11_veneer  0x0021027c        0x0 contiki-mist-cc2538dk.a(framer-802154.o)
 .vfp11_veneer  0x0021027c        0x0 contiki-mist-cc2538dk.a(rpl.o)
 .vfp11_veneer  0x0021027c        0x0 contiki-mist-cc2538dk.a(rpl-dag.o)
 .vfp11_veneer  0x0021027c        0x0 contiki-mist-cc2538dk.a(rpl-icmp6.o)
 .vfp11_veneer  0x0021027c        0x0 contiki-mist-cc2538dk.a(rpl-timers.o)
 .vfp11_veneer  0x0021027c        0x0 contiki-mist-cc2538dk.a(rpl-mrhof.o)
 .vfp11_veneer  0x0021027c        0x0 contiki-mist-cc2538dk.a(rpl-ext-header.)
 .vfp11_veneer  0x0021027c        0x0 contiki-mist-cc2538dk.a(stimer.o)
 .vfp11_veneer  0x0021027c        0x0 contiki-mist-cc2538dk.a(nbr-table.o)
 .vfp11_veneer  0x0021027c        0x0 contiki-mist-cc2538dk.a(uip-icmp6.o)
 .vfp11_veneer  0x0021027c        0x0 contiki-mist-cc2538dk.a(aes-ccm.o)
 .vfp11_veneer  0x0021027c        0x0 contiki-mist-cc2538dk.a(frame802154.o)
 .vfp11_veneer  0x0021027c        0x0 contiki-mist-cc2538dk.a(aes.o)
 .vfp11_veneer  0x0021027c        0x0 /home/user/CodeSourcery/Sourcery_G++_Lite/bin/../lib/gcc/arm-none-eabi/4.3.2/thumb2/libgcc.a(_aeabi_uldivmod.o)
 .vfp11_veneer  0x0021027c        0x0 /home/user/CodeSourcery/Sourcery_G++_Lite/bin/../lib/gcc/arm-none-eabi/4.3.2/thumb2/libgcc.a(bpabi.o)
 .vfp11_veneer  0x0021027c        0x0 /home/user/CodeSourcery/Sourcery_G++_Lite/bin/../lib/gcc/arm-none-eabi/4.3.2/thumb2/libgcc.a(_dvmd_tls.o)
 .vfp11_veneer  0x0021027c        0x0 /home/user/CodeSourcery/Sourcery_G++_Lite/bin/../lib/gcc/arm-none-eabi/4.3.2/thumb2/libgcc.a(_divdi3.o)
 .vfp11_veneer  0x0021027c        0x0 /home/user/CodeSourcery/Sourcery_G++_Lite/bin/../lib/gcc/arm-none-eabi/4.3.2/thumb2/libgcc.a(_udivdi3.o)
 .vfp11_veneer  0x0021027c        0x0 /home/user/CodeSourcery/Sourcery_G++_Lite/bin/../lib/gcc/arm-none-eabi/4.3.2/thumb2/libgcc.a(_udivsi3.o)
 .vfp11_veneer  0x0021027c        0x0 /home/user/CodeSourcery/Sourcery_G++_Lite/bin/../lib/gcc/arm-none-eabi/4.3.2/thumb2/libgcc.a(_clz.o)
 .vfp11_veneer  0x0021027c        0x0 /home/user/CodeSourcery/Sourcery_G++_Lite/bin/../lib/gcc/arm-none-eabi/4.3.2/../../../../arm-none-eabi/lib/thumb2/libc.a(lib_a-memcmp.o)
 .vfp11_veneer  0x0021027c        0x0 /home/user/CodeSourcery/Sourcery_G++_Lite/bin/../lib/gcc/arm-none-eabi/4.3.2/../../../../arm-none-eabi/lib/thumb2/libc.a(lib_a-memcpy.o)
 .vfp11_veneer  0x0021027c        0x0 /home/user/CodeSourcery/Sourcery_G++_Lite/bin/../lib/gcc/arm-none-eabi/4.3.2/../../../../arm-none-eabi/lib/thumb2/libc.a(lib_a-memmove.o)
 .vfp11_veneer  0x0021027c        0x0 /home/user/CodeSourcery/Sourcery_G++_Lite/bin/../lib/gcc/arm-none-eabi/4.3.2/../../../../arm-none-eabi/lib/thumb2/libc.a(lib_a-memset.o)
 .vfp11_veneer  0x0021027c        0x0 /home/user/CodeSourcery/Sourcery_G++_Lite/bin/../lib/gcc/arm-none-eabi/4.3.2/../../../../arm-none-eabi/lib/thumb2/libc.a(lib_a-strcmp.o)
 .vfp11_veneer  0x0021027c        0x0 /home/user/CodeSourcery/Sourcery_G++_Lite/bin/../lib/gcc/arm-none-eabi/4.3.2/../../../../arm-none-eabi/lib/thumb2/libc.a(lib_a-strlen.o)
 .vfp11_veneer  0x0021027c        0x0 /home/user/CodeSourcery/Sourcery_G++_Lite/bin/../lib/gcc/arm-none-eabi/4.3.2/../../../../arm-none-eabi/lib/thumb2/libc.a(lib_a-strncmp.o)
 .vfp11_veneer  0x0021027c        0x0 /home/user/CodeSourcery/Sourcery_G++_Lite/bin/../lib/gcc/arm-none-eabi/4.3.2/../../../../arm-none-eabi/lib/thumb2/libc.a(lib_a-strncpy.o)

.janus_2cc_veneer
                0x0021027c        0x0 load address 0x0021027b
 .janus_2cc_veneer
                0x0021027c        0x0 obj_mist-cc2538dk/startup-gcc.o
 .janus_2cc_veneer
                0x0021027c        0x0 http-example.co
 .janus_2cc_veneer
                0x0021027c        0x0 contiki-mist-cc2538dk.a(etimer.o)
 .janus_2cc_veneer
                0x0021027c        0x0 contiki-mist-cc2538dk.a(http-socket.o)
 .janus_2cc_veneer
                0x0021027c        0x0 contiki-mist-cc2538dk.a(ip64-addr.o)
 .janus_2cc_veneer
                0x0021027c        0x0 contiki-mist-cc2538dk.a(mdns.o)
 .janus_2cc_veneer
                0x0021027c        0x0 contiki-mist-cc2538dk.a(tcp-socket.o)
 .janus_2cc_veneer
                0x0021027c        0x0 contiki-mist-cc2538dk.a(http-strings.o)
 .janus_2cc_veneer
                0x0021027c        0x0 contiki-mist-cc2538dk.a(contiki-mist-cc)
 .janus_2cc_veneer
                0x0021027c        0x0 contiki-mist-cc2538dk.a(leds.o)
 .janus_2cc_veneer
                0x0021027c        0x0 contiki-mist-cc2538dk.a(leds-arch.o)
 .janus_2cc_veneer
                0x0021027c        0x0 contiki-mist-cc2538dk.a(sensors.o)
 .janus_2cc_veneer
                0x0021027c        0x0 contiki-mist-cc2538dk.a(smartrf-sensors)
 .janus_2cc_veneer
                0x0021027c        0x0 contiki-mist-cc2538dk.a(button-sensor.o)
 .janus_2cc_veneer
                0x0021027c        0x0 contiki-mist-cc2538dk.a(clock.o)
 .janus_2cc_veneer
                0x0021027c        0x0 contiki-mist-cc2538dk.a(rtimer-arch.o)
 .janus_2cc_veneer
                0x0021027c        0x0 contiki-mist-cc2538dk.a(uart.o)
 .janus_2cc_veneer
                0x0021027c        0x0 contiki-mist-cc2538dk.a(watchdog.o)
 .janus_2cc_veneer
                0x0021027c        0x0 contiki-mist-cc2538dk.a(nvic.o)
 .janus_2cc_veneer
                0x0021027c        0x0 contiki-mist-cc2538dk.a(cpu.o)
 .janus_2cc_veneer
                0x0021027c        0x0 contiki-mist-cc2538dk.a(sys-ctrl.o)
 .janus_2cc_veneer
                0x0021027c        0x0 contiki-mist-cc2538dk.a(gpio.o)
 .janus_2cc_veneer
                0x0021027c        0x0 contiki-mist-cc2538dk.a(ioc.o)
 .janus_2cc_veneer
                0x0021027c        0x0 contiki-mist-cc2538dk.a(cc2538-rf.o)
 .janus_2cc_veneer
                0x0021027c        0x0 contiki-mist-cc2538dk.a(udma.o)
 .janus_2cc_veneer
                0x0021027c        0x0 contiki-mist-cc2538dk.a(lpm.o)
 .janus_2cc_veneer
                0x0021027c        0x0 contiki-mist-cc2538dk.a(dbg.o)
 .janus_2cc_veneer
                0x0021027c        0x0 contiki-mist-cc2538dk.a(ieee-addr.o)
 .janus_2cc_veneer
                0x0021027c        0x0 contiki-mist-cc2538dk.a(dbg-printf.o)
 .janus_2cc_veneer
                0x0021027c        0x0 contiki-mist-cc2538dk.a(strformat.o)
 .janus_2cc_veneer
                0x0021027c        0x0 contiki-mist-cc2538dk.a(rimeaddr.o)
 .janus_2cc_veneer
                0x0021027c        0x0 contiki-mist-cc2538dk.a(csma.o)
 .janus_2cc_veneer
                0x0021027c        0x0 contiki-mist-cc2538dk.a(process.o)
 .janus_2cc_veneer
                0x0021027c        0x0 contiki-mist-cc2538dk.a(autostart.o)
 .janus_2cc_veneer
                0x0021027c        0x0 contiki-mist-cc2538dk.a(serial-line.o)
 .janus_2cc_veneer
                0x0021027c        0x0 contiki-mist-cc2538dk.a(memb.o)
 .janus_2cc_veneer
                0x0021027c        0x0 contiki-mist-cc2538dk.a(timer.o)
 .janus_2cc_veneer
                0x0021027c        0x0 contiki-mist-cc2538dk.a(list.o)
 .janus_2cc_veneer
                0x0021027c        0x0 contiki-mist-cc2538dk.a(ctimer.o)
 .janus_2cc_veneer
                0x0021027c        0x0 contiki-mist-cc2538dk.a(energest.o)
 .janus_2cc_veneer
                0x0021027c        0x0 contiki-mist-cc2538dk.a(rtimer.o)
 .janus_2cc_veneer
                0x0021027c        0x0 contiki-mist-cc2538dk.a(random.o)
 .janus_2cc_veneer
                0x0021027c        0x0 contiki-mist-cc2538dk.a(ringbuf.o)
 .janus_2cc_veneer
                0x0021027c        0x0 contiki-mist-cc2538dk.a(netstack.o)
 .janus_2cc_veneer
                0x0021027c        0x0 contiki-mist-cc2538dk.a(packetbuf.o)
 .janus_2cc_veneer
                0x0021027c        0x0 contiki-mist-cc2538dk.a(queuebuf.o)
 .janus_2cc_veneer
                0x0021027c        0x0 contiki-mist-cc2538dk.a(sicslowpan.o)
 .janus_2cc_veneer
                0x0021027c        0x0 contiki-mist-cc2538dk.a(tcpip.o)
 .janus_2cc_veneer
                0x0021027c        0x0 contiki-mist-cc2538dk.a(uip-ds6-route.o)
 .janus_2cc_veneer
                0x0021027c        0x0 contiki-mist-cc2538dk.a(uip-ds6-nbr.o)
 .janus_2cc_veneer
                0x0021027c        0x0 contiki-mist-cc2538dk.a(uip-ds6.o)
 .janus_2cc_veneer
                0x0021027c        0x0 contiki-mist-cc2538dk.a(uip-nd6.o)
 .janus_2cc_veneer
                0x0021027c        0x0 contiki-mist-cc2538dk.a(uip-udp-packet.)
 .janus_2cc_veneer
                0x0021027c        0x0 contiki-mist-cc2538dk.a(uip6.o)
 .janus_2cc_veneer
                0x0021027c        0x0 contiki-mist-cc2538dk.a(uiplib.o)
 .janus_2cc_veneer
                0x0021027c        0x0 contiki-mist-cc2538dk.a(netstack-aes.o)
 .janus_2cc_veneer
                0x0021027c        0x0 contiki-mist-cc2538dk.a(drowsie.o)
 .janus_2cc_veneer
                0x0021027c        0x0 contiki-mist-cc2538dk.a(mac.o)
 .janus_2cc_veneer
                0x0021027c        0x0 contiki-mist-cc2538dk.a(framer-802154.o)
 .janus_2cc_veneer
                0x0021027c        0x0 contiki-mist-cc2538dk.a(rpl.o)
 .janus_2cc_veneer
                0x0021027c        0x0 contiki-mist-cc2538dk.a(rpl-dag.o)
 .janus_2cc_veneer
                0x0021027c        0x0 contiki-mist-cc2538dk.a(rpl-icmp6.o)
 .janus_2cc_veneer
                0x0021027c        0x0 contiki-mist-cc2538dk.a(rpl-timers.o)
 .janus_2cc_veneer
                0x0021027c        0x0 contiki-mist-cc2538dk.a(rpl-mrhof.o)
 .janus_2cc_veneer
                0x0021027c        0x0 contiki-mist-cc2538dk.a(rpl-ext-header.)
 .janus_2cc_veneer
                0x0021027c        0x0 contiki-mist-cc2538dk.a(stimer.o)
 .janus_2cc_veneer
                0x0021027c        0x0 contiki-mist-cc2538dk.a(nbr-table.o)
 .janus_2cc_veneer
                0x0021027c        0x0 contiki-mist-cc2538dk.a(uip-icmp6.o)
 .janus_2cc_veneer
                0x0021027c        0x0 contiki-mist-cc2538dk.a(aes-ccm.o)
 .janus_2cc_veneer
                0x0021027c        0x0 contiki-mist-cc2538dk.a(frame802154.o)
 .janus_2cc_veneer
                0x0021027c        0x0 contiki-mist-cc2538dk.a(aes.o)
 .janus_2cc_veneer
                0x0021027c        0x0 /home/user/CodeSourcery/Sourcery_G++_Lite/bin/../lib/gcc/arm-none-eabi/4.3.2/thumb2/libgcc.a(_aeabi_uldivmod.o)
 .janus_2cc_veneer
                0x0021027c        0x0 /home/user/CodeSourcery/Sourcery_G++_Lite/bin/../lib/gcc/arm-none-eabi/4.3.2/thumb2/libgcc.a(bpabi.o)
 .janus_2cc_veneer
                0x0021027c        0x0 /home/user/CodeSourcery/Sourcery_G++_Lite/bin/../lib/gcc/arm-none-eabi/4.3.2/thumb2/libgcc.a(_dvmd_tls.o)
 .janus_2cc_veneer
                0x0021027c        0x0 /home/user/CodeSourcery/Sourcery_G++_Lite/bin/../lib/gcc/arm-none-eabi/4.3.2/thumb2/libgcc.a(_divdi3.o)
 .janus_2cc_veneer
                0x0021027c        0x0 /home/user/CodeSourcery/Sourcery_G++_Lite/bin/../lib/gcc/arm-none-eabi/4.3.2/thumb2/libgcc.a(_udivdi3.o)
 .janus_2cc_veneer
                0x0021027c        0x0 /home/user/CodeSourcery/Sourcery_G++_Lite/bin/../lib/gcc/arm-none-eabi/4.3.2/thumb2/libgcc.a(_udivsi3.o)
 .janus_2cc_veneer
                0x0021027c        0x0 /home/user/CodeSourcery/Sourcery_G++_Lite/bin/../lib/gcc/arm-none-eabi/4.3.2/thumb2/libgcc.a(_clz.o)
 .janus_2cc_veneer
                0x0021027c        0x0 /home/user/CodeSourcery/Sourcery_G++_Lite/bin/../lib/gcc/arm-none-eabi/4.3.2/../../../../arm-none-eabi/lib/thumb2/libc.a(lib_a-memcmp.o)
 .janus_2cc_veneer
                0x0021027c        0x0 /home/user/CodeSourcery/Sourcery_G++_Lite/bin/../lib/gcc/arm-none-eabi/4.3.2/../../../../arm-none-eabi/lib/thumb2/libc.a(lib_a-memcpy.o)
 .janus_2cc_veneer
                0x0021027c        0x0 /home/user/CodeSourcery/Sourcery_G++_Lite/bin/../lib/gcc/arm-none-eabi/4.3.2/../../../../arm-none-eabi/lib/thumb2/libc.a(lib_a-memmove.o)
 .janus_2cc_veneer
                0x0021027c        0x0 /home/user/CodeSourcery/Sourcery_G++_Lite/bin/../lib/gcc/arm-none-eabi/4.3.2/../../../../arm-none-eabi/lib/thumb2/libc.a(lib_a-memset.o)
 .janus_2cc_veneer
                0x0021027c        0x0 /home/user/CodeSourcery/Sourcery_G++_Lite/bin/../lib/gcc/arm-none-eabi/4.3.2/../../../../arm-none-eabi/lib/thumb2/libc.a(lib_a-strcmp.o)
 .janus_2cc_veneer
                0x0021027c        0x0 /home/user/CodeSourcery/Sourcery_G++_Lite/bin/../lib/gcc/arm-none-eabi/4.3.2/../../../../arm-none-eabi/lib/thumb2/libc.a(lib_a-strlen.o)
 .janus_2cc_veneer
                0x0021027c        0x0 /home/user/CodeSourcery/Sourcery_G++_Lite/bin/../lib/gcc/arm-none-eabi/4.3.2/../../../../arm-none-eabi/lib/thumb2/libc.a(lib_a-strncmp.o)
 .janus_2cc_veneer
                0x0021027c        0x0 /home/user/CodeSourcery/Sourcery_G++_Lite/bin/../lib/gcc/arm-none-eabi/4.3.2/../../../../arm-none-eabi/lib/thumb2/libc.a(lib_a-strncpy.o)

.v4_bx          0x0021027c        0x0 load address 0x0021027b
 .v4_bx         0x0021027c        0x0 obj_mist-cc2538dk/startup-gcc.o
 .v4_bx         0x0021027c        0x0 http-example.co
 .v4_bx         0x0021027c        0x0 contiki-mist-cc2538dk.a(etimer.o)
 .v4_bx         0x0021027c        0x0 contiki-mist-cc2538dk.a(http-socket.o)
 .v4_bx         0x0021027c        0x0 contiki-mist-cc2538dk.a(ip64-addr.o)
 .v4_bx         0x0021027c        0x0 contiki-mist-cc2538dk.a(mdns.o)
 .v4_bx         0x0021027c        0x0 contiki-mist-cc2538dk.a(tcp-socket.o)
 .v4_bx         0x0021027c        0x0 contiki-mist-cc2538dk.a(http-strings.o)
 .v4_bx         0x0021027c        0x0 contiki-mist-cc2538dk.a(contiki-mist-cc)
 .v4_bx         0x0021027c        0x0 contiki-mist-cc2538dk.a(leds.o)
 .v4_bx         0x0021027c        0x0 contiki-mist-cc2538dk.a(leds-arch.o)
 .v4_bx         0x0021027c        0x0 contiki-mist-cc2538dk.a(sensors.o)
 .v4_bx         0x0021027c        0x0 contiki-mist-cc2538dk.a(smartrf-sensors)
 .v4_bx         0x0021027c        0x0 contiki-mist-cc2538dk.a(button-sensor.o)
 .v4_bx         0x0021027c        0x0 contiki-mist-cc2538dk.a(clock.o)
 .v4_bx         0x0021027c        0x0 contiki-mist-cc2538dk.a(rtimer-arch.o)
 .v4_bx         0x0021027c        0x0 contiki-mist-cc2538dk.a(uart.o)
 .v4_bx         0x0021027c        0x0 contiki-mist-cc2538dk.a(watchdog.o)
 .v4_bx         0x0021027c        0x0 contiki-mist-cc2538dk.a(nvic.o)
 .v4_bx         0x0021027c        0x0 contiki-mist-cc2538dk.a(cpu.o)
 .v4_bx         0x0021027c        0x0 contiki-mist-cc2538dk.a(sys-ctrl.o)
 .v4_bx         0x0021027c        0x0 contiki-mist-cc2538dk.a(gpio.o)
 .v4_bx         0x0021027c        0x0 contiki-mist-cc2538dk.a(ioc.o)
 .v4_bx         0x0021027c        0x0 contiki-mist-cc2538dk.a(cc2538-rf.o)
 .v4_bx         0x0021027c        0x0 contiki-mist-cc2538dk.a(udma.o)
 .v4_bx         0x0021027c        0x0 contiki-mist-cc2538dk.a(lpm.o)
 .v4_bx         0x0021027c        0x0 contiki-mist-cc2538dk.a(dbg.o)
 .v4_bx         0x0021027c        0x0 contiki-mist-cc2538dk.a(ieee-addr.o)
 .v4_bx         0x0021027c        0x0 contiki-mist-cc2538dk.a(dbg-printf.o)
 .v4_bx         0x0021027c        0x0 contiki-mist-cc2538dk.a(strformat.o)
 .v4_bx         0x0021027c        0x0 contiki-mist-cc2538dk.a(rimeaddr.o)
 .v4_bx         0x0021027c        0x0 contiki-mist-cc2538dk.a(csma.o)
 .v4_bx         0x0021027c        0x0 contiki-mist-cc2538dk.a(process.o)
 .v4_bx         0x0021027c        0x0 contiki-mist-cc2538dk.a(autostart.o)
 .v4_bx         0x0021027c        0x0 contiki-mist-cc2538dk.a(serial-line.o)
 .v4_bx         0x0021027c        0x0 contiki-mist-cc2538dk.a(memb.o)
 .v4_bx         0x0021027c        0x0 contiki-mist-cc2538dk.a(timer.o)
 .v4_bx         0x0021027c        0x0 contiki-mist-cc2538dk.a(list.o)
 .v4_bx         0x0021027c        0x0 contiki-mist-cc2538dk.a(ctimer.o)
 .v4_bx         0x0021027c        0x0 contiki-mist-cc2538dk.a(energest.o)
 .v4_bx         0x0021027c        0x0 contiki-mist-cc2538dk.a(rtimer.o)
 .v4_bx         0x0021027c        0x0 contiki-mist-cc2538dk.a(random.o)
 .v4_bx         0x0021027c        0x0 contiki-mist-cc2538dk.a(ringbuf.o)
 .v4_bx         0x0021027c        0x0 contiki-mist-cc2538dk.a(netstack.o)
 .v4_bx         0x0021027c        0x0 contiki-mist-cc2538dk.a(packetbuf.o)
 .v4_bx         0x0021027c        0x0 contiki-mist-cc2538dk.a(queuebuf.o)
 .v4_bx         0x0021027c        0x0 contiki-mist-cc2538dk.a(sicslowpan.o)
 .v4_bx         0x0021027c        0x0 contiki-mist-cc2538dk.a(tcpip.o)
 .v4_bx         0x0021027c        0x0 contiki-mist-cc2538dk.a(uip-ds6-route.o)
 .v4_bx         0x0021027c        0x0 contiki-mist-cc2538dk.a(uip-ds6-nbr.o)
 .v4_bx         0x0021027c        0x0 contiki-mist-cc2538dk.a(uip-ds6.o)
 .v4_bx         0x0021027c        0x0 contiki-mist-cc2538dk.a(uip-nd6.o)
 .v4_bx         0x0021027c        0x0 contiki-mist-cc2538dk.a(uip-udp-packet.)
 .v4_bx         0x0021027c        0x0 contiki-mist-cc2538dk.a(uip6.o)
 .v4_bx         0x0021027c        0x0 contiki-mist-cc2538dk.a(uiplib.o)
 .v4_bx         0x0021027c        0x0 contiki-mist-cc2538dk.a(netstack-aes.o)
 .v4_bx         0x0021027c        0x0 contiki-mist-cc2538dk.a(drowsie.o)
 .v4_bx         0x0021027c        0x0 contiki-mist-cc2538dk.a(mac.o)
 .v4_bx         0x0021027c        0x0 contiki-mist-cc2538dk.a(framer-802154.o)
 .v4_bx         0x0021027c        0x0 contiki-mist-cc2538dk.a(rpl.o)
 .v4_bx         0x0021027c        0x0 contiki-mist-cc2538dk.a(rpl-dag.o)
 .v4_bx         0x0021027c        0x0 contiki-mist-cc2538dk.a(rpl-icmp6.o)
 .v4_bx         0x0021027c        0x0 contiki-mist-cc2538dk.a(rpl-timers.o)
 .v4_bx         0x0021027c        0x0 contiki-mist-cc2538dk.a(rpl-mrhof.o)
 .v4_bx         0x0021027c        0x0 contiki-mist-cc2538dk.a(rpl-ext-header.)
 .v4_bx         0x0021027c        0x0 contiki-mist-cc2538dk.a(stimer.o)
 .v4_bx         0x0021027c        0x0 contiki-mist-cc2538dk.a(nbr-table.o)
 .v4_bx         0x0021027c        0x0 contiki-mist-cc2538dk.a(uip-icmp6.o)
 .v4_bx         0x0021027c        0x0 contiki-mist-cc2538dk.a(aes-ccm.o)
 .v4_bx         0x0021027c        0x0 contiki-mist-cc2538dk.a(frame802154.o)
 .v4_bx         0x0021027c        0x0 contiki-mist-cc2538dk.a(aes.o)
 .v4_bx         0x0021027c        0x0 /home/user/CodeSourcery/Sourcery_G++_Lite/bin/../lib/gcc/arm-none-eabi/4.3.2/thumb2/libgcc.a(_aeabi_uldivmod.o)
 .v4_bx         0x0021027c        0x0 /home/user/CodeSourcery/Sourcery_G++_Lite/bin/../lib/gcc/arm-none-eabi/4.3.2/thumb2/libgcc.a(bpabi.o)
 .v4_bx         0x0021027c        0x0 /home/user/CodeSourcery/Sourcery_G++_Lite/bin/../lib/gcc/arm-none-eabi/4.3.2/thumb2/libgcc.a(_dvmd_tls.o)
 .v4_bx         0x0021027c        0x0 /home/user/CodeSourcery/Sourcery_G++_Lite/bin/../lib/gcc/arm-none-eabi/4.3.2/thumb2/libgcc.a(_divdi3.o)
 .v4_bx         0x0021027c        0x0 /home/user/CodeSourcery/Sourcery_G++_Lite/bin/../lib/gcc/arm-none-eabi/4.3.2/thumb2/libgcc.a(_udivdi3.o)
 .v4_bx         0x0021027c        0x0 /home/user/CodeSourcery/Sourcery_G++_Lite/bin/../lib/gcc/arm-none-eabi/4.3.2/thumb2/libgcc.a(_udivsi3.o)
 .v4_bx         0x0021027c        0x0 /home/user/CodeSourcery/Sourcery_G++_Lite/bin/../lib/gcc/arm-none-eabi/4.3.2/thumb2/libgcc.a(_clz.o)
 .v4_bx         0x0021027c        0x0 /home/user/CodeSourcery/Sourcery_G++_Lite/bin/../lib/gcc/arm-none-eabi/4.3.2/../../../../arm-none-eabi/lib/thumb2/libc.a(lib_a-memcmp.o)
 .v4_bx         0x0021027c        0x0 /home/user/CodeSourcery/Sourcery_G++_Lite/bin/../lib/gcc/arm-none-eabi/4.3.2/../../../../arm-none-eabi/lib/thumb2/libc.a(lib_a-memcpy.o)
 .v4_bx         0x0021027c        0x0 /home/user/CodeSourcery/Sourcery_G++_Lite/bin/../lib/gcc/arm-none-eabi/4.3.2/../../../../arm-none-eabi/lib/thumb2/libc.a(lib_a-memmove.o)
 .v4_bx         0x0021027c        0x0 /home/user/CodeSourcery/Sourcery_G++_Lite/bin/../lib/gcc/arm-none-eabi/4.3.2/../../../../arm-none-eabi/lib/thumb2/libc.a(lib_a-memset.o)
 .v4_bx         0x0021027c        0x0 /home/user/CodeSourcery/Sourcery_G++_Lite/bin/../lib/gcc/arm-none-eabi/4.3.2/../../../../arm-none-eabi/lib/thumb2/libc.a(lib_a-strcmp.o)
 .v4_bx         0x0021027c        0x0 /home/user/CodeSourcery/Sourcery_G++_Lite/bin/../lib/gcc/arm-none-eabi/4.3.2/../../../../arm-none-eabi/lib/thumb2/libc.a(lib_a-strlen.o)
 .v4_bx         0x0021027c        0x0 /home/user/CodeSourcery/Sourcery_G++_Lite/bin/../lib/gcc/arm-none-eabi/4.3.2/../../../../arm-none-eabi/lib/thumb2/libc.a(lib_a-strncmp.o)
 .v4_bx         0x0021027c        0x0 /home/user/CodeSourcery/Sourcery_G++_Lite/bin/../lib/gcc/arm-none-eabi/4.3.2/../../../../arm-none-eabi/lib/thumb2/libc.a(lib_a-strncpy.o)

.data           0x20000000      0x188 load address 0x0021027b
                0x20000000                _data = .
 *(vtable)
 *(.data*)
 .data          0x20000000        0x0 obj_mist-cc2538dk/startup-gcc.o
 .data          0x20000000       0x10 http-example.co
                0x20000000                http_example_process
 .data          0x20000010       0x10 contiki-mist-cc2538dk.a(etimer.o)
                0x20000010                etimer_process
 .data          0x20000020       0x10 contiki-mist-cc2538dk.a(http-socket.o)
                0x20000020                http_socket_process
 .data          0x20000030        0x0 contiki-mist-cc2538dk.a(ip64-addr.o)
 .data          0x20000030       0x10 contiki-mist-cc2538dk.a(mdns.o)
                0x20000030                mdns_process
 .data          0x20000040       0x10 contiki-mist-cc2538dk.a(tcp-socket.o)
                0x20000040                tcp_socket_process
 .data          0x20000050        0x0 contiki-mist-cc2538dk.a(http-strings.o)
 .data          0x20000050        0x0 contiki-mist-cc2538dk.a(contiki-mist-cc)
 .data          0x20000050        0x0 contiki-mist-cc2538dk.a(leds.o)
 .data          0x20000050        0x0 contiki-mist-cc2538dk.a(leds-arch.o)
 .data          0x20000050       0x10 contiki-mist-cc2538dk.a(sensors.o)
                0x20000050                sensors_process
 .data          0x20000060       0x18 contiki-mist-cc2538dk.a(smartrf-sensors)
                0x20000060                sensors
 .data          0x20000078        0x0 contiki-mist-cc2538dk.a(button-sensor.o)
 .data          0x20000078        0x1 contiki-mist-cc2538dk.a(clock.o)
 .data          0x20000079        0x0 contiki-mist-cc2538dk.a(rtimer-arch.o)
 .data          0x20000079        0x0 contiki-mist-cc2538dk.a(uart.o)
 .data          0x20000079        0x0 contiki-mist-cc2538dk.a(watchdog.o)
 .data          0x20000079        0x0 contiki-mist-cc2538dk.a(nvic.o)
 .data          0x20000079        0x0 contiki-mist-cc2538dk.a(cpu.o)
 .data          0x20000079        0x0 contiki-mist-cc2538dk.a(sys-ctrl.o)
 .data          0x20000079        0x0 contiki-mist-cc2538dk.a(gpio.o)
 .data          0x20000079        0x0 contiki-mist-cc2538dk.a(ioc.o)
 *fill*         0x20000079        0x3 00
 .data          0x2000007c       0x10 contiki-mist-cc2538dk.a(cc2538-rf.o)
                0x2000007c                cc2538_rf_process
 .data          0x2000008c        0x0 contiki-mist-cc2538dk.a(udma.o)
 .data          0x2000008c        0x0 contiki-mist-cc2538dk.a(lpm.o)
 .data          0x2000008c        0x0 contiki-mist-cc2538dk.a(dbg.o)
 .data          0x2000008c        0x0 contiki-mist-cc2538dk.a(ieee-addr.o)
 .data          0x2000008c        0x8 contiki-mist-cc2538dk.a(dbg-printf.o)
 .data          0x20000094        0x0 contiki-mist-cc2538dk.a(strformat.o)
 .data          0x20000094        0x0 contiki-mist-cc2538dk.a(rimeaddr.o)
 .data          0x20000094       0x24 contiki-mist-cc2538dk.a(csma.o)
 .data          0x200000b8        0x0 contiki-mist-cc2538dk.a(process.o)
 .data          0x200000b8        0x0 contiki-mist-cc2538dk.a(autostart.o)
 .data          0x200000b8       0x10 contiki-mist-cc2538dk.a(serial-line.o)
                0x200000b8                serial_line_process
 .data          0x200000c8        0x0 contiki-mist-cc2538dk.a(memb.o)
 .data          0x200000c8        0x0 contiki-mist-cc2538dk.a(timer.o)
 .data          0x200000c8        0x0 contiki-mist-cc2538dk.a(list.o)
 .data          0x200000c8       0x10 contiki-mist-cc2538dk.a(ctimer.o)
                0x200000c8                ctimer_process
 .data          0x200000d8        0x0 contiki-mist-cc2538dk.a(energest.o)
 .data          0x200000d8        0x0 contiki-mist-cc2538dk.a(rtimer.o)
 .data          0x200000d8        0x0 contiki-mist-cc2538dk.a(random.o)
 .data          0x200000d8        0x0 contiki-mist-cc2538dk.a(ringbuf.o)
 .data          0x200000d8        0x0 contiki-mist-cc2538dk.a(netstack.o)
 .data          0x200000d8        0x0 contiki-mist-cc2538dk.a(packetbuf.o)
 .data          0x200000d8       0x24 contiki-mist-cc2538dk.a(queuebuf.o)
 .data          0x200000fc        0x0 contiki-mist-cc2538dk.a(sicslowpan.o)
 .data          0x200000fc       0x10 contiki-mist-cc2538dk.a(tcpip.o)
                0x200000fc                tcpip_process
 .data          0x2000010c       0x28 contiki-mist-cc2538dk.a(uip-ds6-route.o)
 .data          0x20000134       0x14 contiki-mist-cc2538dk.a(uip-ds6-nbr.o)
                0x20000134                ds6_neighbors
 .data          0x20000148        0x0 contiki-mist-cc2538dk.a(uip-ds6.o)
 .data          0x20000148        0x0 contiki-mist-cc2538dk.a(uip-nd6.o)
 .data          0x20000148        0x0 contiki-mist-cc2538dk.a(uip-udp-packet.)
 .data          0x20000148        0x0 contiki-mist-cc2538dk.a(uip6.o)
 .data          0x20000148        0x0 contiki-mist-cc2538dk.a(uiplib.o)
 .data          0x20000148        0x1 contiki-mist-cc2538dk.a(netstack-aes.o)
 .data          0x20000149        0x0 contiki-mist-cc2538dk.a(drowsie.o)
 .data          0x20000149        0x0 contiki-mist-cc2538dk.a(mac.o)
 .data          0x20000149        0x0 contiki-mist-cc2538dk.a(framer-802154.o)
 .data          0x20000149        0x0 contiki-mist-cc2538dk.a(rpl.o)
 *fill*         0x20000149        0x3 00
 .data          0x2000014c       0x10 contiki-mist-cc2538dk.a(rpl-dag.o)
 .data          0x2000015c        0x1 contiki-mist-cc2538dk.a(rpl-icmp6.o)
 .data          0x2000015d        0x0 contiki-mist-cc2538dk.a(rpl-timers.o)
 *fill*         0x2000015d        0x3 00
 .data          0x20000160       0x1c contiki-mist-cc2538dk.a(rpl-mrhof.o)
                0x20000160                rpl_mrhof
 .data          0x2000017c        0x0 contiki-mist-cc2538dk.a(rpl-ext-header.)
 .data          0x2000017c        0x0 contiki-mist-cc2538dk.a(stimer.o)
 .data          0x2000017c        0xc contiki-mist-cc2538dk.a(nbr-table.o)
 .data          0x20000188        0x0 contiki-mist-cc2538dk.a(uip-icmp6.o)
 .data          0x20000188        0x0 contiki-mist-cc2538dk.a(aes-ccm.o)
 .data          0x20000188        0x0 contiki-mist-cc2538dk.a(frame802154.o)
 .data          0x20000188        0x0 contiki-mist-cc2538dk.a(aes.o)
 .data          0x20000188        0x0 /home/user/CodeSourcery/Sourcery_G++_Lite/bin/../lib/gcc/arm-none-eabi/4.3.2/thumb2/libgcc.a(_aeabi_uldivmod.o)
 .data          0x20000188        0x0 /home/user/CodeSourcery/Sourcery_G++_Lite/bin/../lib/gcc/arm-none-eabi/4.3.2/thumb2/libgcc.a(bpabi.o)
 .data          0x20000188        0x0 /home/user/CodeSourcery/Sourcery_G++_Lite/bin/../lib/gcc/arm-none-eabi/4.3.2/thumb2/libgcc.a(_dvmd_tls.o)
 .data          0x20000188        0x0 /home/user/CodeSourcery/Sourcery_G++_Lite/bin/../lib/gcc/arm-none-eabi/4.3.2/thumb2/libgcc.a(_divdi3.o)
 .data          0x20000188        0x0 /home/user/CodeSourcery/Sourcery_G++_Lite/bin/../lib/gcc/arm-none-eabi/4.3.2/thumb2/libgcc.a(_udivdi3.o)
 .data          0x20000188        0x0 /home/user/CodeSourcery/Sourcery_G++_Lite/bin/../lib/gcc/arm-none-eabi/4.3.2/thumb2/libgcc.a(_udivsi3.o)
 .data          0x20000188        0x0 /home/user/CodeSourcery/Sourcery_G++_Lite/bin/../lib/gcc/arm-none-eabi/4.3.2/thumb2/libgcc.a(_clz.o)
 .data          0x20000188        0x0 /home/user/CodeSourcery/Sourcery_G++_Lite/bin/../lib/gcc/arm-none-eabi/4.3.2/../../../../arm-none-eabi/lib/thumb2/libc.a(lib_a-memcmp.o)
 .data          0x20000188        0x0 /home/user/CodeSourcery/Sourcery_G++_Lite/bin/../lib/gcc/arm-none-eabi/4.3.2/../../../../arm-none-eabi/lib/thumb2/libc.a(lib_a-memcpy.o)
 .data          0x20000188        0x0 /home/user/CodeSourcery/Sourcery_G++_Lite/bin/../lib/gcc/arm-none-eabi/4.3.2/../../../../arm-none-eabi/lib/thumb2/libc.a(lib_a-memmove.o)
 .data          0x20000188        0x0 /home/user/CodeSourcery/Sourcery_G++_Lite/bin/../lib/gcc/arm-none-eabi/4.3.2/../../../../arm-none-eabi/lib/thumb2/libc.a(lib_a-memset.o)
 .data          0x20000188        0x0 /home/user/CodeSourcery/Sourcery_G++_Lite/bin/../lib/gcc/arm-none-eabi/4.3.2/../../../../arm-none-eabi/lib/thumb2/libc.a(lib_a-strcmp.o)
 .data          0x20000188        0x0 /home/user/CodeSourcery/Sourcery_G++_Lite/bin/../lib/gcc/arm-none-eabi/4.3.2/../../../../arm-none-eabi/lib/thumb2/libc.a(lib_a-strlen.o)
 .data          0x20000188        0x0 /home/user/CodeSourcery/Sourcery_G++_Lite/bin/../lib/gcc/arm-none-eabi/4.3.2/../../../../arm-none-eabi/lib/thumb2/libc.a(lib_a-strncmp.o)
 .data          0x20000188        0x0 /home/user/CodeSourcery/Sourcery_G++_Lite/bin/../lib/gcc/arm-none-eabi/4.3.2/../../../../arm-none-eabi/lib/thumb2/libc.a(lib_a-strncpy.o)
                0x20000188                _edata = .

.ARM.exidx      0x00210404       0x10
 *(.ARM.exidx*)
 .ARM.exidx     0x00210404        0x8 /home/user/CodeSourcery/Sourcery_G++_Lite/bin/../lib/gcc/arm-none-eabi/4.3.2/thumb2/libgcc.a(_divdi3.o)
 .ARM.exidx     0x0021040c        0x8 /home/user/CodeSourcery/Sourcery_G++_Lite/bin/../lib/gcc/arm-none-eabi/4.3.2/thumb2/libgcc.a(_udivdi3.o)

.bss            0x20000400     0x3de8
                0x20000400                _bss = .
 *(.bss*)
 .bss           0x20000400      0x800 obj_mist-cc2538dk/startup-gcc.o
 .bss           0x20000c00      0x538 http-example.co
 .bss           0x20001138        0x8 contiki-mist-cc2538dk.a(etimer.o)
 .bss           0x20001140       0x14 contiki-mist-cc2538dk.a(http-socket.o)
 .bss           0x20001154        0x0 contiki-mist-cc2538dk.a(ip64-addr.o)
 .bss           0x20001154      0x134 contiki-mist-cc2538dk.a(mdns.o)
 .bss           0x20001288        0x8 contiki-mist-cc2538dk.a(tcp-socket.o)
 .bss           0x20001290        0x0 contiki-mist-cc2538dk.a(http-strings.o)
 .bss           0x20001290        0x0 contiki-mist-cc2538dk.a(contiki-mist-cc)
 .bss           0x20001290        0x2 contiki-mist-cc2538dk.a(leds.o)
 .bss           0x20001292        0x0 contiki-mist-cc2538dk.a(leds-arch.o)
 *fill*         0x20001292        0x2 00
 .bss           0x20001294        0xc contiki-mist-cc2538dk.a(sensors.o)
 .bss           0x200012a0        0x0 contiki-mist-cc2538dk.a(smartrf-sensors)
 .bss           0x200012a0        0x8 contiki-mist-cc2538dk.a(button-sensor.o)
 .bss           0x200012a8        0x8 contiki-mist-cc2538dk.a(clock.o)
 .bss           0x200012b0        0x4 contiki-mist-cc2538dk.a(rtimer-arch.o)
 .bss           0x200012b4        0x4 contiki-mist-cc2538dk.a(uart.o)
 .bss           0x200012b8        0x0 contiki-mist-cc2538dk.a(watchdog.o)
 .bss           0x200012b8       0x10 contiki-mist-cc2538dk.a(nvic.o)
 .bss           0x200012c8        0x0 contiki-mist-cc2538dk.a(cpu.o)
 .bss           0x200012c8        0x0 contiki-mist-cc2538dk.a(sys-ctrl.o)
 .bss           0x200012c8       0x80 contiki-mist-cc2538dk.a(gpio.o)
 .bss           0x20001348        0x8 contiki-mist-cc2538dk.a(ioc.o)
 .bss           0x20001350        0x1 contiki-mist-cc2538dk.a(cc2538-rf.o)
 *fill*         0x20001351       0xaf 00
 .bss           0x20001400      0x400 contiki-mist-cc2538dk.a(udma.o)
 .bss           0x20001800        0xc contiki-mist-cc2538dk.a(lpm.o)
 .bss           0x2000180c        0x0 contiki-mist-cc2538dk.a(dbg.o)
 .bss           0x2000180c        0x0 contiki-mist-cc2538dk.a(ieee-addr.o)
 .bss           0x2000180c        0x0 contiki-mist-cc2538dk.a(dbg-printf.o)
 .bss           0x2000180c        0x0 contiki-mist-cc2538dk.a(strformat.o)
 .bss           0x2000180c        0x0 contiki-mist-cc2538dk.a(rimeaddr.o)
 .bss           0x2000180c      0x14c contiki-mist-cc2538dk.a(csma.o)
 .bss           0x20001958      0x1a4 contiki-mist-cc2538dk.a(process.o)
                0x20001960                process_list
                0x2000195c                process_current
 .bss           0x20001afc        0x0 contiki-mist-cc2538dk.a(autostart.o)
 .bss           0x20001afc      0x110 contiki-mist-cc2538dk.a(serial-line.o)
 .bss           0x20001c0c        0x0 contiki-mist-cc2538dk.a(memb.o)
 .bss           0x20001c0c        0x0 contiki-mist-cc2538dk.a(timer.o)
 .bss           0x20001c0c        0x0 contiki-mist-cc2538dk.a(list.o)
 .bss           0x20001c0c        0x8 contiki-mist-cc2538dk.a(ctimer.o)
 .bss           0x20001c14        0x0 contiki-mist-cc2538dk.a(energest.o)
 .bss           0x20001c14        0x4 contiki-mist-cc2538dk.a(rtimer.o)
 .bss           0x20001c18        0x0 contiki-mist-cc2538dk.a(random.o)
 .bss           0x20001c18        0x0 contiki-mist-cc2538dk.a(ringbuf.o)
 .bss           0x20001c18        0x0 contiki-mist-cc2538dk.a(netstack.o)
 .bss           0x20001c18       0xc0 contiki-mist-cc2538dk.a(packetbuf.o)
 .bss           0x20001cd8      0x73c contiki-mist-cc2538dk.a(queuebuf.o)
 .bss           0x20002414      0x54c contiki-mist-cc2538dk.a(sicslowpan.o)
 .bss           0x20002960       0x60 contiki-mist-cc2538dk.a(tcpip.o)
 .bss           0x200029c0      0x424 contiki-mist-cc2538dk.a(uip-ds6-route.o)
 .bss           0x20002de4      0x2d0 contiki-mist-cc2538dk.a(uip-ds6-nbr.o)
 .bss           0x200030b4       0x20 contiki-mist-cc2538dk.a(uip-ds6.o)
 .bss           0x200030d4       0x14 contiki-mist-cc2538dk.a(uip-nd6.o)
 .bss           0x200030e8        0x0 contiki-mist-cc2538dk.a(uip-udp-packet.)
 .bss           0x200030e8       0x10 contiki-mist-cc2538dk.a(uip6.o)
                0x200030f2                uip_ext_bitmap
                0x200030e8                uip_ext_len
                0x200030f1                uip_ext_opt_offset
 .bss           0x200030f8        0x0 contiki-mist-cc2538dk.a(uiplib.o)
 .bss           0x200030f8       0x91 contiki-mist-cc2538dk.a(netstack-aes.o)
 *fill*         0x20003189        0x3 00
 .bss           0x2000318c       0xe0 contiki-mist-cc2538dk.a(drowsie.o)
 .bss           0x2000326c        0x0 contiki-mist-cc2538dk.a(mac.o)
 .bss           0x2000326c        0x2 contiki-mist-cc2538dk.a(framer-802154.o)
 .bss           0x2000326e        0x1 contiki-mist-cc2538dk.a(rpl.o)
 *fill*         0x2000326f        0x1 00
 .bss           0x20003270      0x140 contiki-mist-cc2538dk.a(rpl-dag.o)
 .bss           0x200033b0        0x0 contiki-mist-cc2538dk.a(rpl-icmp6.o)
 .bss           0x200033b0       0x28 contiki-mist-cc2538dk.a(rpl-timers.o)
 .bss           0x200033d8        0x0 contiki-mist-cc2538dk.a(rpl-mrhof.o)
 .bss           0x200033d8        0x0 contiki-mist-cc2538dk.a(rpl-ext-header.)
 .bss           0x200033d8        0x0 contiki-mist-cc2538dk.a(stimer.o)
 .bss           0x200033d8      0x154 contiki-mist-cc2538dk.a(nbr-table.o)
 .bss           0x2000352c       0x14 contiki-mist-cc2538dk.a(uip-icmp6.o)
 .bss           0x20003540       0x10 contiki-mist-cc2538dk.a(aes-ccm.o)
 .bss           0x20003550        0x0 contiki-mist-cc2538dk.a(frame802154.o)
 .bss           0x20003550       0xb0 contiki-mist-cc2538dk.a(aes.o)
 .bss           0x20003600        0x0 /home/user/CodeSourcery/Sourcery_G++_Lite/bin/../lib/gcc/arm-none-eabi/4.3.2/thumb2/libgcc.a(_aeabi_uldivmod.o)
 .bss           0x20003600        0x0 /home/user/CodeSourcery/Sourcery_G++_Lite/bin/../lib/gcc/arm-none-eabi/4.3.2/thumb2/libgcc.a(bpabi.o)
 .bss           0x20003600        0x0 /home/user/CodeSourcery/Sourcery_G++_Lite/bin/../lib/gcc/arm-none-eabi/4.3.2/thumb2/libgcc.a(_dvmd_tls.o)
 .bss           0x20003600        0x0 /home/user/CodeSourcery/Sourcery_G++_Lite/bin/../lib/gcc/arm-none-eabi/4.3.2/thumb2/libgcc.a(_divdi3.o)
 .bss           0x20003600        0x0 /home/user/CodeSourcery/Sourcery_G++_Lite/bin/../lib/gcc/arm-none-eabi/4.3.2/thumb2/libgcc.a(_udivdi3.o)
 .bss           0x20003600        0x0 /home/user/CodeSourcery/Sourcery_G++_Lite/bin/../lib/gcc/arm-none-eabi/4.3.2/thumb2/libgcc.a(_udivsi3.o)
 .bss           0x20003600        0x0 /home/user/CodeSourcery/Sourcery_G++_Lite/bin/../lib/gcc/arm-none-eabi/4.3.2/thumb2/libgcc.a(_clz.o)