Archive member included because of file (symbol)

contiki-mist-cc2538dk.a(contiki-mist-cc)
                              obj_mist-cc2538dk/startup-gcc.o (main)
contiki-mist-cc2538dk.a(leds.o)
                              contiki-mist-cc2538dk.a(contiki-mist-cc) (leds_off)
contiki-mist-cc2538dk.a(leds-arch.o)
                              contiki-mist-cc2538dk.a(leds.o) (leds_arch_init)
contiki-mist-cc2538dk.a(sensors.o)
                              contiki-mist-cc2538dk.a(contiki-mist-cc) (sensors_process)
contiki-mist-cc2538dk.a(smartrf-sensors)
                              contiki-mist-cc2538dk.a(sensors.o) (sensors)
contiki-mist-cc2538dk.a(button-sensor.o)
                              contiki-mist-cc2538dk.a(contiki-mist-cc) (button_sensor_init)
contiki-mist-cc2538dk.a(clock.o)
                              contiki-mist-cc2538dk.a(contiki-mist-cc) (clock_init)
contiki-mist-cc2538dk.a(rtimer-arch.o)
                              obj_mist-cc2538dk/startup-gcc.o (rtimer_isr)
contiki-mist-cc2538dk.a(uart.o)
                              contiki-mist-cc2538dk.a(contiki-mist-cc) (uart_set_input)
contiki-mist-cc2538dk.a(watchdog.o)
                              contiki-mist-cc2538dk.a(contiki-mist-cc) (watchdog_init)
contiki-mist-cc2538dk.a(nvic.o)
                              contiki-mist-cc2538dk.a(contiki-mist-cc) (nvic_init)
contiki-mist-cc2538dk.a(cpu.o)
                              contiki-mist-cc2538dk.a(contiki-mist-cc) (cpu_cpsie)
contiki-mist-cc2538dk.a(sys-ctrl.o)
                              contiki-mist-cc2538dk.a(contiki-mist-cc) (sys_ctrl_init)
contiki-mist-cc2538dk.a(gpio.o)
                              contiki-mist-cc2538dk.a(button-sensor.o) (gpio_register_callback)
contiki-mist-cc2538dk.a(ioc.o)
                              contiki-mist-cc2538dk.a(contiki-mist-cc) (ioc_init)
contiki-mist-cc2538dk.a(cc2538-rf.o)
                              contiki-mist-cc2538dk.a(contiki-mist-cc) (cc2538_rf_set_addr)
contiki-mist-cc2538dk.a(udma.o)
                              contiki-mist-cc2538dk.a(cc2538-rf.o) (udma_set_channel_src)
contiki-mist-cc2538dk.a(lpm.o)
                              contiki-mist-cc2538dk.a(uart.o) (lpm_register_peripheral)
contiki-mist-cc2538dk.a(dbg.o)
                              hello-world.co (puts)
contiki-mist-cc2538dk.a(ieee-addr.o)
                              contiki-mist-cc2538dk.a(contiki-mist-cc) (ieee_addr_cpy_to)
contiki-mist-cc2538dk.a(dbg-printf.o)
                              contiki-mist-cc2538dk.a(contiki-mist-cc) (printf)
contiki-mist-cc2538dk.a(strformat.o)
                              contiki-mist-cc2538dk.a(dbg-printf.o) (format_str_v)
contiki-mist-cc2538dk.a(autostart.o)
                              contiki-mist-cc2538dk.a(contiki-mist-cc) (autostart_start)
contiki-mist-cc2538dk.a(ctimer.o)
                              contiki-mist-cc2538dk.a(contiki-mist-cc) (ctimer_init)
contiki-mist-cc2538dk.a(energest.o)
                              contiki-mist-cc2538dk.a(contiki-mist-cc) (energest_init)
contiki-mist-cc2538dk.a(etimer.o)
                              contiki-mist-cc2538dk.a(ctimer.o) (etimer_expired)
contiki-mist-cc2538dk.a(process.o)
                              contiki-mist-cc2538dk.a(sensors.o) (process_alloc_event)
contiki-mist-cc2538dk.a(rtimer.o)
                              contiki-mist-cc2538dk.a(rtimer-arch.o) (rtimer_run_next)
contiki-mist-cc2538dk.a(timer.o)
                              contiki-mist-cc2538dk.a(etimer.o) (timer_reset)
contiki-mist-cc2538dk.a(serial-line.o)
                              contiki-mist-cc2538dk.a(contiki-mist-cc) (serial_line_init)
contiki-mist-cc2538dk.a(list.o)
                              contiki-mist-cc2538dk.a(ctimer.o) (list_init)
contiki-mist-cc2538dk.a(random.o)
                              contiki-mist-cc2538dk.a(contiki-mist-cc) (random_init)
contiki-mist-cc2538dk.a(ringbuf.o)
                              contiki-mist-cc2538dk.a(serial-line.o) (ringbuf_init)
contiki-mist-cc2538dk.a(linkaddr.o)
                              contiki-mist-cc2538dk.a(contiki-mist-cc) (linkaddr_node_addr)
contiki-mist-cc2538dk.a(netstack.o)
                              contiki-mist-cc2538dk.a(contiki-mist-cc) (netstack_init)
contiki-mist-cc2538dk.a(packetbuf.o)
                              contiki-mist-cc2538dk.a(cc2538-rf.o) (packetbuf_set_datalen)
contiki-mist-cc2538dk.a(queuebuf.o)
                              contiki-mist-cc2538dk.a(contiki-mist-cc) (queuebuf_init)
contiki-mist-cc2538dk.a(sicslowpan.o)
                              contiki-mist-cc2538dk.a(contiki-mist-cc) (sicslowpan_driver)
contiki-mist-cc2538dk.a(uip6.o)
                              contiki-mist-cc2538dk.a(sicslowpan.o) (uip_aligned_buf)
contiki-mist-cc2538dk.a(uip-ds6.o)
                              contiki-mist-cc2538dk.a(uip6.o) (uip_ds6_if)
contiki-mist-cc2538dk.a(uip-ds6-nbr.o)
                              contiki-mist-cc2538dk.a(sicslowpan.o) (uip_ds6_link_neighbor_callback)
contiki-mist-cc2538dk.a(uip-ds6-route.o)
[...]
Memory Configuration

Name             Origin             Length             Attributes
FLASH            0x00200000         0x0007ffd4         xr
FLASH_CCA        0x0027ffd4         0x0000002c         xr
SRAM             0x20000000         0x00008000         xrw
*default*        0x00000000         0xffffffff

Linker script and memory map

LOAD obj_mist-cc2538dk/startup-gcc.o
LOAD hello-world.co
LOAD contiki-mist-cc2538dk.a
START GROUP
LOAD /home/user/CodeSourcery/Sourcery_G++_Lite/bin/../lib/gcc/arm-none-eabi/4.3.2/thumb2/libgcc.a
LOAD /home/user/CodeSourcery/Sourcery_G++_Lite/bin/../lib/gcc/arm-none-eabi/4.3.2/../../../../arm-none-eabi/lib/thumb2/libc.a
END GROUP

.text           0x00200000     0xeba3
                0x00200000                _text = .
 *(.vectors)
 .vectors       0x00200000      0x28c obj_mist-cc2538dk/startup-gcc.o
                0x00200000                vectors
 *(.text*)
 .text          0x0020028c       0x68 obj_mist-cc2538dk/startup-gcc.o
                0x00200290                reset_handler
                0x0020028c                default_handler
                0x002002e4                nmi_handler
 .text          0x002002f4       0x20 hello-world.co
 .text          0x00200314      0x214 contiki-mist-cc2538dk.a(contiki-mist-cc)
                0x00200378                main
 .text          0x00200528       0xb4 contiki-mist-cc2538dk.a(leds.o)
                0x00200548                leds_toggle
                0x00200570                leds_on
                0x00200550                leds_off
                0x00200590                leds_get
                0x00200528                leds_invert
                0x00200598                leds_blink
                0x002005c4                leds_init
 .text          0x002005dc       0x30 contiki-mist-cc2538dk.a(leds-arch.o)
                0x002005dc                leds_arch_init
                0x002005f0                leds_arch_get
                0x00200600                leds_arch_set
 .text          0x0020060c      0x210 contiki-mist-cc2538dk.a(sensors.o)
                0x00200778                sensors_find
                0x0020060c                sensors_first
                0x00200618                sensors_next
                0x002007c4                sensors_changed
 .text          0x0020081c        0x0 contiki-mist-cc2538dk.a(smartrf-sensors)
 .text          0x0020081c      0x1dc contiki-mist-cc2538dk.a(button-sensor.o)
                0x0020096c                button_sensor_init
 .text          0x002009f8      0x1a0 contiki-mist-cc2538dk.a(clock.o)
                0x00200af8                clock_adjust
                0x002009f8                clock_init
                0x00200a98                clock_wait
                0x00200a8c                clock_seconds
                0x00200b5c                clock_isr
                0x00200ad0                clock_delay
                0x00200aac                clock_delay_usec
                0x00200a80                clock_set_seconds
                0x00200a74                clock_time
 .text          0x00200b98      0x114 contiki-mist-cc2538dk.a(rtimer-arch.o)
                0x00200ba8                rtimer_arch_now
                0x00200be4                rtimer_isr
                0x00200b98                rtimer_arch_init
                0x00200c08                rtimer_arch_schedule
                0x00200b9c                rtimer_arch_next_trigger
 .text          0x00200cac      0x1cc contiki-mist-cc2538dk.a(uart.o)
                0x00200cd4                uart_set_input
                0x00200cfc                uart_isr
                0x00200d94                uart_init
                0x00200ce0                uart_write_byte
 .text          0x00200e78       0x40 contiki-mist-cc2538dk.a(watchdog.o)
                0x00200e98                watchdog_periodic
                0x00200e88                watchdog_start
                0x00200eac                watchdog_stop
                0x00200eb0                watchdog_reboot
                0x00200e78                watchdog_init
 .text          0x00200eb8      0x100 contiki-mist-cc2538dk.a(nvic.o)
                0x00200f14                nvic_interrupt_disable
                0x00200eb8                nvic_init
                0x00200ef8                nvic_interrupt_enable
                0x00200f30                nvic_interrupt_en_restore
                0x00200f80                nvic_interrupt_pend
                0x00200f9c                nvic_interrupt_unpend
                0x00200f54                nvic_interrupt_en_save
 .text          0x00200fb8       0x10 contiki-mist-cc2538dk.a(cpu.o)
                0x00200fb8                cpu_cpsie
                0x00200fc0                cpu_cpsid
 .text          0x00200fc8       0x40 contiki-mist-cc2538dk.a(sys-ctrl.o)
                0x00200fc8                sys_ctrl_init
                0x00200ff8                sys_ctrl_reset
 .text          0x00201008      0x12c contiki-mist-cc2538dk.a(gpio.o)
                0x00201008                gpio_register_callback
                0x00201104                gpio_port_a_isr
                0x0020109c                gpio_port_c_isr
                0x0020101c                notify
                0x00201068                gpio_port_d_isr
                0x002010d0                gpio_port_b_isr
                0x00201054                gpio_init
 .text          0x00201134       0x48 contiki-mist-cc2538dk.a(ioc.o)
                0x00201154                ioc_set_over
                0x00201168                ioc_set_sel
                0x00201134                ioc_init
 .text          0x0020117c      0x7fc contiki-mist-cc2538dk.a(cc2538-rf.o)
                0x002014a8                cc2538_rf_set_promiscous_mode
                0x002015c8                cc2538_rf_err_isr
                0x00201604                cc2538_rf_rx_tx_isr
                0x002011a4                cc2538_rf_channel_set
                0x0020117c                cc2538_rf_channel_get
                0x002012a4                cc2538_rf_read_rssi
                0x00201230                cc2538_rf_power_set
                0x00201240                cc2538_rf_set_addr
 .text          0x00201978      0x1d4 contiki-mist-cc2538dk.a(udma.o)
                0x002019a0                udma_set_channel_control_word
                0x00201af4                udma_isr
                0x00201a50                udma_channel_prio_set_default
                0x00201b04                udma_err_isr
                0x002019f8                udma_channel_disable
                0x00201a64                udma_channel_use_burst
                0x002019b8                udma_set_channel_assignment
                0x00201abc                udma_channel_sw_request
                0x00201a90                udma_channel_mask_set
                0x00201a38                udma_channel_prio_set_high
                0x00201a7c                udma_channel_use_single
                0x00201a24                udma_channel_use_primary
                0x00201a0c                udma_channel_use_alternate
                0x0020198c                udma_set_channel_dst
                0x00201ad4                udma_channel_get_mode
                0x00201b14                udma_init
                0x00201978                udma_set_channel_src
                0x002019e0                udma_channel_enable
                0x00201aa8                udma_channel_mask_clr
 .text          0x00201b4c      0x260 contiki-mist-cc2538dk.a(lpm.o)
                0x00201b84                lpm_init
                0x00201b60                lpm_register_peripheral
                0x00201bb0                lpm_enter
                0x00201b4c                lpm_set_max_pm
                0x00201d18                lpm_exit
 .text          0x00201dac       0x6c contiki-mist-cc2538dk.a(dbg.o)
                0x00201dac                putchar
                0x00201dbc                puts
                0x00201de8                dbg_send_bytes
 .text          0x00201e18       0x1c contiki-mist-cc2538dk.a(ieee-addr.o)
                0x00201e18                ieee_addr_cpy_to
 .text          0x00201e34       0x34 contiki-mist-cc2538dk.a(dbg-printf.o)
                0x00201e34                printf
 .text          0x00201e68      0xa4c contiki-mist-cc2538dk.a(strformat.o)
                0x00202898                format_str
                0x00201eb0                format_str_v
 .text          0x002028b4       0x34 contiki-mist-cc2538dk.a(autostart.o)
                0x002028b4                autostart_exit
                0x002028cc                autostart_start
 .text          0x002028e8      0x20c contiki-mist-cc2538dk.a(ctimer.o)
                0x00202a2c                ctimer_set
                0x002029e0                ctimer_restart
                0x00202a84                ctimer_reset
                0x00202ad0                ctimer_init
                0x00202980                ctimer_expired
                0x002029b4                ctimer_stop
 .text          0x00202af4       0x10 contiki-mist-cc2538dk.a(energest.o)
                0x00202af4                energest_type_set
                0x00202b00                energest_flush
                0x00202af8                energest_init
                0x00202afc                energest_type_time
 .text          0x00202b04      0x23c contiki-mist-cc2538dk.a(etimer.o)
                0x00202b1c                etimer_pending
                0x00202d20                etimer_reset
                0x00202d30                etimer_set
                0x00202bc0                etimer_adjust
                0x00202d10                etimer_restart
                0x00202b18                etimer_start_time
                0x00202b30                etimer_next_expiration_time
                0x00202bd0                etimer_request_poll
                0x00202b10                etimer_expiration_time
                0x00202b84                etimer_stop
                0x00202b04                etimer_expired
 .text          0x00202d40      0x318 contiki-mist-cc2538dk.a(process.o)
                0x00202f80                process_post
                0x00202f70                process_nevents
                0x00202fd8                process_start
                0x00202fc4                process_post_synch
                0x00203030                process_poll
                0x00202d40                process_alloc_event
                0x00202e54                process_exit
                0x0020304c                process_is_running
                0x00202e68                process_init
                0x00202e84                process_run
 .text          0x00203058       0x5c contiki-mist-cc2538dk.a(rtimer.o)
                0x00203058                rtimer_run_next
                0x0020307c                rtimer_set
                0x002030ac                rtimer_init
 .text          0x002030b4       0x54 contiki-mist-cc2538dk.a(timer.o)
                0x002030d0                timer_expired
                0x002030c0                timer_remaining
                0x002030f8                timer_set
                0x002030ec                timer_restart
                0x002030b4                timer_reset
 .text          0x00203108      0x15c contiki-mist-cc2538dk.a(serial-line.o)
                0x00203210                serial_line_input_byte
                0x002031ec                serial_line_init
 .text          0x00203264      0x174 contiki-mist-cc2538dk.a(list.o)
                0x00203270                list_copy
                0x002032d8                list_push
                0x00203334                list_pop
                0x00203288                list_add
                0x0020336c                list_length
                0x00203278                list_tail
                0x0020326c                list_head
                0x00203384                list_insert
                0x00203318                list_chop
                0x002033d0                list_item_next
                0x00203264                list_init
                0x00203340                list_remove
 .text          0x002033d8       0xc8 contiki-mist-cc2538dk.a(random.o)
                0x002033d8                random_rand
                0x00203404                random_init
 .text          0x002034a0       0x7c contiki-mist-cc2538dk.a(ringbuf.o)
                0x002034a0                ringbuf_init
                0x0020350c                ringbuf_elements
                0x002034b0                ringbuf_put
                0x002034dc                ringbuf_get
                0x00203504                ringbuf_size
 .text          0x0020351c       0x34 contiki-mist-cc2538dk.a(linkaddr.o)
                0x0020353c                linkaddr_set_node_addr
                0x00203530                linkaddr_copy
                0x0020351c                linkaddr_cmp
 .text          0x00203550       0x34 contiki-mist-cc2538dk.a(netstack.o)
                0x00203550                netstack_init
 .text          0x00203584      0x34c contiki-mist-cc2538dk.a(packetbuf.o)
                0x002037e0                packetbuf_copyto
                0x0020363c                packetbuf_is_reference
                0x002037bc                packetbuf_attr_copyto
                0x002038a8                packetbuf_copyfrom
                0x002035c4                packetbuf_hdr_remove
                0x002036b0                packetbuf_attr
                0x002035fc                packetbuf_set_datalen
                0x00203668                packetbuf_datalen
                0x00203794                packetbuf_attr_copyfrom
                0x0020365c                packetbuf_reference_ptr
                0x00203584                packetbuf_clear_hdr
                0x00203830                packetbuf_copyto_hdr
                0x002036a0                packetbuf_set_attr
                0x00203688                packetbuf_totlen
                0x0020377c                packetbuf_reference
                0x00203594                packetbuf_hdralloc
                0x002036d4                packetbuf_set_addr
                0x00203674                packetbuf_hdrlen
                0x002036c0                packetbuf_addr
                0x00203624                packetbuf_hdrptr
                0x002035d4                packetbuf_hdrreduce
                0x00203608                packetbuf_dataptr
                0x00203858                packetbuf_compact
                0x00203754                packetbuf_clear
                0x002036f0                packetbuf_attr_clear
 .text          0x002038d0      0x1a8 contiki-mist-cc2538dk.a(queuebuf.o)
                0x002038d8                queuebuf_addr
                0x002038f4                queuebuf_dataptr
                0x002038d0                queuebuf_datalen
                0x00203988                queuebuf_free
                0x00203a54                queuebuf_init
                0x002038f0                queuebuf_debug_print
                0x002038e4                queuebuf_attr
                0x002039e4                queuebuf_new_from_packetbuf
                0x002039d4                queuebuf_update_attr_from_packetbuf
                0x00203924                queuebuf_to_packetbuf
 .text          0x00203a78     0x1088 contiki-mist-cc2538dk.a(sicslowpan.o)
                0x002042bc                sicslowpan_init
                0x00203a78                rime_sniffer_add
                0x00203a84                rime_sniffer_remove
                0x00203a94                sicslowpan_get_last_rssi
 .text          0x00204b00     0x1b14 contiki-mist-cc2538dk.a(uip6.o)
                0x00204e38                uip_unlisten
                0x00205110                remove_ext_hdr
                0x00204b00                uip_add32
                0x00205170                uip_process
                0x00204be0                uip_ipchksum
                0x00205050                uip_udp_new
                0x00204f24                uip_htonl
                0x00204e90                uip_listen
                0x00204d18                uip_icmp6chksum
                0x00204f18                uip_htons
                0x00204d24                uip_tcpchksum
                0x00204d3c                uip_connect
                0x00204b6c                uip_chksum
                0x002065b4                uip_init
                0x00204d30                uip_udpchksum
                0x00204f3c                uip_send
 .text          0x00206614      0x6e4 contiki-mist-cc2538dk.a(uip-ds6.o)
                0x002069dc                uip_ds6_maddr_add
                0x002066bc                uip_ds6_maddr_rm
                0x002067f4                uip_ds6_compute_reachable_time
                0x002068e4                uip_ds6_aaddr_lookup
                0x002066c4                uip_ds6_aaddr_rm
                0x00206820                uip_ds6_set_addr_iid
                0x00206614                uip_ds6_prefix_rm
                0x00206bf0                uip_ds6_init
                0x002067b0                get_match_length
                0x00206918                uip_ds6_aaddr_add
                0x00206a54                uip_ds6_addr_add
                0x0020661c                uip_ds6_get_link_local
                0x00206b24                uip_ds6_prefix_add
                0x00206884                uip_ds6_list_loop
                0x00206994                uip_ds6_addr_rm
                0x00206960                uip_ds6_maddr_lookup
                0x00206af4                uip_ds6_prefix_lookup
                0x00206838                uip_ds6_is_addr_onlink
                0x00206b8c                uip_ds6_periodic
                0x002066cc                uip_ds6_select_src
                0x00206a24                uip_ds6_addr_lookup
                0x0020666c                uip_ds6_get_global
 .text          0x00206cf8      0x310 contiki-mist-cc2538dk.a(uip-ds6-nbr.o)
                0x00206e0c                uip_ds6_nbr_get_ll
                0x00206dd4                uip_ds6_nbr_lookup
                0x00206cfc                uip_ds6_get_least_lifetime_neighbor
                0x00206e20                uip_ds6_nbr_lladdr_from_ipaddr
                0x00206e3c                uip_ds6_nbr_rm
                0x00206dac                uip_ds6_nbr_ll_lookup
                0x00206e58                uip_ds6_neighbor_periodic
                0x00206dc0                uip_ds6_nbr_ipaddr_from_lladdr
                0x00206f98                uip_ds6_nbr_add
                0x00206cf8                uip_ds6_nbr_get_ipaddr
                0x00206fec                uip_ds6_neighbors_init
                0x00206d58                uip_ds6_nbr_num
                0x00206d84                uip_ds6_link_neighbor_callback
 .text          0x00207008      0x49c contiki-mist-cc2538dk.a(uip-ds6-route.o)
                0x00207384                uip_ds6_route_add
                0x00207094                uip_ds6_notification_rm
                0x00207364                uip_ds6_route_rm_by_nexthop
                0x00207278                uip_ds6_route_nexthop
                0x00207140                uip_ds6_defrt_periodic
                0x00207014                uip_ds6_route_head
                0x00207290                uip_ds6_route_rm
                0x002070f4                uip_ds6_defrt_rm
                0x00207180                uip_ds6_defrt_add
                0x00207008                uip_ds6_route_num_routes
                0x00207064                uip_ds6_defrt_lookup
                0x002071dc                uip_ds6_route_lookup
                0x00207030                uip_ds6_defrt_choose
                0x00207024                uip_ds6_route_next
                0x00207250                uip_ds6_notification_add
                0x0020745c                uip_ds6_route_init
 .text          0x002074a4      0x480 contiki-mist-cc2538dk.a(uip-icmp6.o)
                0x002074e0                uip_icmp6_echo_reply_input
                0x002074a4                uip_icmp6_echo_reply_callback_rm
                0x00207700                uip_icmp6_send
                0x00207788                uip_icmp6_error_output
                0x002075f4                uip_icmp6_echo_request_input
                0x002074b8                uip_icmp6_echo_reply_callback_add
 .text          0x00207924      0x694 contiki-mist-cc2538dk.a(uip-nd6.o)
                0x00207bb4                uip_nd6_ns_output
                0x00207924                uip_nd6_na_input
                0x00207cfc                uip_nd6_ns_input
 .text          0x00207fb8      0x380 contiki-mist-cc2538dk.a(csma.o)
 .text          0x00208338      0x1cc contiki-mist-cc2538dk.a(framer-802154.o)
 .text          0x00208504       0x10 contiki-mist-cc2538dk.a(mac.o)
                0x00208504                mac_call_sent_callback
 .text          0x00208514      0x688 contiki-mist-cc2538dk.a(tcpip.o)
                0x00208538                tcp_attach
                0x00208ac8                udp_broadcast_new
                0x00208548                udp_attach
                0x002085f8                tcpip_uipcall
                0x00208514                tcpip_output
                0x00208b10                tcp_listen
                0x002086f8                tcpip_poll_tcp
                0x002086cc                tcpip_icmp6_call
                0x00208b6c                tcp_connect
                0x00208720                tcpip_ipv6_output
                0x00208580                tcp_unlisten
                0x00208558                icmp6_new
                0x002086a0                tcpip_input
                0x0020852c                tcpip_set_outputfunc
                0x0020870c                tcpip_poll_udp
                0x00208aa8                udp_new
 .text          0x00208b9c       0xb4 contiki-mist-cc2538dk.a(uip-debug.o)
                0x00208b9c                uip_debug_lladdr_print
                0x00208bd4                uip_debug_ipaddr_print
 .text          0x00208c50      0x284 contiki-mist-cc2538dk.a(rpl.o)
                0x00208dd8                rpl_remove_routes
                0x00208d94                rpl_remove_routes_by_nexthop
                0x00208ca8                rpl_ipv6_neighbor_callback
                0x00208d64                rpl_add_route
                0x00208c5c                rpl_init
                0x00208c50                rpl_get_mode
                0x00208e90                rpl_set_mode
                0x00208e0c                rpl_purge_routes
                0x00208ce4                rpl_link_neighbor_callback
 .text          0x00208ed4      0xfa8 contiki-mist-cc2538dk.a(rpl-dag.o)
                0x002093c0                rpl_remove_parent
                0x00209060                rpl_get_parent_link_metric
                0x00208f3c                rpl_repair_root
                0x0020930c                rpl_nullify_parent
                0x00208f14                rpl_find_of
                0x002099bc                rpl_recalculate_ranks
                0x002094a0                rpl_free_instance
                0x00208ee0                rpl_get_any_dag
                0x00209220                rpl_set_prefix
                0x00209434                rpl_free_dag
                0x002094fc                rpl_alloc_dag
                0x00209e64                rpl_dag_init
                0x002096a4                rpl_set_root
                0x0020995c                rpl_process_parent_event
                0x00208ef8                rpl_get_instance
                0x00209a18                rpl_add_dag
                0x00209078                rpl_get_parent_rank
                0x0020946c                rpl_add_parent
                0x002097f8                rpl_select_dag
                0x00209b38                rpl_process_dio
                0x00209130                rpl_alloc_instance
                0x002097ac                rpl_move_parent
                0x00209794                rpl_get_parent_ipaddr
                0x00209570                rpl_join_instance
                0x00209350                rpl_local_repair
                0x00208f28                rpl_lock_parent
                0x00209044                rpl_find_parent
                0x002090bc                rpl_select_parent
                0x00208ed4                rpl_set_default_instance
                0x002092c4                rpl_set_default_route
                0x00209024                rpl_find_parent_any_dag
 .text          0x00209e7c      0x368 contiki-mist-cc2538dk.a(rpl-ext-header.)
                0x00209fc8                rpl_update_header_empty
                0x0020a108                rpl_insert_header
                0x00209ed0                rpl_remove_header
                0x00209e7c                rpl_invert_header
                0x0020a134                rpl_verify_header
                0x00209f38                rpl_update_header_final
 .text          0x0020a1e4      0xa10 contiki-mist-cc2538dk.a(rpl-icmp6.o)
                0x0020a1e4                dao_ack_output
                0x0020a218                dio_output
                0x0020a564                uip_rpl_input
                0x0020ab90                dao_output
                0x0020a504                dis_output
                0x0020aac8                dao_output_target
 .text          0x0020abf4      0x104 contiki-mist-cc2538dk.a(rpl-mrhof.o)
 .text          0x0020acf8      0x2a8 contiki-mist-cc2538dk.a(rpl-timers.o)
                0x0020acf8                rpl_cancel_dao
                0x0020ae1c                rpl_reset_dio_timer
                0x0020ae3c                rpl_reset_periodic_timer
                0x0020ada8                rpl_schedule_dao
                0x0020ad9c                rpl_schedule_dao_immediately
 .text          0x0020afa0      0x784 contiki-mist-cc2538dk.a(contikimac.o)
                0x0020b040                contikimac_debug_print
 .text          0x0020b724      0x240 contiki-mist-cc2538dk.a(netstack-aes.o)
                0x0020b724                netstack_aes_set_active
                0x0020b734                netstack_aes_set_key
                0x0020b730                netstack_aes_set_master_key
                0x0020b778                netstack_aes_verify
                0x0020b750                netstack_aes_init
                0x0020b8d4                netstack_aes_encrypt
                0x0020b824                netstack_aes_decrypt
 .text          0x0020b964       0x6c contiki-mist-cc2538dk.a(stimer.o)
                0x0020b970                stimer_elapsed
                0x0020b980                stimer_remaining
                0x0020b9b4                stimer_restart
                0x0020b964                stimer_reset
                0x0020b990                stimer_expired
                0x0020b9c0                stimer_set
 .text          0x0020b9d0       0xc0 contiki-mist-cc2538dk.a(memb.o)
                0x0020b9d0                memb_alloc
                0x0020ba08                memb_free
                0x0020ba70                memb_init
                0x0020ba50                memb_inmemb
 .text          0x0020ba90      0x4c0 contiki-mist-cc2538dk.a(nbr-table.o)
                0x0020bc4c                nbr_table_get_from_lladdr
                0x0020bb28                nbr_table_register
                0x0020bd94                nbr_table_add_lladdr
                0x0020bb84                nbr_table_lock
                0x0020bd28                nbr_table_head
                0x0020bb50                nbr_table_remove
                0x0020bb9c                nbr_table_unlock
                0x0020bc90                nbr_table_next
                0x0020bbb4                nbr_table_get_lladdr
 .text          0x0020bf50      0x338 contiki-mist-cc2538dk.a(frame802154.o)
                0x0020c130                frame802154_create
                0x0020bf50                frame802154_parse
                0x0020c258                frame802154_hdrlen
 .text          0x0020c288       0xa0 contiki-mist-cc2538dk.a(mac-sequence.o)
                0x0020c288                mac_sequence_is_duplicate
                0x0020c2c4                mac_sequence_register_seqno
 .text          0x0020c328      0x658 contiki-mist-cc2538dk.a(aes-ccm.o)
                0x0020c6dc                aes_ccm_encrypt
                0x0020c61c                aes_ccm_decrypt
                0x0020c774                aes_ccm_verify
 .text          0x0020c980      0xf94 contiki-mist-cc2538dk.a(aes.o)
                0x0020d058                aes_decrypt
                0x0020ca64                aes_encrypt
 .text          0x0020d914       0x2c /home/user/CodeSourcery/Sourcery_G++_Lite/bin/../lib/gcc/arm-none-eabi/4.3.2/thumb2/libgcc.a(_aeabi_uldivmod.o)
                0x0020d914                __aeabi_uldivmod
 .text          0x0020d940       0x60 /home/user/CodeSourcery/Sourcery_G++_Lite/bin/../lib/gcc/arm-none-eabi/4.3.2/thumb2/libgcc.a(bpabi.o)
                0x0020d940                __gnu_uldivmod_helper
                0x0020d970                __gnu_ldivmod_helper
 .text          0x0020d9a0        0x4 /home/user/CodeSourcery/Sourcery_G++_Lite/bin/../lib/gcc/arm-none-eabi/4.3.2/thumb2/libgcc.a(_dvmd_tls.o)
                0x0020d9a0                __aeabi_ldiv0
                0x0020d9a0                __aeabi_idiv0
 .text          0x0020d9a4      0x424 /home/user/CodeSourcery/Sourcery_G++_Lite/bin/../lib/gcc/arm-none-eabi/4.3.2/thumb2/libgcc.a(_divdi3.o)
                0x0020d9a4                __divdi3
 .text          0x0020ddc8      0x3e4 /home/user/CodeSourcery/Sourcery_G++_Lite/bin/../lib/gcc/arm-none-eabi/4.3.2/thumb2/libgcc.a(_udivdi3.o)
                0x0020ddc8                __udivdi3
 .text          0x0020e1ac       0x8c /home/user/CodeSourcery/Sourcery_G++_Lite/bin/../lib/gcc/arm-none-eabi/4.3.2/thumb2/libgcc.a(_udivsi3.o)
                0x0020e1ac                __udivsi3
                0x0020e1ac                __aeabi_uidiv
                0x0020e224                __aeabi_uidivmod
 .text          0x0020e238        0x0 /home/user/CodeSourcery/Sourcery_G++_Lite/bin/../lib/gcc/arm-none-eabi/4.3.2/thumb2/libgcc.a(_clz.o)
 .text          0x0020e238       0x60 /home/user/CodeSourcery/Sourcery_G++_Lite/bin/../lib/gcc/arm-none-eabi/4.3.2/../../../../arm-none-eabi/lib/thumb2/libc.a(lib_a-memcmp.o)
                0x0020e238                memcmp
 .text          0x0020e298       0x98 /home/user/CodeSourcery/Sourcery_G++_Lite/bin/../lib/gcc/arm-none-eabi/4.3.2/../../../../arm-none-eabi/lib/thumb2/libc.a(lib_a-memcpy.o)
                0x0020e298                memcpy
 .text          0x0020e330       0xc0 /home/user/CodeSourcery/Sourcery_G++_Lite/bin/../lib/gcc/arm-none-eabi/4.3.2/../../../../arm-none-eabi/lib/thumb2/libc.a(lib_a-memmove.o)
                0x0020e330                memmove
 .text          0x0020e3f0       0x88 /home/user/CodeSourcery/Sourcery_G++_Lite/bin/../lib/gcc/arm-none-eabi/4.3.2/../../../../arm-none-eabi/lib/thumb2/libc.a(lib_a-memset.o)
                0x0020e3f0                memset
 .text          0x0020e478       0x34 /home/user/CodeSourcery/Sourcery_G++_Lite/bin/../lib/gcc/arm-none-eabi/4.3.2/../../../../arm-none-eabi/lib/thumb2/libc.a(lib_a-strlen.o)
                0x0020e478                strlen
 .text          0x0020e4ac       0x88 /home/user/CodeSourcery/Sourcery_G++_Lite/bin/../lib/gcc/arm-none-eabi/4.3.2/../../../../arm-none-eabi/lib/thumb2/libc.a(lib_a-strncmp.o)
                0x0020e4ac                strncmp
 *(.rodata*)
 .rodata        0x0020e534        0x8 hello-world.co
                0x0020e534                autostart_processes
 .rodata.str1.4
                0x0020e53c       0x24 hello-world.co
 .rodata.str1.4
                0x0020e560       0x8d contiki-mist-cc2538dk.a(contiki-mist-cc)
                                 0x90 (size before relaxing)
 *fill*         0x0020e5ed        0x3 00000000
 .rodata.str1.4
                0x0020e5f0        0x8 contiki-mist-cc2538dk.a(sensors.o)
 .rodata        0x0020e5f8       0x50 contiki-mist-cc2538dk.a(button-sensor.o)
                0x0020e618                button_right_sensor
                0x0020e608                button_left_sensor
                0x0020e628                button_up_sensor
                0x0020e5f8                button_select_sensor
                0x0020e638                button_down_sensor
 .rodata.str1.4
                0x0020e648        0x7 contiki-mist-cc2538dk.a(button-sensor.o)
                                  0x8 (size before relaxing)
 *fill*         0x0020e64f        0x1 00000000
 .rodata        0x0020e650       0x28 contiki-mist-cc2538dk.a(cc2538-rf.o)
                0x0020e650                cc2538_rf_driver
 .rodata.str1.4
                0x0020e678       0x11 contiki-mist-cc2538dk.a(cc2538-rf.o)
                                 0x14 (size before relaxing)
 *fill*         0x0020e689        0x3 00000000
 .rodata        0x0020e68c       0x20 contiki-mist-cc2538dk.a(strformat.o)
 .rodata.str1.4
                0x0020e6ac       0x43 contiki-mist-cc2538dk.a(strformat.o)
                                 0x48 (size before relaxing)
 *fill*         0x0020e6ef        0x1 00000000
 .rodata.str1.4
                0x0020e6f0        0xf contiki-mist-cc2538dk.a(ctimer.o)
                                 0x10 (size before relaxing)
 *fill*         0x0020e6ff        0x1 00000000
 .rodata.str1.4
                0x0020e700        0xc contiki-mist-cc2538dk.a(etimer.o)
 .rodata.str1.4
                0x0020e70c        0xe contiki-mist-cc2538dk.a(serial-line.o)
                                 0x10 (size before relaxing)
 .rodata        0x0020e71a        0x8 contiki-mist-cc2538dk.a(linkaddr.o)
                0x0020e71a                linkaddr_null
 *fill*         0x0020e722        0x2 00000000
 .rodata        0x0020e724        0x4 contiki-mist-cc2538dk.a(packetbuf.o)
 .rodata        0x0020e728       0x20 contiki-mist-cc2538dk.a(sicslowpan.o)
                0x0020e730                unc_llconf
                0x0020e72c                unc_ctxconf
                0x0020e734                llprefix
                0x0020e738                unc_mxconf
                0x0020e73c                sicslowpan_driver
 .rodata.str1.4
                0x0020e748        0xb contiki-mist-cc2538dk.a(sicslowpan.o)
                                  0xc (size before relaxing)
 *fill*         0x0020e753        0x1 00000000
 .rodata        0x0020e754       0x1c contiki-mist-cc2538dk.a(csma.o)
                0x0020e754                csma_driver
 .rodata.str1.4
                0x0020e770        0x5 contiki-mist-cc2538dk.a(csma.o)
                                  0x8 (size before relaxing)
 *fill*         0x0020e775        0x3 00000000
 .rodata        0x0020e778        0x8 contiki-mist-cc2538dk.a(framer-802154.o)
                0x0020e778                framer_802154
 .rodata.str1.4
                0x0020e780        0xd contiki-mist-cc2538dk.a(tcpip.o)
                                 0x10 (size before relaxing)
 *fill*         0x0020e78d        0x3 00000000
 .rodata.str1.4
                0x0020e790       0x1f contiki-mist-cc2538dk.a(uip-debug.o)
                                 0x20 (size before relaxing)
 *fill*         0x0020e7af        0x1 00000000
 .rodata        0x0020e7b0       0x20 contiki-mist-cc2538dk.a(contikimac.o)
                0x0020e7b0                contikimac_driver
 .rodata.str1.4
                0x0020e7d0        0xb contiki-mist-cc2538dk.a(contikimac.o)
                                  0xc (size before relaxing)
 *fill*         0x0020e7db        0x1 00000000
 .rodata.str1.4
                0x0020e7dc       0xbc contiki-mist-cc2538dk.a(netstack-aes.o)
 .rodata        0x0020e898      0x20b contiki-mist-cc2538dk.a(aes.o)
 .rodata        0x0020eaa3      0x100 /home/user/CodeSourcery/Sourcery_G++_Lite/bin/../lib/gcc/arm-none-eabi/4.3.2/thumb2/libgcc.a(_clz.o)
                0x0020eaa3                __clz_tab
                0x0020eba3                _etext = .

.glue_7         0x0020eba4        0x0 load address 0x0020eba3
 .glue_7        0x0020eba4        0x0 obj_mist-cc2538dk/startup-gcc.o
 .glue_7        0x0020eba4        0x0 hello-world.co
 .glue_7        0x0020eba4        0x0 contiki-mist-cc2538dk.a(contiki-mist-cc)
 .glue_7        0x0020eba4        0x0 contiki-mist-cc2538dk.a(leds.o)
 .glue_7        0x0020eba4        0x0 contiki-mist-cc2538dk.a(leds-arch.o)
 .glue_7        0x0020eba4        0x0 contiki-mist-cc2538dk.a(sensors.o)
 .glue_7        0x0020eba4        0x0 contiki-mist-cc2538dk.a(smartrf-sensors)
 .glue_7        0x0020eba4        0x0 contiki-mist-cc2538dk.a(button-sensor.o)
 .glue_7        0x0020eba4        0x0 contiki-mist-cc2538dk.a(clock.o)
 .glue_7        0x0020eba4        0x0 contiki-mist-cc2538dk.a(rtimer-arch.o)
 .glue_7        0x0020eba4        0x0 contiki-mist-cc2538dk.a(uart.o)
 .glue_7        0x0020eba4        0x0 contiki-mist-cc2538dk.a(watchdog.o)
 .glue_7        0x0020eba4        0x0 contiki-mist-cc2538dk.a(nvic.o)
 .glue_7        0x0020eba4        0x0 contiki-mist-cc2538dk.a(cpu.o)
 .glue_7        0x0020eba4        0x0 contiki-mist-cc2538dk.a(sys-ctrl.o)
 .glue_7        0x0020eba4        0x0 contiki-mist-cc2538dk.a(gpio.o)
 .glue_7        0x0020eba4        0x0 contiki-mist-cc2538dk.a(ioc.o)
 .glue_7        0x0020eba4        0x0 contiki-mist-cc2538dk.a(cc2538-rf.o)
 .glue_7        0x0020eba4        0x0 contiki-mist-cc2538dk.a(udma.o)
 .glue_7        0x0020eba4        0x0 contiki-mist-cc2538dk.a(lpm.o)
 .glue_7        0x0020eba4        0x0 contiki-mist-cc2538dk.a(dbg.o)
 .glue_7        0x0020eba4        0x0 contiki-mist-cc2538dk.a(ieee-addr.o)
 .glue_7        0x0020eba4        0x0 contiki-mist-cc2538dk.a(dbg-printf.o)
 .glue_7        0x0020eba4        0x0 contiki-mist-cc2538dk.a(strformat.o)
 .glue_7        0x0020eba4        0x0 contiki-mist-cc2538dk.a(autostart.o)
 .glue_7        0x0020eba4        0x0 contiki-mist-cc2538dk.a(ctimer.o)
 .glue_7        0x0020eba4        0x0 contiki-mist-cc2538dk.a(energest.o)
 .glue_7        0x0020eba4        0x0 contiki-mist-cc2538dk.a(etimer.o)
 .glue_7        0x0020eba4        0x0 contiki-mist-cc2538dk.a(process.o)
 .glue_7        0x0020eba4        0x0 contiki-mist-cc2538dk.a(rtimer.o)
 .glue_7        0x0020eba4        0x0 contiki-mist-cc2538dk.a(timer.o)
 .glue_7        0x0020eba4        0x0 contiki-mist-cc2538dk.a(serial-line.o)
 .glue_7        0x0020eba4        0x0 contiki-mist-cc2538dk.a(list.o)
 .glue_7        0x0020eba4        0x0 contiki-mist-cc2538dk.a(random.o)
 .glue_7        0x0020eba4        0x0 contiki-mist-cc2538dk.a(ringbuf.o)
 .glue_7        0x0020eba4        0x0 contiki-mist-cc2538dk.a(linkaddr.o)
 .glue_7        0x0020eba4        0x0 contiki-mist-cc2538dk.a(netstack.o)
 .glue_7        0x0020eba4        0x0 contiki-mist-cc2538dk.a(packetbuf.o)
 .glue_7        0x0020eba4        0x0 contiki-mist-cc2538dk.a(queuebuf.o)
 .glue_7        0x0020eba4        0x0 contiki-mist-cc2538dk.a(sicslowpan.o)
 .glue_7        0x0020eba4        0x0 contiki-mist-cc2538dk.a(uip6.o)
 .glue_7        0x0020eba4        0x0 contiki-mist-cc2538dk.a(uip-ds6.o)
 .glue_7        0x0020eba4        0x0 contiki-mist-cc2538dk.a(uip-ds6-nbr.o)
 .glue_7        0x0020eba4        0x0 contiki-mist-cc2538dk.a(uip-ds6-route.o)
 .glue_7        0x0020eba4        0x0 contiki-mist-cc2538dk.a(uip-icmp6.o)
 .glue_7        0x0020eba4        0x0 contiki-mist-cc2538dk.a(uip-nd6.o)
 .glue_7        0x0020eba4        0x0 contiki-mist-cc2538dk.a(csma.o)
 .glue_7        0x0020eba4        0x0 contiki-mist-cc2538dk.a(framer-802154.o)
 .glue_7        0x0020eba4        0x0 contiki-mist-cc2538dk.a(mac.o)
 .glue_7        0x0020eba4        0x0 contiki-mist-cc2538dk.a(tcpip.o)
 .glue_7        0x0020eba4        0x0 contiki-mist-cc2538dk.a(uip-debug.o)
 .glue_7        0x0020eba4        0x0 contiki-mist-cc2538dk.a(rpl.o)
 .glue_7        0x0020eba4        0x0 contiki-mist-cc2538dk.a(rpl-dag.o)
 .glue_7        0x0020eba4        0x0 contiki-mist-cc2538dk.a(rpl-ext-header.)
 .glue_7        0x0020eba4        0x0 contiki-mist-cc2538dk.a(rpl-icmp6.o)
 .glue_7        0x0020eba4        0x0 contiki-mist-cc2538dk.a(rpl-mrhof.o)
 .glue_7        0x0020eba4        0x0 contiki-mist-cc2538dk.a(rpl-timers.o)
 .glue_7        0x0020eba4        0x0 contiki-mist-cc2538dk.a(contikimac.o)
 .glue_7        0x0020eba4        0x0 contiki-mist-cc2538dk.a(netstack-aes.o)
 .glue_7        0x0020eba4        0x0 contiki-mist-cc2538dk.a(stimer.o)
 .glue_7        0x0020eba4        0x0 contiki-mist-cc2538dk.a(memb.o)
 .glue_7        0x0020eba4        0x0 contiki-mist-cc2538dk.a(nbr-table.o)
 .glue_7        0x0020eba4        0x0 contiki-mist-cc2538dk.a(frame802154.o)
 .glue_7        0x0020eba4        0x0 contiki-mist-cc2538dk.a(mac-sequence.o)
 .glue_7        0x0020eba4        0x0 contiki-mist-cc2538dk.a(aes-ccm.o)
 .glue_7        0x0020eba4        0x0 contiki-mist-cc2538dk.a(aes.o)
 .glue_7        0x0020eba4        0x0 /home/user/CodeSourcery/Sourcery_G++_Lite/bin/../lib/gcc/arm-none-eabi/4.3.2/thumb2/libgcc.a(_aeabi_uldivmod.o)
 .glue_7        0x0020eba4        0x0 /home/user/CodeSourcery/Sourcery_G++_Lite/bin/../lib/gcc/arm-none-eabi/4.3.2/thumb2/libgcc.a(bpabi.o)
 .glue_7        0x0020eba4        0x0 /home/user/CodeSourcery/Sourcery_G++_Lite/bin/../lib/gcc/arm-none-eabi/4.3.2/thumb2/libgcc.a(_dvmd_tls.o)
 .glue_7        0x0020eba4        0x0 /home/user/CodeSourcery/Sourcery_G++_Lite/bin/../lib/gcc/arm-none-eabi/4.3.2/thumb2/libgcc.a(_divdi3.o)
 .glue_7        0x0020eba4        0x0 /home/user/CodeSourcery/Sourcery_G++_Lite/bin/../lib/gcc/arm-none-eabi/4.3.2/thumb2/libgcc.a(_udivdi3.o)
 .glue_7        0x0020eba4        0x0 /home/user/CodeSourcery/Sourcery_G++_Lite/bin/../lib/gcc/arm-none-eabi/4.3.2/thumb2/libgcc.a(_udivsi3.o)
 .glue_7        0x0020eba4        0x0 /home/user/CodeSourcery/Sourcery_G++_Lite/bin/../lib/gcc/arm-none-eabi/4.3.2/thumb2/libgcc.a(_clz.o)
 .glue_7        0x0020eba4        0x0 /home/user/CodeSourcery/Sourcery_G++_Lite/bin/../lib/gcc/arm-none-eabi/4.3.2/../../../../arm-none-eabi/lib/thumb2/libc.a(lib_a-memcmp.o)
 .glue_7        0x0020eba4        0x0 /home/user/CodeSourcery/Sourcery_G++_Lite/bin/../lib/gcc/arm-none-eabi/4.3.2/../../../../arm-none-eabi/lib/thumb2/libc.a(lib_a-memcpy.o)
 .glue_7        0x0020eba4        0x0 /home/user/CodeSourcery/Sourcery_G++_Lite/bin/../lib/gcc/arm-none-eabi/4.3.2/../../../../arm-none-eabi/lib/thumb2/libc.a(lib_a-memmove.o)
 .glue_7        0x0020eba4        0x0 /home/user/CodeSourcery/Sourcery_G++_Lite/bin/../lib/gcc/arm-none-eabi/4.3.2/../../../../arm-none-eabi/lib/thumb2/libc.a(lib_a-memset.o)
 .glue_7        0x0020eba4        0x0 /home/user/CodeSourcery/Sourcery_G++_Lite/bin/../lib/gcc/arm-none-eabi/4.3.2/../../../../arm-none-eabi/lib/thumb2/libc.a(lib_a-strlen.o)
 .glue_7        0x0020eba4        0x0 /home/user/CodeSourcery/Sourcery_G++_Lite/bin/../lib/gcc/arm-none-eabi/4.3.2/../../../../arm-none-eabi/lib/thumb2/libc.a(lib_a-strncmp.o)

.glue_7t        0x0020eba4        0x0 load address 0x0020eba3
 .glue_7t       0x0020eba4        0x0 obj_mist-cc2538dk/startup-gcc.o
 .glue_7t       0x0020eba4        0x0 hello-world.co
 .glue_7t       0x0020eba4        0x0 contiki-mist-cc2538dk.a(contiki-mist-cc)
 .glue_7t       0x0020eba4        0x0 contiki-mist-cc2538dk.a(leds.o)
 .glue_7t       0x0020eba4        0x0 contiki-mist-cc2538dk.a(leds-arch.o)
 .glue_7t       0x0020eba4        0x0 contiki-mist-cc2538dk.a(sensors.o)
 .glue_7t       0x0020eba4        0x0 contiki-mist-cc2538dk.a(smartrf-sensors)
 .glue_7t       0x0020eba4        0x0 contiki-mist-cc2538dk.a(button-sensor.o)
 .glue_7t       0x0020eba4        0x0 contiki-mist-cc2538dk.a(clock.o)
 .glue_7t       0x0020eba4        0x0 contiki-mist-cc2538dk.a(rtimer-arch.o)
 .glue_7t       0x0020eba4        0x0 contiki-mist-cc2538dk.a(uart.o)
 .glue_7t       0x0020eba4        0x0 contiki-mist-cc2538dk.a(watchdog.o)
 .glue_7t       0x0020eba4        0x0 contiki-mist-cc2538dk.a(nvic.o)
 .glue_7t       0x0020eba4        0x0 contiki-mist-cc2538dk.a(cpu.o)
 .glue_7t       0x0020eba4        0x0 contiki-mist-cc2538dk.a(sys-ctrl.o)
 .glue_7t       0x0020eba4        0x0 contiki-mist-cc2538dk.a(gpio.o)
 .glue_7t       0x0020eba4        0x0 contiki-mist-cc2538dk.a(ioc.o)
 .glue_7t       0x0020eba4        0x0 contiki-mist-cc2538dk.a(cc2538-rf.o)
 .glue_7t       0x0020eba4        0x0 contiki-mist-cc2538dk.a(udma.o)
 .glue_7t       0x0020eba4        0x0 contiki-mist-cc2538dk.a(lpm.o)
 .glue_7t       0x0020eba4        0x0 contiki-mist-cc2538dk.a(dbg.o)
 .glue_7t       0x0020eba4        0x0 contiki-mist-cc2538dk.a(ieee-addr.o)
 .glue_7t       0x0020eba4        0x0 contiki-mist-cc2538dk.a(dbg-printf.o)
 .glue_7t       0x0020eba4        0x0 contiki-mist-cc2538dk.a(strformat.o)
 .glue_7t       0x0020eba4        0x0 contiki-mist-cc2538dk.a(autostart.o)
 .glue_7t       0x0020eba4        0x0 contiki-mist-cc2538dk.a(ctimer.o)
 .glue_7t       0x0020eba4        0x0 contiki-mist-cc2538dk.a(energest.o)
 .glue_7t       0x0020eba4        0x0 contiki-mist-cc2538dk.a(etimer.o)
 .glue_7t       0x0020eba4        0x0 contiki-mist-cc2538dk.a(process.o)
 .glue_7t       0x0020eba4        0x0 contiki-mist-cc2538dk.a(rtimer.o)
 .glue_7t       0x0020eba4        0x0 contiki-mist-cc2538dk.a(timer.o)
 .glue_7t       0x0020eba4        0x0 contiki-mist-cc2538dk.a(serial-line.o)
 .glue_7t       0x0020eba4        0x0 contiki-mist-cc2538dk.a(list.o)
 .glue_7t       0x0020eba4        0x0 contiki-mist-cc2538dk.a(random.o)
 .glue_7t       0x0020eba4        0x0 contiki-mist-cc2538dk.a(ringbuf.o)
 .glue_7t       0x0020eba4        0x0 contiki-mist-cc2538dk.a(linkaddr.o)
 .glue_7t       0x0020eba4        0x0 contiki-mist-cc2538dk.a(netstack.o)
 .glue_7t       0x0020eba4        0x0 contiki-mist-cc2538dk.a(packetbuf.o)
 .glue_7t       0x0020eba4        0x0 contiki-mist-cc2538dk.a(queuebuf.o)
 .glue_7t       0x0020eba4        0x0 contiki-mist-cc2538dk.a(sicslowpan.o)
 .glue_7t       0x0020eba4        0x0 contiki-mist-cc2538dk.a(uip6.o)
 .glue_7t       0x0020eba4        0x0 contiki-mist-cc2538dk.a(uip-ds6.o)
 .glue_7t       0x0020eba4        0x0 contiki-mist-cc2538dk.a(uip-ds6-nbr.o)
 .glue_7t       0x0020eba4        0x0 contiki-mist-cc2538dk.a(uip-ds6-route.o)
 .glue_7t       0x0020eba4        0x0 contiki-mist-cc2538dk.a(uip-icmp6.o)
 .glue_7t       0x0020eba4        0x0 contiki-mist-cc2538dk.a(uip-nd6.o)
 .glue_7t       0x0020eba4        0x0 contiki-mist-cc2538dk.a(csma.o)
 .glue_7t       0x0020eba4        0x0 contiki-mist-cc2538dk.a(framer-802154.o)
 .glue_7t       0x0020eba4        0x0 contiki-mist-cc2538dk.a(mac.o)
 .glue_7t       0x0020eba4        0x0 contiki-mist-cc2538dk.a(tcpip.o)
 .glue_7t       0x0020eba4        0x0 contiki-mist-cc2538dk.a(uip-debug.o)
 .glue_7t       0x0020eba4        0x0 contiki-mist-cc2538dk.a(rpl.o)
 .glue_7t       0x0020eba4        0x0 contiki-mist-cc2538dk.a(rpl-dag.o)
 .glue_7t       0x0020eba4        0x0 contiki-mist-cc2538dk.a(rpl-ext-header.)
 .glue_7t       0x0020eba4        0x0 contiki-mist-cc2538dk.a(rpl-icmp6.o)
 .glue_7t       0x0020eba4        0x0 contiki-mist-cc2538dk.a(rpl-mrhof.o)
 .glue_7t       0x0020eba4        0x0 contiki-mist-cc2538dk.a(rpl-timers.o)
 .glue_7t       0x0020eba4        0x0 contiki-mist-cc2538dk.a(contikimac.o)
 .glue_7t       0x0020eba4        0x0 contiki-mist-cc2538dk.a(netstack-aes.o)
 .glue_7t       0x0020eba4        0x0 contiki-mist-cc2538dk.a(stimer.o)
 .glue_7t       0x0020eba4        0x0 contiki-mist-cc2538dk.a(memb.o)
 .glue_7t       0x0020eba4        0x0 contiki-mist-cc2538dk.a(nbr-table.o)
 .glue_7t       0x0020eba4        0x0 contiki-mist-cc2538dk.a(frame802154.o)
 .glue_7t       0x0020eba4        0x0 contiki-mist-cc2538dk.a(mac-sequence.o)
 .glue_7t       0x0020eba4        0x0 contiki-mist-cc2538dk.a(aes-ccm.o)
 .glue_7t       0x0020eba4        0x0 contiki-mist-cc2538dk.a(aes.o)
 .glue_7t       0x0020eba4        0x0 /home/user/CodeSourcery/Sourcery_G++_Lite/bin/../lib/gcc/arm-none-eabi/4.3.2/thumb2/libgcc.a(_aeabi_uldivmod.o)
 .glue_7t       0x0020eba4        0x0 /home/user/CodeSourcery/Sourcery_G++_Lite/bin/../lib/gcc/arm-none-eabi/4.3.2/thumb2/libgcc.a(bpabi.o)
 .glue_7t       0x0020eba4        0x0 /home/user/CodeSourcery/Sourcery_G++_Lite/bin/../lib/gcc/arm-none-eabi/4.3.2/thumb2/libgcc.a(_dvmd_tls.o)
 .glue_7t       0x0020eba4        0x0 /home/user/CodeSourcery/Sourcery_G++_Lite/bin/../lib/gcc/arm-none-eabi/4.3.2/thumb2/libgcc.a(_divdi3.o)
 .glue_7t       0x0020eba4        0x0 /home/user/CodeSourcery/Sourcery_G++_Lite/bin/../lib/gcc/arm-none-eabi/4.3.2/thumb2/libgcc.a(_udivdi3.o)
 .glue_7t       0x0020eba4        0x0 /home/user/CodeSourcery/Sourcery_G++_Lite/bin/../lib/gcc/arm-none-eabi/4.3.2/thumb2/libgcc.a(_udivsi3.o)
 .glue_7t       0x0020eba4        0x0 /home/user/CodeSourcery/Sourcery_G++_Lite/bin/../lib/gcc/arm-none-eabi/4.3.2/thumb2/libgcc.a(_clz.o)
 .glue_7t       0x0020eba4        0x0 /home/user/CodeSourcery/Sourcery_G++_Lite/bin/../lib/gcc/arm-none-eabi/4.3.2/../../../../arm-none-eabi/lib/thumb2/libc.a(lib_a-memcmp.o)
 .glue_7t       0x0020eba4        0x0 /home/user/CodeSourcery/Sourcery_G++_Lite/bin/../lib/gcc/arm-none-eabi/4.3.2/../../../../arm-none-eabi/lib/thumb2/libc.a(lib_a-memcpy.o)
 .glue_7t       0x0020eba4        0x0 /home/user/CodeSourcery/Sourcery_G++_Lite/bin/../lib/gcc/arm-none-eabi/4.3.2/../../../../arm-none-eabi/lib/thumb2/libc.a(lib_a-memmove.o)
 .glue_7t       0x0020eba4        0x0 /home/user/CodeSourcery/Sourcery_G++_Lite/bin/../lib/gcc/arm-none-eabi/4.3.2/../../../../arm-none-eabi/lib/thumb2/libc.a(lib_a-memset.o)
 .glue_7t       0x0020eba4        0x0 /home/user/CodeSourcery/Sourcery_G++_Lite/bin/../lib/gcc/arm-none-eabi/4.3.2/../../../../arm-none-eabi/lib/thumb2/libc.a(lib_a-strlen.o)
 .glue_7t       0x0020eba4        0x0 /home/user/CodeSourcery/Sourcery_G++_Lite/bin/../lib/gcc/arm-none-eabi/4.3.2/../../../../arm-none-eabi/lib/thumb2/libc.a(lib_a-strncmp.o)

.vfp11_veneer   0x0020eba4        0x0 load address 0x0020eba3
 .vfp11_veneer  0x0020eba4        0x0 obj_mist-cc2538dk/startup-gcc.o
 .vfp11_veneer  0x0020eba4        0x0 hello-world.co
 .vfp11_veneer  0x0020eba4        0x0 contiki-mist-cc2538dk.a(contiki-mist-cc)
 .vfp11_veneer  0x0020eba4        0x0 contiki-mist-cc2538dk.a(leds.o)
 .vfp11_veneer  0x0020eba4        0x0 contiki-mist-cc2538dk.a(leds-arch.o)
 .vfp11_veneer  0x0020eba4        0x0 contiki-mist-cc2538dk.a(sensors.o)
 .vfp11_veneer  0x0020eba4        0x0 contiki-mist-cc2538dk.a(smartrf-sensors)
 .vfp11_veneer  0x0020eba4        0x0 contiki-mist-cc2538dk.a(button-sensor.o)
 .vfp11_veneer  0x0020eba4        0x0 contiki-mist-cc2538dk.a(clock.o)
 .vfp11_veneer  0x0020eba4        0x0 contiki-mist-cc2538dk.a(rtimer-arch.o)
 .vfp11_veneer  0x0020eba4        0x0 contiki-mist-cc2538dk.a(uart.o)
 .vfp11_veneer  0x0020eba4        0x0 contiki-mist-cc2538dk.a(watchdog.o)
 .vfp11_veneer  0x0020eba4        0x0 contiki-mist-cc2538dk.a(nvic.o)
 .vfp11_veneer  0x0020eba4        0x0 contiki-mist-cc2538dk.a(cpu.o)
 .vfp11_veneer  0x0020eba4        0x0 contiki-mist-cc2538dk.a(sys-ctrl.o)
 .vfp11_veneer  0x0020eba4        0x0 contiki-mist-cc2538dk.a(gpio.o)
 .vfp11_veneer  0x0020eba4        0x0 contiki-mist-cc2538dk.a(ioc.o)
 .vfp11_veneer  0x0020eba4        0x0 contiki-mist-cc2538dk.a(cc2538-rf.o)
 .vfp11_veneer  0x0020eba4        0x0 contiki-mist-cc2538dk.a(udma.o)
 .vfp11_veneer  0x0020eba4        0x0 contiki-mist-cc2538dk.a(lpm.o)
 .vfp11_veneer  0x0020eba4        0x0 contiki-mist-cc2538dk.a(dbg.o)
 .vfp11_veneer  0x0020eba4        0x0 contiki-mist-cc2538dk.a(ieee-addr.o)
 .vfp11_veneer  0x0020eba4        0x0 contiki-mist-cc2538dk.a(dbg-printf.o)
 .vfp11_veneer  0x0020eba4        0x0 contiki-mist-cc2538dk.a(strformat.o)
 .vfp11_veneer  0x0020eba4        0x0 contiki-mist-cc2538dk.a(autostart.o)
 .vfp11_veneer  0x0020eba4        0x0 contiki-mist-cc2538dk.a(ctimer.o)
 .vfp11_veneer  0x0020eba4        0x0 contiki-mist-cc2538dk.a(energest.o)
 .vfp11_veneer  0x0020eba4        0x0 contiki-mist-cc2538dk.a(etimer.o)
 .vfp11_veneer  0x0020eba4        0x0 contiki-mist-cc2538dk.a(process.o)
 .vfp11_veneer  0x0020eba4        0x0 contiki-mist-cc2538dk.a(rtimer.o)
 .vfp11_veneer  0x0020eba4        0x0 contiki-mist-cc2538dk.a(timer.o)
 .vfp11_veneer  0x0020eba4        0x0 contiki-mist-cc2538dk.a(serial-line.o)
 .vfp11_veneer  0x0020eba4        0x0 contiki-mist-cc2538dk.a(list.o)
 .vfp11_veneer  0x0020eba4        0x0 contiki-mist-cc2538dk.a(random.o)
 .vfp11_veneer  0x0020eba4        0x0 contiki-mist-cc2538dk.a(ringbuf.o)
 .vfp11_veneer  0x0020eba4        0x0 contiki-mist-cc2538dk.a(linkaddr.o)
 .vfp11_veneer  0x0020eba4        0x0 contiki-mist-cc2538dk.a(netstack.o)
 .vfp11_veneer  0x0020eba4        0x0 contiki-mist-cc2538dk.a(packetbuf.o)
 .vfp11_veneer  0x0020eba4        0x0 contiki-mist-cc2538dk.a(queuebuf.o)
 .vfp11_veneer  0x0020eba4        0x0 contiki-mist-cc2538dk.a(sicslowpan.o)
 .vfp11_veneer  0x0020eba4        0x0 contiki-mist-cc2538dk.a(uip6.o)
 .vfp11_veneer  0x0020eba4        0x0 contiki-mist-cc2538dk.a(uip-ds6.o)
 .vfp11_veneer  0x0020eba4        0x0 contiki-mist-cc2538dk.a(uip-ds6-nbr.o)
 .vfp11_veneer  0x0020eba4        0x0 contiki-mist-cc2538dk.a(uip-ds6-route.o)
 .vfp11_veneer  0x0020eba4        0x0 contiki-mist-cc2538dk.a(uip-icmp6.o)
 .vfp11_veneer  0x0020eba4        0x0 contiki-mist-cc2538dk.a(uip-nd6.o)
 .vfp11_veneer  0x0020eba4        0x0 contiki-mist-cc2538dk.a(csma.o)
 .vfp11_veneer  0x0020eba4        0x0 contiki-mist-cc2538dk.a(framer-802154.o)
 .vfp11_veneer  0x0020eba4        0x0 contiki-mist-cc2538dk.a(mac.o)
 .vfp11_veneer  0x0020eba4        0x0 contiki-mist-cc2538dk.a(tcpip.o)
 .vfp11_veneer  0x0020eba4        0x0 contiki-mist-cc2538dk.a(uip-debug.o)
 .vfp11_veneer  0x0020eba4        0x0 contiki-mist-cc2538dk.a(rpl.o)
 .vfp11_veneer  0x0020eba4        0x0 contiki-mist-cc2538dk.a(rpl-dag.o)
 .vfp11_veneer  0x0020eba4        0x0 contiki-mist-cc2538dk.a(rpl-ext-header.)
 .vfp11_veneer  0x0020eba4        0x0 contiki-mist-cc2538dk.a(rpl-icmp6.o)
 .vfp11_veneer  0x0020eba4        0x0 contiki-mist-cc2538dk.a(rpl-mrhof.o)
 .vfp11_veneer  0x0020eba4        0x0 contiki-mist-cc2538dk.a(rpl-timers.o)
 .vfp11_veneer  0x0020eba4        0x0 contiki-mist-cc2538dk.a(contikimac.o)
 .vfp11_veneer  0x0020eba4        0x0 contiki-mist-cc2538dk.a(netstack-aes.o)
 .vfp11_veneer  0x0020eba4        0x0 contiki-mist-cc2538dk.a(stimer.o)
 .vfp11_veneer  0x0020eba4        0x0 contiki-mist-cc2538dk.a(memb.o)
 .vfp11_veneer  0x0020eba4        0x0 contiki-mist-cc2538dk.a(nbr-table.o)
 .vfp11_veneer  0x0020eba4        0x0 contiki-mist-cc2538dk.a(frame802154.o)
 .vfp11_veneer  0x0020eba4        0x0 contiki-mist-cc2538dk.a(mac-sequence.o)
 .vfp11_veneer  0x0020eba4        0x0 contiki-mist-cc2538dk.a(aes-ccm.o)
 .vfp11_veneer  0x0020eba4        0x0 contiki-mist-cc2538dk.a(aes.o)
 .vfp11_veneer  0x0020eba4        0x0 /home/user/CodeSourcery/Sourcery_G++_Lite/bin/../lib/gcc/arm-none-eabi/4.3.2/thumb2/libgcc.a(_aeabi_uldivmod.o)
 .vfp11_veneer  0x0020eba4        0x0 /home/user/CodeSourcery/Sourcery_G++_Lite/bin/../lib/gcc/arm-none-eabi/4.3.2/thumb2/libgcc.a(bpabi.o)
 .vfp11_veneer  0x0020eba4        0x0 /home/user/CodeSourcery/Sourcery_G++_Lite/bin/../lib/gcc/arm-none-eabi/4.3.2/thumb2/libgcc.a(_dvmd_tls.o)
 .vfp11_veneer  0x0020eba4        0x0 /home/user/CodeSourcery/Sourcery_G++_Lite/bin/../lib/gcc/arm-none-eabi/4.3.2/thumb2/libgcc.a(_divdi3.o)
 .vfp11_veneer  0x0020eba4        0x0 /home/user/CodeSourcery/Sourcery_G++_Lite/bin/../lib/gcc/arm-none-eabi/4.3.2/thumb2/libgcc.a(_udivdi3.o)
 .vfp11_veneer  0x0020eba4        0x0 /home/user/CodeSourcery/Sourcery_G++_Lite/bin/../lib/gcc/arm-none-eabi/4.3.2/thumb2/libgcc.a(_udivsi3.o)
 .vfp11_veneer  0x0020eba4        0x0 /home/user/CodeSourcery/Sourcery_G++_Lite/bin/../lib/gcc/arm-none-eabi/4.3.2/thumb2/libgcc.a(_clz.o)
 .vfp11_veneer  0x0020eba4        0x0 /home/user/CodeSourcery/Sourcery_G++_Lite/bin/../lib/gcc/arm-none-eabi/4.3.2/../../../../arm-none-eabi/lib/thumb2/libc.a(lib_a-memcmp.o)
 .vfp11_veneer  0x0020eba4        0x0 /home/user/CodeSourcery/Sourcery_G++_Lite/bin/../lib/gcc/arm-none-eabi/4.3.2/../../../../arm-none-eabi/lib/thumb2/libc.a(lib_a-memcpy.o)
 .vfp11_veneer  0x0020eba4        0x0 /home/user/CodeSourcery/Sourcery_G++_Lite/bin/../lib/gcc/arm-none-eabi/4.3.2/../../../../arm-none-eabi/lib/thumb2/libc.a(lib_a-memmove.o)
 .vfp11_veneer  0x0020eba4        0x0 /home/user/CodeSourcery/Sourcery_G++_Lite/bin/../lib/gcc/arm-none-eabi/4.3.2/../../../../arm-none-eabi/lib/thumb2/libc.a(lib_a-memset.o)
 .vfp11_veneer  0x0020eba4        0x0 /home/user/CodeSourcery/Sourcery_G++_Lite/bin/../lib/gcc/arm-none-eabi/4.3.2/../../../../arm-none-eabi/lib/thumb2/libc.a(lib_a-strlen.o)
 .vfp11_veneer  0x0020eba4        0x0 /home/user/CodeSourcery/Sourcery_G++_Lite/bin/../lib/gcc/arm-none-eabi/4.3.2/../../../../arm-none-eabi/lib/thumb2/libc.a(lib_a-strncmp.o)

.janus_2cc_veneer
                0x0020eba4        0x0 load address 0x0020eba3
 .janus_2cc_veneer
                0x0020eba4        0x0 obj_mist-cc2538dk/startup-gcc.o
 .janus_2cc_veneer
                0x0020eba4        0x0 hello-world.co
 .janus_2cc_veneer
                0x0020eba4        0x0 contiki-mist-cc2538dk.a(contiki-mist-cc)
 .janus_2cc_veneer
                0x0020eba4        0x0 contiki-mist-cc2538dk.a(leds.o)
 .janus_2cc_veneer
                0x0020eba4        0x0 contiki-mist-cc2538dk.a(leds-arch.o)
 .janus_2cc_veneer
                0x0020eba4        0x0 contiki-mist-cc2538dk.a(sensors.o)
 .janus_2cc_veneer
                0x0020eba4        0x0 contiki-mist-cc2538dk.a(smartrf-sensors)
 .janus_2cc_veneer
                0x0020eba4        0x0 contiki-mist-cc2538dk.a(button-sensor.o)
 .janus_2cc_veneer
                0x0020eba4        0x0 contiki-mist-cc2538dk.a(clock.o)
 .janus_2cc_veneer
                0x0020eba4        0x0 contiki-mist-cc2538dk.a(rtimer-arch.o)
 .janus_2cc_veneer
                0x0020eba4        0x0 contiki-mist-cc2538dk.a(uart.o)
 .janus_2cc_veneer
                0x0020eba4        0x0 contiki-mist-cc2538dk.a(watchdog.o)
 .janus_2cc_veneer
                0x0020eba4        0x0 contiki-mist-cc2538dk.a(nvic.o)
 .janus_2cc_veneer
                0x0020eba4        0x0 contiki-mist-cc2538dk.a(cpu.o)
 .janus_2cc_veneer
                0x0020eba4        0x0 contiki-mist-cc2538dk.a(sys-ctrl.o)
 .janus_2cc_veneer
                0x0020eba4        0x0 contiki-mist-cc2538dk.a(gpio.o)
 .janus_2cc_veneer
                0x0020eba4        0x0 contiki-mist-cc2538dk.a(ioc.o)
 .janus_2cc_veneer
                0x0020eba4        0x0 contiki-mist-cc2538dk.a(cc2538-rf.o)
 .janus_2cc_veneer
                0x0020eba4        0x0 contiki-mist-cc2538dk.a(udma.o)
 .janus_2cc_veneer
                0x0020eba4        0x0 contiki-mist-cc2538dk.a(lpm.o)
 .janus_2cc_veneer
                0x0020eba4        0x0 contiki-mist-cc2538dk.a(dbg.o)
 .janus_2cc_veneer
                0x0020eba4        0x0 contiki-mist-cc2538dk.a(ieee-addr.o)
 .janus_2cc_veneer
                0x0020eba4        0x0 contiki-mist-cc2538dk.a(dbg-printf.o)
 .janus_2cc_veneer
                0x0020eba4        0x0 contiki-mist-cc2538dk.a(strformat.o)
 .janus_2cc_veneer
                0x0020eba4        0x0 contiki-mist-cc2538dk.a(autostart.o)
 .janus_2cc_veneer
                0x0020eba4        0x0 contiki-mist-cc2538dk.a(ctimer.o)
 .janus_2cc_veneer
                0x0020eba4        0x0 contiki-mist-cc2538dk.a(energest.o)
 .janus_2cc_veneer
                0x0020eba4        0x0 contiki-mist-cc2538dk.a(etimer.o)
 .janus_2cc_veneer
                0x0020eba4        0x0 contiki-mist-cc2538dk.a(process.o)
 .janus_2cc_veneer
                0x0020eba4        0x0 contiki-mist-cc2538dk.a(rtimer.o)
 .janus_2cc_veneer
                0x0020eba4        0x0 contiki-mist-cc2538dk.a(timer.o)
 .janus_2cc_veneer
                0x0020eba4        0x0 contiki-mist-cc2538dk.a(serial-line.o)
 .janus_2cc_veneer
                0x0020eba4        0x0 contiki-mist-cc2538dk.a(list.o)
 .janus_2cc_veneer
                0x0020eba4        0x0 contiki-mist-cc2538dk.a(random.o)
 .janus_2cc_veneer
                0x0020eba4        0x0 contiki-mist-cc2538dk.a(ringbuf.o)
 .janus_2cc_veneer
                0x0020eba4        0x0 contiki-mist-cc2538dk.a(linkaddr.o)
 .janus_2cc_veneer
                0x0020eba4        0x0 contiki-mist-cc2538dk.a(netstack.o)
 .janus_2cc_veneer
                0x0020eba4        0x0 contiki-mist-cc2538dk.a(packetbuf.o)
 .janus_2cc_veneer
                0x0020eba4        0x0 contiki-mist-cc2538dk.a(queuebuf.o)
 .janus_2cc_veneer
                0x0020eba4        0x0 contiki-mist-cc2538dk.a(sicslowpan.o)
 .janus_2cc_veneer
                0x0020eba4        0x0 contiki-mist-cc2538dk.a(uip6.o)
 .janus_2cc_veneer
                0x0020eba4        0x0 contiki-mist-cc2538dk.a(uip-ds6.o)
 .janus_2cc_veneer
                0x0020eba4        0x0 contiki-mist-cc2538dk.a(uip-ds6-nbr.o)
 .janus_2cc_veneer
                0x0020eba4        0x0 contiki-mist-cc2538dk.a(uip-ds6-route.o)
 .janus_2cc_veneer
                0x0020eba4        0x0 contiki-mist-cc2538dk.a(uip-icmp6.o)
 .janus_2cc_veneer
                0x0020eba4        0x0 contiki-mist-cc2538dk.a(uip-nd6.o)
 .janus_2cc_veneer
                0x0020eba4        0x0 contiki-mist-cc2538dk.a(csma.o)
 .janus_2cc_veneer
                0x0020eba4        0x0 contiki-mist-cc2538dk.a(framer-802154.o)
 .janus_2cc_veneer
                0x0020eba4        0x0 contiki-mist-cc2538dk.a(mac.o)
 .janus_2cc_veneer
                0x0020eba4        0x0 contiki-mist-cc2538dk.a(tcpip.o)
 .janus_2cc_veneer
                0x0020eba4        0x0 contiki-mist-cc2538dk.a(uip-debug.o)
 .janus_2cc_veneer
                0x0020eba4        0x0 contiki-mist-cc2538dk.a(rpl.o)
 .janus_2cc_veneer
                0x0020eba4        0x0 contiki-mist-cc2538dk.a(rpl-dag.o)
 .janus_2cc_veneer
                0x0020eba4        0x0 contiki-mist-cc2538dk.a(rpl-ext-header.)
 .janus_2cc_veneer
                0x0020eba4        0x0 contiki-mist-cc2538dk.a(rpl-icmp6.o)
 .janus_2cc_veneer
                0x0020eba4        0x0 contiki-mist-cc2538dk.a(rpl-mrhof.o)
 .janus_2cc_veneer
                0x0020eba4        0x0 contiki-mist-cc2538dk.a(rpl-timers.o)
 .janus_2cc_veneer
                0x0020eba4        0x0 contiki-mist-cc2538dk.a(contikimac.o)
 .janus_2cc_veneer
                0x0020eba4        0x0 contiki-mist-cc2538dk.a(netstack-aes.o)
 .janus_2cc_veneer
                0x0020eba4        0x0 contiki-mist-cc2538dk.a(stimer.o)
 .janus_2cc_veneer
                0x0020eba4        0x0 contiki-mist-cc2538dk.a(memb.o)
 .janus_2cc_veneer
                0x0020eba4        0x0 contiki-mist-cc2538dk.a(nbr-table.o)
 .janus_2cc_veneer
                0x0020eba4        0x0 contiki-mist-cc2538dk.a(frame802154.o)
 .janus_2cc_veneer
                0x0020eba4        0x0 contiki-mist-cc2538dk.a(mac-sequence.o)
 .janus_2cc_veneer
                0x0020eba4        0x0 contiki-mist-cc2538dk.a(aes-ccm.o)
 .janus_2cc_veneer
                0x0020eba4        0x0 contiki-mist-cc2538dk.a(aes.o)
 .janus_2cc_veneer
                0x0020eba4        0x0 /home/user/CodeSourcery/Sourcery_G++_Lite/bin/../lib/gcc/arm-none-eabi/4.3.2/thumb2/libgcc.a(_aeabi_uldivmod.o)
 .janus_2cc_veneer
                0x0020eba4        0x0 /home/user/CodeSourcery/Sourcery_G++_Lite/bin/../lib/gcc/arm-none-eabi/4.3.2/thumb2/libgcc.a(bpabi.o)
 .janus_2cc_veneer
                0x0020eba4        0x0 /home/user/CodeSourcery/Sourcery_G++_Lite/bin/../lib/gcc/arm-none-eabi/4.3.2/thumb2/libgcc.a(_dvmd_tls.o)
 .janus_2cc_veneer
                0x0020eba4        0x0 /home/user/CodeSourcery/Sourcery_G++_Lite/bin/../lib/gcc/arm-none-eabi/4.3.2/thumb2/libgcc.a(_divdi3.o)
 .janus_2cc_veneer
                0x0020eba4        0x0 /home/user/CodeSourcery/Sourcery_G++_Lite/bin/../lib/gcc/arm-none-eabi/4.3.2/thumb2/libgcc.a(_udivdi3.o)
 .janus_2cc_veneer
                0x0020eba4        0x0 /home/user/CodeSourcery/Sourcery_G++_Lite/bin/../lib/gcc/arm-none-eabi/4.3.2/thumb2/libgcc.a(_udivsi3.o)
 .janus_2cc_veneer
                0x0020eba4        0x0 /home/user/CodeSourcery/Sourcery_G++_Lite/bin/../lib/gcc/arm-none-eabi/4.3.2/thumb2/libgcc.a(_clz.o)
 .janus_2cc_veneer
                0x0020eba4        0x0 /home/user/CodeSourcery/Sourcery_G++_Lite/bin/../lib/gcc/arm-none-eabi/4.3.2/../../../../arm-none-eabi/lib/thumb2/libc.a(lib_a-memcmp.o)
 .janus_2cc_veneer
                0x0020eba4        0x0 /home/user/CodeSourcery/Sourcery_G++_Lite/bin/../lib/gcc/arm-none-eabi/4.3.2/../../../../arm-none-eabi/lib/thumb2/libc.a(lib_a-memcpy.o)
 .janus_2cc_veneer
                0x0020eba4        0x0 /home/user/CodeSourcery/Sourcery_G++_Lite/bin/../lib/gcc/arm-none-eabi/4.3.2/../../../../arm-none-eabi/lib/thumb2/libc.a(lib_a-memmove.o)
 .janus_2cc_veneer
                0x0020eba4        0x0 /home/user/CodeSourcery/Sourcery_G++_Lite/bin/../lib/gcc/arm-none-eabi/4.3.2/../../../../arm-none-eabi/lib/thumb2/libc.a(lib_a-memset.o)
 .janus_2cc_veneer
                0x0020eba4        0x0 /home/user/CodeSourcery/Sourcery_G++_Lite/bin/../lib/gcc/arm-none-eabi/4.3.2/../../../../arm-none-eabi/lib/thumb2/libc.a(lib_a-strlen.o)
 .janus_2cc_veneer
                0x0020eba4        0x0 /home/user/CodeSourcery/Sourcery_G++_Lite/bin/../lib/gcc/arm-none-eabi/4.3.2/../../../../arm-none-eabi/lib/thumb2/libc.a(lib_a-strncmp.o)

.v4_bx          0x0020eba4        0x0 load address 0x0020eba3
 .v4_bx         0x0020eba4        0x0 obj_mist-cc2538dk/startup-gcc.o
 .v4_bx         0x0020eba4        0x0 hello-world.co
 .v4_bx         0x0020eba4        0x0 contiki-mist-cc2538dk.a(contiki-mist-cc)
 .v4_bx         0x0020eba4        0x0 contiki-mist-cc2538dk.a(leds.o)
 .v4_bx         0x0020eba4        0x0 contiki-mist-cc2538dk.a(leds-arch.o)
 .v4_bx         0x0020eba4        0x0 contiki-mist-cc2538dk.a(sensors.o)
 .v4_bx         0x0020eba4        0x0 contiki-mist-cc2538dk.a(smartrf-sensors)
 .v4_bx         0x0020eba4        0x0 contiki-mist-cc2538dk.a(button-sensor.o)
 .v4_bx         0x0020eba4        0x0 contiki-mist-cc2538dk.a(clock.o)
 .v4_bx         0x0020eba4        0x0 contiki-mist-cc2538dk.a(rtimer-arch.o)
 .v4_bx         0x0020eba4        0x0 contiki-mist-cc2538dk.a(uart.o)
 .v4_bx         0x0020eba4        0x0 contiki-mist-cc2538dk.a(watchdog.o)
 .v4_bx         0x0020eba4        0x0 contiki-mist-cc2538dk.a(nvic.o)
 .v4_bx         0x0020eba4        0x0 contiki-mist-cc2538dk.a(cpu.o)
 .v4_bx         0x0020eba4        0x0 contiki-mist-cc2538dk.a(sys-ctrl.o)
 .v4_bx         0x0020eba4        0x0 contiki-mist-cc2538dk.a(gpio.o)
 .v4_bx         0x0020eba4        0x0 contiki-mist-cc2538dk.a(ioc.o)
 .v4_bx         0x0020eba4        0x0 contiki-mist-cc2538dk.a(cc2538-rf.o)
 .v4_bx         0x0020eba4        0x0 contiki-mist-cc2538dk.a(udma.o)
 .v4_bx         0x0020eba4        0x0 contiki-mist-cc2538dk.a(lpm.o)
 .v4_bx         0x0020eba4        0x0 contiki-mist-cc2538dk.a(dbg.o)
 .v4_bx         0x0020eba4        0x0 contiki-mist-cc2538dk.a(ieee-addr.o)
 .v4_bx         0x0020eba4        0x0 contiki-mist-cc2538dk.a(dbg-printf.o)
 .v4_bx         0x0020eba4        0x0 contiki-mist-cc2538dk.a(strformat.o)
 .v4_bx         0x0020eba4        0x0 contiki-mist-cc2538dk.a(autostart.o)
 .v4_bx         0x0020eba4        0x0 contiki-mist-cc2538dk.a(ctimer.o)
 .v4_bx         0x0020eba4        0x0 contiki-mist-cc2538dk.a(energest.o)
 .v4_bx         0x0020eba4        0x0 contiki-mist-cc2538dk.a(etimer.o)
 .v4_bx         0x0020eba4        0x0 contiki-mist-cc2538dk.a(process.o)
 .v4_bx         0x0020eba4        0x0 contiki-mist-cc2538dk.a(rtimer.o)
 .v4_bx         0x0020eba4        0x0 contiki-mist-cc2538dk.a(timer.o)
 .v4_bx         0x0020eba4        0x0 contiki-mist-cc2538dk.a(serial-line.o)
 .v4_bx         0x0020eba4        0x0 contiki-mist-cc2538dk.a(list.o)
 .v4_bx         0x0020eba4        0x0 contiki-mist-cc2538dk.a(random.o)
 .v4_bx         0x0020eba4        0x0 contiki-mist-cc2538dk.a(ringbuf.o)
 .v4_bx         0x0020eba4        0x0 contiki-mist-cc2538dk.a(linkaddr.o)
 .v4_bx         0x0020eba4        0x0 contiki-mist-cc2538dk.a(netstack.o)
 .v4_bx         0x0020eba4        0x0 contiki-mist-cc2538dk.a(packetbuf.o)
 .v4_bx         0x0020eba4        0x0 contiki-mist-cc2538dk.a(queuebuf.o)
 .v4_bx         0x0020eba4        0x0 contiki-mist-cc2538dk.a(sicslowpan.o)
 .v4_bx         0x0020eba4        0x0 contiki-mist-cc2538dk.a(uip6.o)
 .v4_bx         0x0020eba4        0x0 contiki-mist-cc2538dk.a(uip-ds6.o)
 .v4_bx         0x0020eba4        0x0 contiki-mist-cc2538dk.a(uip-ds6-nbr.o)
 .v4_bx         0x0020eba4        0x0 contiki-mist-cc2538dk.a(uip-ds6-route.o)
 .v4_bx         0x0020eba4        0x0 contiki-mist-cc2538dk.a(uip-icmp6.o)
 .v4_bx         0x0020eba4        0x0 contiki-mist-cc2538dk.a(uip-nd6.o)
 .v4_bx         0x0020eba4        0x0 contiki-mist-cc2538dk.a(csma.o)
 .v4_bx         0x0020eba4        0x0 contiki-mist-cc2538dk.a(framer-802154.o)
 .v4_bx         0x0020eba4        0x0 contiki-mist-cc2538dk.a(mac.o)
 .v4_bx         0x0020eba4        0x0 contiki-mist-cc2538dk.a(tcpip.o)
 .v4_bx         0x0020eba4        0x0 contiki-mist-cc2538dk.a(uip-debug.o)
 .v4_bx         0x0020eba4        0x0 contiki-mist-cc2538dk.a(rpl.o)
 .v4_bx         0x0020eba4        0x0 contiki-mist-cc2538dk.a(rpl-dag.o)
 .v4_bx         0x0020eba4        0x0 contiki-mist-cc2538dk.a(rpl-ext-header.)
 .v4_bx         0x0020eba4        0x0 contiki-mist-cc2538dk.a(rpl-icmp6.o)
 .v4_bx         0x0020eba4        0x0 contiki-mist-cc2538dk.a(rpl-mrhof.o)
 .v4_bx         0x0020eba4        0x0 contiki-mist-cc2538dk.a(rpl-timers.o)
 .v4_bx         0x0020eba4        0x0 contiki-mist-cc2538dk.a(contikimac.o)
 .v4_bx         0x0020eba4        0x0 contiki-mist-cc2538dk.a(netstack-aes.o)
 .v4_bx         0x0020eba4        0x0 contiki-mist-cc2538dk.a(stimer.o)
 .v4_bx         0x0020eba4        0x0 contiki-mist-cc2538dk.a(memb.o)
 .v4_bx         0x0020eba4        0x0 contiki-mist-cc2538dk.a(nbr-table.o)
 .v4_bx         0x0020eba4        0x0 contiki-mist-cc2538dk.a(frame802154.o)
 .v4_bx         0x0020eba4        0x0 contiki-mist-cc2538dk.a(mac-sequence.o)
 .v4_bx         0x0020eba4        0x0 contiki-mist-cc2538dk.a(aes-ccm.o)
 .v4_bx         0x0020eba4        0x0 contiki-mist-cc2538dk.a(aes.o)
 .v4_bx         0x0020eba4        0x0 /home/user/CodeSourcery/Sourcery_G++_Lite/bin/../lib/gcc/arm-none-eabi/4.3.2/thumb2/libgcc.a(_aeabi_uldivmod.o)
 .v4_bx         0x0020eba4        0x0 /home/user/CodeSourcery/Sourcery_G++_Lite/bin/../lib/gcc/arm-none-eabi/4.3.2/thumb2/libgcc.a(bpabi.o)
 .v4_bx         0x0020eba4        0x0 /home/user/CodeSourcery/Sourcery_G++_Lite/bin/../lib/gcc/arm-none-eabi/4.3.2/thumb2/libgcc.a(_dvmd_tls.o)
 .v4_bx         0x0020eba4        0x0 /home/user/CodeSourcery/Sourcery_G++_Lite/bin/../lib/gcc/arm-none-eabi/4.3.2/thumb2/libgcc.a(_divdi3.o)
 .v4_bx         0x0020eba4        0x0 /home/user/CodeSourcery/Sourcery_G++_Lite/bin/../lib/gcc/arm-none-eabi/4.3.2/thumb2/libgcc.a(_udivdi3.o)
 .v4_bx         0x0020eba4        0x0 /home/user/CodeSourcery/Sourcery_G++_Lite/bin/../lib/gcc/arm-none-eabi/4.3.2/thumb2/libgcc.a(_udivsi3.o)
 .v4_bx         0x0020eba4        0x0 /home/user/CodeSourcery/Sourcery_G++_Lite/bin/../lib/gcc/arm-none-eabi/4.3.2/thumb2/libgcc.a(_clz.o)
 .v4_bx         0x0020eba4        0x0 /home/user/CodeSourcery/Sourcery_G++_Lite/bin/../lib/gcc/arm-none-eabi/4.3.2/../../../../arm-none-eabi/lib/thumb2/libc.a(lib_a-memcmp.o)
 .v4_bx         0x0020eba4        0x0 /home/user/CodeSourcery/Sourcery_G++_Lite/bin/../lib/gcc/arm-none-eabi/4.3.2/../../../../arm-none-eabi/lib/thumb2/libc.a(lib_a-memcpy.o)
 .v4_bx         0x0020eba4        0x0 /home/user/CodeSourcery/Sourcery_G++_Lite/bin/../lib/gcc/arm-none-eabi/4.3.2/../../../../arm-none-eabi/lib/thumb2/libc.a(lib_a-memmove.o)
 .v4_bx         0x0020eba4        0x0 /home/user/CodeSourcery/Sourcery_G++_Lite/bin/../lib/gcc/arm-none-eabi/4.3.2/../../../../arm-none-eabi/lib/thumb2/libc.a(lib_a-memset.o)
 .v4_bx         0x0020eba4        0x0 /home/user/CodeSourcery/Sourcery_G++_Lite/bin/../lib/gcc/arm-none-eabi/4.3.2/../../../../arm-none-eabi/lib/thumb2/libc.a(lib_a-strlen.o)
 .v4_bx         0x0020eba4        0x0 /home/user/CodeSourcery/Sourcery_G++_Lite/bin/../lib/gcc/arm-none-eabi/4.3.2/../../../../arm-none-eabi/lib/thumb2/libc.a(lib_a-strncmp.o)

.socdata        0x20000000       0x40
 *(.udma_channel_control_table)
 .udma_channel_control_table
                0x20000000       0x40 contiki-mist-cc2538dk.a(udma.o)

.data           0x20000040      0x164 load address 0x0020eba3
                0x20000040                _data = .
 *(.data*)
 .data          0x20000040        0x0 obj_mist-cc2538dk/startup-gcc.o
 .data          0x20000040       0x10 hello-world.co
                0x20000040                hello_world_process
 .data          0x20000050        0x0 contiki-mist-cc2538dk.a(contiki-mist-cc)
 .data          0x20000050        0x0 contiki-mist-cc2538dk.a(leds.o)
 .data          0x20000050        0x0 contiki-mist-cc2538dk.a(leds-arch.o)
 .data          0x20000050       0x10 contiki-mist-cc2538dk.a(sensors.o)
                0x20000050                sensors_process
 .data          0x20000060       0x18 contiki-mist-cc2538dk.a(smartrf-sensors)
                0x20000060                sensors
 .data          0x20000078        0x0 contiki-mist-cc2538dk.a(button-sensor.o)
 .data          0x20000078        0x1 contiki-mist-cc2538dk.a(clock.o)
 .data          0x20000079        0x0 contiki-mist-cc2538dk.a(rtimer-arch.o)
 .data          0x20000079        0x0 contiki-mist-cc2538dk.a(uart.o)
 .data          0x20000079        0x0 contiki-mist-cc2538dk.a(watchdog.o)
 .data          0x20000079        0x0 contiki-mist-cc2538dk.a(nvic.o)
 .data          0x20000079        0x0 contiki-mist-cc2538dk.a(cpu.o)
 .data          0x20000079        0x0 contiki-mist-cc2538dk.a(sys-ctrl.o)
 .data          0x20000079        0x0 contiki-mist-cc2538dk.a(gpio.o)
 .data          0x20000079        0x0 contiki-mist-cc2538dk.a(ioc.o)
 *fill*         0x20000079        0x3 00
 .data          0x2000007c       0x10 contiki-mist-cc2538dk.a(cc2538-rf.o)
                0x2000007c                cc2538_rf_process
 .data          0x2000008c        0x0 contiki-mist-cc2538dk.a(udma.o)
 .data          0x2000008c        0x0 contiki-mist-cc2538dk.a(lpm.o)
 .data          0x2000008c        0x0 contiki-mist-cc2538dk.a(dbg.o)
 .data          0x2000008c        0x0 contiki-mist-cc2538dk.a(ieee-addr.o)
 .data          0x2000008c        0x8 contiki-mist-cc2538dk.a(dbg-printf.o)
 .data          0x20000094        0x0 contiki-mist-cc2538dk.a(strformat.o)
 .data          0x20000094        0x0 contiki-mist-cc2538dk.a(autostart.o)
 .data          0x20000094       0x10 contiki-mist-cc2538dk.a(ctimer.o)
                0x20000094                ctimer_process
 .data          0x200000a4        0x0 contiki-mist-cc2538dk.a(energest.o)
 .data          0x200000a4       0x10 contiki-mist-cc2538dk.a(etimer.o)
                0x200000a4                etimer_process
 .data          0x200000b4        0x0 contiki-mist-cc2538dk.a(process.o)
 .data          0x200000b4        0x0 contiki-mist-cc2538dk.a(rtimer.o)
 .data          0x200000b4        0x0 contiki-mist-cc2538dk.a(timer.o)
 .data          0x200000b4       0x10 contiki-mist-cc2538dk.a(serial-line.o)
                0x200000b4                serial_line_process
 .data          0x200000c4        0x0 contiki-mist-cc2538dk.a(list.o)
 .data          0x200000c4        0x0 contiki-mist-cc2538dk.a(random.o)
 .data          0x200000c4        0x0 contiki-mist-cc2538dk.a(ringbuf.o)
 .data          0x200000c4        0x0 contiki-mist-cc2538dk.a(linkaddr.o)
 .data          0x200000c4        0x0 contiki-mist-cc2538dk.a(netstack.o)
 .data          0x200000c4        0x0 contiki-mist-cc2538dk.a(packetbuf.o)
 .data          0x200000c4       0x24 contiki-mist-cc2538dk.a(queuebuf.o)
 .data          0x200000e8        0x0 contiki-mist-cc2538dk.a(sicslowpan.o)
 .data          0x200000e8        0x0 contiki-mist-cc2538dk.a(uip6.o)
 .data          0x200000e8        0x0 contiki-mist-cc2538dk.a(uip-ds6.o)
 .data          0x200000e8       0x14 contiki-mist-cc2538dk.a(uip-ds6-nbr.o)
                0x200000e8                ds6_neighbors
 .data          0x200000fc       0x34 contiki-mist-cc2538dk.a(uip-ds6-route.o)
 .data          0x20000130        0x0 contiki-mist-cc2538dk.a(uip-icmp6.o)
 .data          0x20000130        0x0 contiki-mist-cc2538dk.a(uip-nd6.o)
 .data          0x20000130       0x24 contiki-mist-cc2538dk.a(csma.o)
 .data          0x20000154        0x0 contiki-mist-cc2538dk.a(framer-802154.o)
 .data          0x20000154        0x0 contiki-mist-cc2538dk.a(mac.o)
 .data          0x20000154       0x10 contiki-mist-cc2538dk.a(tcpip.o)
                0x20000154                tcpip_process
 .data          0x20000164        0x0 contiki-mist-cc2538dk.a(uip-debug.o)
 .data          0x20000164        0x0 contiki-mist-cc2538dk.a(rpl.o)
 .data          0x20000164       0x10 contiki-mist-cc2538dk.a(rpl-dag.o)
 .data          0x20000174        0x0 contiki-mist-cc2538dk.a(rpl-ext-header.)
 .data          0x20000174        0x1 contiki-mist-cc2538dk.a(rpl-icmp6.o)
 *fill*         0x20000175        0x3 00
 .data          0x20000178       0x1c contiki-mist-cc2538dk.a(rpl-mrhof.o)
                0x20000178                rpl_mrhof
 .data          0x20000194        0x0 contiki-mist-cc2538dk.a(rpl-timers.o)
 .data          0x20000194        0x0 contiki-mist-cc2538dk.a(contikimac.o)
 .data          0x20000194        0x1 contiki-mist-cc2538dk.a(netstack-aes.o)
 .data          0x20000195        0x0 contiki-mist-cc2538dk.a(stimer.o)
 .data          0x20000195        0x0 contiki-mist-cc2538dk.a(memb.o)
 *fill*         0x20000195        0x3 00
 .data          0x20000198        0xc contiki-mist-cc2538dk.a(nbr-table.o)
 .data          0x200001a4        0x0 contiki-mist-cc2538dk.a(frame802154.o)
 .data          0x200001a4        0x0 contiki-mist-cc2538dk.a(mac-sequence.o)
 .data          0x200001a4        0x0 contiki-mist-cc2538dk.a(aes-ccm.o)
 .data          0x200001a4        0x0 contiki-mist-cc2538dk.a(aes.o)
 .data          0x200001a4        0x0 /home/user/CodeSourcery/Sourcery_G++_Lite/bin/../lib/gcc/arm-none-eabi/4.3.2/thumb2/libgcc.a(_aeabi_uldivmod.o)
 .data          0x200001a4        0x0 /home/user/CodeSourcery/Sourcery_G++_Lite/bin/../lib/gcc/arm-none-eabi/4.3.2/thumb2/libgcc.a(bpabi.o)
 .data          0x200001a4        0x0 /home/user/CodeSourcery/Sourcery_G++_Lite/bin/../lib/gcc/arm-none-eabi/4.3.2/thumb2/libgcc.a(_dvmd_tls.o)
 .data          0x200001a4        0x0 /home/user/CodeSourcery/Sourcery_G++_Lite/bin/../lib/gcc/arm-none-eabi/4.3.2/thumb2/libgcc.a(_divdi3.o)
 .data          0x200001a4        0x0 /home/user/CodeSourcery/Sourcery_G++_Lite/bin/../lib/gcc/arm-none-eabi/4.3.2/thumb2/libgcc.a(_udivdi3.o)
 .data          0x200001a4        0x0 /home/user/CodeSourcery/Sourcery_G++_Lite/bin/../lib/gcc/arm-none-eabi/4.3.2/thumb2/libgcc.a(_udivsi3.o)
 .data          0x200001a4        0x0 /home/user/CodeSourcery/Sourcery_G++_Lite/bin/../lib/gcc/arm-none-eabi/4.3.2/thumb2/libgcc.a(_clz.o)
 .data          0x200001a4        0x0 /home/user/CodeSourcery/Sourcery_G++_Lite/bin/../lib/gcc/arm-none-eabi/4.3.2/../../../../arm-none-eabi/lib/thumb2/libc.a(lib_a-memcmp.o)
 .data          0x200001a4        0x0 /home/user/CodeSourcery/Sourcery_G++_Lite/bin/../lib/gcc/arm-none-eabi/4.3.2/../../../../arm-none-eabi/lib/thumb2/libc.a(lib_a-memcpy.o)
 .data          0x200001a4        0x0 /home/user/CodeSourcery/Sourcery_G++_Lite/bin/../lib/gcc/arm-none-eabi/4.3.2/../../../../arm-none-eabi/lib/thumb2/libc.a(lib_a-memmove.o)
 .data          0x200001a4        0x0 /home/user/CodeSourcery/Sourcery_G++_Lite/bin/../lib/gcc/arm-none-eabi/4.3.2/../../../../arm-none-eabi/lib/thumb2/libc.a(lib_a-memset.o)
 .data          0x200001a4        0x0 /home/user/CodeSourcery/Sourcery_G++_Lite/bin/../lib/gcc/arm-none-eabi/4.3.2/../../../../arm-none-eabi/lib/thumb2/libc.a(lib_a-strlen.o)
 .data          0x200001a4        0x0 /home/user/CodeSourcery/Sourcery_G++_Lite/bin/../lib/gcc/arm-none-eabi/4.3.2/../../../../arm-none-eabi/lib/thumb2/libc.a(lib_a-strncmp.o)
                0x200001a4                _edata = .

.ARM.exidx      0x0020ed08       0x10
 *(.ARM.exidx*)
 .ARM.exidx     0x0020ed08        0x8 /home/user/CodeSourcery/Sourcery_G++_Lite/bin/../lib/gcc/arm-none-eabi/4.3.2/thumb2/libgcc.a(_divdi3.o)
 .ARM.exidx     0x0020ed10        0x8 /home/user/CodeSourcery/Sourcery_G++_Lite/bin/../lib/gcc/arm-none-eabi/4.3.2/thumb2/libgcc.a(_udivdi3.o)

.bss            0x200001a4     0x32f8
                0x200001a4                _bss = .
 *(.bss*)
 .bss           0x200001a4      0x800 obj_mist-cc2538dk/startup-gcc.o
 .bss           0x200009a4        0x0 hello-world.co
 .bss           0x200009a4        0x0 contiki-mist-cc2538dk.a(contiki-mist-cc)
 .bss           0x200009a4        0x2 contiki-mist-cc2538dk.a(leds.o)
 .bss           0x200009a6        0x0 contiki-mist-cc2538dk.a(leds-arch.o)
 *fill*         0x200009a6        0x2 00
 .bss           0x200009a8        0xc contiki-mist-cc2538dk.a(sensors.o)
 .bss           0x200009b4        0x0 contiki-mist-cc2538dk.a(smartrf-sensors)
 .bss           0x200009b4        0x8 contiki-mist-cc2538dk.a(button-sensor.o)
 .bss           0x200009bc        0x8 contiki-mist-cc2538dk.a(clock.o)
 .bss           0x200009c4        0x4 contiki-mist-cc2538dk.a(rtimer-arch.o)
 .bss           0x200009c8        0x4 contiki-mist-cc2538dk.a(uart.o)
 .bss           0x200009cc        0x0 contiki-mist-cc2538dk.a(watchdog.o)
 .bss           0x200009cc       0x10 contiki-mist-cc2538dk.a(nvic.o)
 .bss           0x200009dc        0x0 contiki-mist-cc2538dk.a(cpu.o)
 .bss           0x200009dc        0x0 contiki-mist-cc2538dk.a(sys-ctrl.o)
 .bss           0x200009dc       0x80 contiki-mist-cc2538dk.a(gpio.o)
 .bss           0x20000a5c        0x8 contiki-mist-cc2538dk.a(ioc.o)
 .bss           0x20000a64        0x1 contiki-mist-cc2538dk.a(cc2538-rf.o)
 .bss           0x20000a65        0x0 contiki-mist-cc2538dk.a(udma.o)
 *fill*         0x20000a65        0x3 00
 .bss           0x20000a68       0x10 contiki-mist-cc2538dk.a(lpm.o)
 .bss           0x20000a78        0x0 contiki-mist-cc2538dk.a(dbg.o)
 .bss           0x20000a78        0x0 contiki-mist-cc2538dk.a(ieee-addr.o)
 .bss           0x20000a78        0x0 contiki-mist-cc2538dk.a(dbg-printf.o)
 .bss           0x20000a78        0x0 contiki-mist-cc2538dk.a(strformat.o)
 .bss           0x20000a78        0x0 contiki-mist-cc2538dk.a(autostart.o)
 .bss           0x20000a78        0x8 contiki-mist-cc2538dk.a(ctimer.o)
 .bss           0x20000a80        0x0 contiki-mist-cc2538dk.a(energest.o)
 .bss           0x20000a80        0x8 contiki-mist-cc2538dk.a(etimer.o)
 .bss           0x20000a88      0x1a4 contiki-mist-cc2538dk.a(process.o)
                0x20000a90                process_list
                0x20000a8c                process_current
 .bss           0x20000c2c        0x4 contiki-mist-cc2538dk.a(rtimer.o)
 .bss           0x20000c30        0x0 contiki-mist-cc2538dk.a(timer.o)
 .bss           0x20000c30      0x110 contiki-mist-cc2538dk.a(serial-line.o)
 .bss           0x20000d40        0x0 contiki-mist-cc2538dk.a(list.o)
 .bss           0x20000d40        0x0 contiki-mist-cc2538dk.a(random.o)
 .bss           0x20000d40        0x0 contiki-mist-cc2538dk.a(ringbuf.o)
 .bss           0x20000d40        0x0 contiki-mist-cc2538dk.a(linkaddr.o)
 .bss           0x20000d40        0x0 contiki-mist-cc2538dk.a(netstack.o)
 .bss           0x20000d40       0xc0 contiki-mist-cc2538dk.a(packetbuf.o)
 .bss           0x20000e00      0x73c contiki-mist-cc2538dk.a(queuebuf.o)
 .bss           0x2000153c      0x554 contiki-mist-cc2538dk.a(sicslowpan.o)
 .bss           0x20001a90       0x10 contiki-mist-cc2538dk.a(uip6.o)
                0x20001a9a                uip_ext_bitmap
                0x20001a90                uip_ext_len
                0x20001a99                uip_ext_opt_offset
 .bss           0x20001aa0       0x20 contiki-mist-cc2538dk.a(uip-ds6.o)
 .bss           0x20001ac0      0x2d0 contiki-mist-cc2538dk.a(uip-ds6-nbr.o)
 .bss           0x20001d90      0x4dc contiki-mist-cc2538dk.a(uip-ds6-route.o)
 .bss           0x2000226c       0x14 contiki-mist-cc2538dk.a(uip-icmp6.o)
 .bss           0x20002280       0x14 contiki-mist-cc2538dk.a(uip-nd6.o)
 .bss           0x20002294      0x14c contiki-mist-cc2538dk.a(csma.o)
 .bss           0x200023e0        0x2 contiki-mist-cc2538dk.a(framer-802154.o)
 .bss           0x200023e2        0x0 contiki-mist-cc2538dk.a(mac.o)
 *fill*         0x200023e2        0x2 00
 .bss           0x200023e4       0x60 contiki-mist-cc2538dk.a(tcpip.o)
 .bss           0x20002444        0x0 contiki-mist-cc2538dk.a(uip-debug.o)
 .bss           0x20002444        0x1 contiki-mist-cc2538dk.a(rpl.o)
 *fill*         0x20002445        0x3 00
 .bss           0x20002448      0x140 contiki-mist-cc2538dk.a(rpl-dag.o)
 .bss           0x20002588        0x0 contiki-mist-cc2538dk.a(rpl-ext-header.)
 .bss           0x20002588        0x0 contiki-mist-cc2538dk.a(rpl-icmp6.o)
 .bss           0x20002588        0x0 contiki-mist-cc2538dk.a(rpl-mrhof.o)
 .bss           0x20002588       0x28 contiki-mist-cc2538dk.a(rpl-timers.o)
 .bss           0x200025b0       0x50 contiki-mist-cc2538dk.a(contikimac.o)
 .bss           0x20002600       0x95 contiki-mist-cc2538dk.a(netstack-aes.o)
 .bss           0x20002695        0x0 contiki-mist-cc2538dk.a(stimer.o)
 .bss           0x20002695        0x0 contiki-mist-cc2538dk.a(memb.o)
 *fill*         0x20002695        0x3 00
 .bss           0x20002698      0x154 contiki-mist-cc2538dk.a(nbr-table.o)
 .bss           0x200027ec        0x0 contiki-mist-cc2538dk.a(frame802154.o)
 .bss           0x200027ec       0x90 contiki-mist-cc2538dk.a(mac-sequence.o)
 .bss           0x2000287c       0x10 contiki-mist-cc2538dk.a(aes-ccm.o)
 .bss           0x2000288c       0xb0 contiki-mist-cc2538dk.a(aes.o)
 .bss           0x2000293c        0x0 /home/user/CodeSourcery/Sourcery_G++_Lite/bin/../lib/gcc/arm-none-eabi/4.3.2/thumb2/libgcc.a(_aeabi_uldivmod.o)
 .bss           0x2000293c        0x0 /home/user/CodeSourcery/Sourcery_G++_Lite/bin/../lib/gcc/arm-none-eabi/4.3.2/thumb2/libgcc.a(bpabi.o)
 .bss           0x2000293c        0x0 /home/user/CodeSourcery/Sourcery_G++_Lite/bin/../lib/gcc/arm-none-eabi/4.3.2/thumb2/libgcc.a(_dvmd_tls.o)
 .bss           0x2000293c        0x0 /home/user/CodeSourcery/Sourcery_G++_Lite/bin/../lib/gcc/arm-none-eabi/4.3.2/thumb2/libgcc.a(_divdi3.o)
 .bss           0x2000293c        0x0 /home/user/CodeSourcery/Sourcery_G++_Lite/bin/../lib/gcc/arm-none-eabi/4.3.2/thumb2/libgcc.a(_udivdi3.o)
 .bss           0x2000293c        0x0 /home/user/CodeSourcery/Sourcery_G++_Lite/bin/../lib/gcc/arm-none-eabi/4.3.2/thumb2/libgcc.a(_udivsi3.o)
 .bss           0x2000293c        0x0 /home/user/CodeSourcery/Sourcery_G++_Lite/bin/../lib/gcc/arm-none-eabi/4.3.2/thumb2/libgcc.a(_clz.o)
 .bss           0x2000293c        0x0 /home/user/CodeSourcery/Sourcery_G++_Lite/bin/../lib/gcc/arm-none-eabi/4.3.2/../../../../arm-none-eabi/lib/thumb2/libc.a(lib_a-memcmp.o)
 .bss           0x2000293c        0x0 /home/user/CodeSourcery/Sourcery_G++_Lite/bin/../lib/gcc/arm-none-eabi/4.3.2/../../../../arm-none-eabi/lib/thumb2/libc.a(lib_a-memcpy.o)
 .bss           0x2000293c        0x0 /home/user/CodeSourcery/Sourcery_G++_Lite/bin/../lib/gcc/arm-none-eabi/4.3.2/../../../../arm-none-eabi/lib/thumb2/libc.a(lib_a-memmove.o)
 .bss           0x2000293c        0x0 /home/user/CodeSourcery/Sourcery_G++_Lite/bin/../lib/gcc/arm-none-eabi/4.3.2/../../../../arm-none-eabi/lib/thumb2/libc.a(lib_a-memset.o)
 .bss           0x2000293c        0x0 /home/user/CodeSourcery/Sourcery_G++_Lite/bin/../lib/gcc/arm-none-eabi/4.3.2/../../../../arm-none-eabi/lib/thumb2/libc.a(lib_a-strlen.o)
 .bss           0x2000293c        0x0 /home/user/CodeSourcery/Sourcery_G++_Lite/bin/../lib/gcc/arm-none-eabi/4.3.2/../../../../arm-none-eabi/lib/thumb2/libc.a(lib_a-strncmp.o)
 *(COMMON)
 COMMON         0x2000293c        0x1 contiki-mist-cc2538dk.a(sensors.o)
                0x2000293c                sensors_event
 COMMON         0x2000293d        0x6 contiki-mist-cc2538dk.a(smartrf-sensors)
                0x2000293d                sensors_flags
 COMMON         0x20002943        0x1 contiki-mist-cc2538dk.a(serial-line.o)
                0x20002943                serial_line_event_message
 COMMON         0x20002944        0x8 contiki-mist-cc2538dk.a(linkaddr.o)
                0x20002944                linkaddr_node_addr
 COMMON         0x2000294c       0x50 contiki-mist-cc2538dk.a(packetbuf.o)
                0x2000294c                packetbuf_addrs
                0x2000296c                packetbuf_attrs
 COMMON         0x2000299c        0x8 contiki-mist-cc2538dk.a(sicslowpan.o)
                0x2000299c                frag_sender
 COMMON         0x200029a4      0x878 contiki-mist-cc2538dk.a(uip6.o)
                0x200029a4                uip_len
                0x200029a8                uip_sappdata
                0x200029ac                uip_acc32
                0x200029b0                uip_lladdr
                0x200029b8                uip_aligned_buf
                0x20002ecc                uip_flags
                0x20002ed0                uip_next_hdr
                0x20002ed4                uip_udp_conn
                0x20002ed8                uip_appdata
                0x20002edc                uip_conn
                0x20002ee0                uip_conns
                0x200030c0                uip_icmp6_conns
                0x200030c8                uip_listenports
                0x200030d8                uip_slen
                0x200030dc                uip_udp_conns
 COMMON         0x2000321c      0x174 contiki-mist-cc2538dk.a(uip-ds6.o)
                0x2000321c                uip_ds6_timer_ra
                0x20003224                uip_ds6_if
                0x2000331c                uip_ds6_netif_addr_list_offset
                0x2000331d                uip_ds6_addr_size
                0x20003320                uip_ds6_prefix_list
                0x20003380                uip_ds6_timer_periodic
 COMMON         0x20003390        0x2 contiki-mist-cc2538dk.a(tcpip.o)
                0x20003390                tcpip_event
                0x20003391                tcpip_icmp6_event
 *fill*         0x20003392        0x2 00
 COMMON         0x20003394      0x108 contiki-mist-cc2538dk.a(rpl-dag.o)
                0x20003394                default_instance
                0x20003398                instance_table
                0x2000349c                _ebss = .

.flashcca       0x0027ffd4       0x2c
 *(.flashcca)
 .flashcca      0x0027ffd4       0x2c obj_mist-cc2538dk/startup-gcc.o
                0x0027ffd4                __cca
OUTPUT(hello-world.mist-cc2538dk elf32-littlearm)

.ARM.extab      0x0020ed18        0x0 load address 0x00280000
 .ARM.extab     0x0020ed18        0x0 /home/user/CodeSourcery/Sourcery_G++_Lite/bin/../lib/gcc/arm-none-eabi/4.3.2/thumb2/libgcc.a(_divdi3.o)
 .ARM.extab     0x0020ed18        0x0 /home/user/CodeSourcery/Sourcery_G++_Lite/bin/../lib/gcc/arm-none-eabi/4.3.2/thumb2/libgcc.a(_udivdi3.o)

.comment        0x00000000      0xad4
 .comment       0x00000000       0x2a obj_mist-cc2538dk/startup-gcc.o
 .comment       0x0000002a       0x2a hello-world.co
 .comment       0x00000054       0x2a contiki-mist-cc2538dk.a(contiki-mist-cc)
 .comment       0x0000007e       0x2a contiki-mist-cc2538dk.a(leds.o)
 .comment       0x000000a8       0x2a contiki-mist-cc2538dk.a(leds-arch.o)
 .comment       0x000000d2       0x2a contiki-mist-cc2538dk.a(sensors.o)
 .comment       0x000000fc       0x2a contiki-mist-cc2538dk.a(smartrf-sensors)
 .comment       0x00000126       0x2a contiki-mist-cc2538dk.a(button-sensor.o)
 .comment       0x00000150       0x2a contiki-mist-cc2538dk.a(clock.o)
 .comment       0x0000017a       0x2a contiki-mist-cc2538dk.a(rtimer-arch.o)
 .comment       0x000001a4       0x2a contiki-mist-cc2538dk.a(uart.o)
 .comment       0x000001ce       0x2a contiki-mist-cc2538dk.a(watchdog.o)
 .comment       0x000001f8       0x2a contiki-mist-cc2538dk.a(nvic.o)
 .comment       0x00000222       0x2a contiki-mist-cc2538dk.a(cpu.o)
 .comment       0x0000024c       0x2a contiki-mist-cc2538dk.a(sys-ctrl.o)
 .comment       0x00000276       0x2a contiki-mist-cc2538dk.a(gpio.o)
 .comment       0x000002a0       0x2a contiki-mist-cc2538dk.a(ioc.o)
 .comment       0x000002ca       0x2a contiki-mist-cc2538dk.a(cc2538-rf.o)
 .comment       0x000002f4       0x2a contiki-mist-cc2538dk.a(udma.o)
 .comment       0x0000031e       0x2a contiki-mist-cc2538dk.a(lpm.o)
 .comment       0x00000348       0x2a contiki-mist-cc2538dk.a(dbg.o)
 .comment       0x00000372       0x2a contiki-mist-cc2538dk.a(ieee-addr.o)
 .comment       0x0000039c       0x2a contiki-mist-cc2538dk.a(dbg-printf.o)
 .comment       0x000003c6       0x2a contiki-mist-cc2538dk.a(strformat.o)
 .comment       0x000003f0       0x2a contiki-mist-cc2538dk.a(autostart.o)
 .comment       0x0000041a       0x2a contiki-mist-cc2538dk.a(ctimer.o)
 .comment       0x00000444       0x2a contiki-mist-cc2538dk.a(energest.o)
 .comment       0x0000046e       0x2a contiki-mist-cc2538dk.a(etimer.o)
 .comment       0x00000498       0x2a contiki-mist-cc2538dk.a(process.o)
 .comment       0x000004c2       0x2a contiki-mist-cc2538dk.a(rtimer.o)
 .comment       0x000004ec       0x2a contiki-mist-cc2538dk.a(timer.o)
 .comment       0x00000516       0x2a contiki-mist-cc2538dk.a(serial-line.o)
 .comment       0x00000540       0x2a contiki-mist-cc2538dk.a(list.o)
 .comment       0x0000056a       0x2a contiki-mist-cc2538dk.a(random.o)
 .comment       0x00000594       0x2a contiki-mist-cc2538dk.a(ringbuf.o)
 .comment       0x000005be       0x2a contiki-mist-cc2538dk.a(linkaddr.o)
 .comment       0x000005e8       0x2a contiki-mist-cc2538dk.a(netstack.o)
 .comment       0x00000612       0x2a contiki-mist-cc2538dk.a(packetbuf.o)
 .comment       0x0000063c       0x2a contiki-mist-cc2538dk.a(queuebuf.o)
 .comment       0x00000666       0x2a contiki-mist-cc2538dk.a(sicslowpan.o)
 .comment       0x00000690       0x2a contiki-mist-cc2538dk.a(uip6.o)
 .comment       0x000006ba       0x2a contiki-mist-cc2538dk.a(uip-ds6.o)
 .comment       0x000006e4       0x2a contiki-mist-cc2538dk.a(uip-ds6-nbr.o)